Component: ARM Compiler 5.06 update 1 (build 61) Tool: armlink [4d35a8]

==============================================================================

Section Cross References

    main.o(i.assert_nrf_callback) refers to app_error.o(i.app_error_handler) for app_error_handler
    main.o(i.ble_evt_dispatch) refers to ble_conn_params.o(i.ble_conn_params_on_ble_evt) for ble_conn_params_on_ble_evt
    main.o(i.ble_evt_dispatch) refers to ble_nus.o(i.ble_nus_on_ble_evt) for ble_nus_on_ble_evt
    main.o(i.ble_evt_dispatch) refers to main.o(i.on_ble_evt) for on_ble_evt
    main.o(i.ble_evt_dispatch) refers to ble_advertising.o(i.ble_advertising_on_ble_evt) for ble_advertising_on_ble_evt
    main.o(i.ble_evt_dispatch) refers to bsp_btn_ble.o(i.bsp_btn_ble_on_ble_evt) for bsp_btn_ble_on_ble_evt
    main.o(i.ble_evt_dispatch) refers to main.o(.bss) for .bss
    main.o(i.ble_stack_init) refers to softdevice_handler.o(i.softdevice_handler_init) for softdevice_handler_init
    main.o(i.ble_stack_init) refers to app_error.o(i.app_error_handler_bare) for app_error_handler_bare
    main.o(i.ble_stack_init) refers to softdevice_handler.o(i.softdevice_enable_get_default_config) for softdevice_enable_get_default_config
    main.o(i.ble_stack_init) refers to softdevice_handler.o(i.sd_check_ram_start) for sd_check_ram_start
    main.o(i.ble_stack_init) refers to softdevice_handler.o(i.softdevice_enable) for softdevice_enable
    main.o(i.ble_stack_init) refers to softdevice_handler.o(i.softdevice_ble_evt_handler_set) for softdevice_ble_evt_handler_set
    main.o(i.ble_stack_init) refers to main.o(.bss) for .bss
    main.o(i.ble_stack_init) refers to main.o(i.ble_evt_dispatch) for ble_evt_dispatch
    main.o(i.bsp_event_handler) refers to main.o(i.sleep_mode_enter) for sleep_mode_enter
    main.o(i.bsp_event_handler) refers to app_error.o(i.app_error_handler_bare) for app_error_handler_bare
    main.o(i.bsp_event_handler) refers to ble_advertising.o(i.ble_advertising_restart_without_whitelist) for ble_advertising_restart_without_whitelist
    main.o(i.bsp_event_handler) refers to main.o(.data) for .data
    main.o(i.conn_params_error_handler) refers to app_error.o(i.app_error_handler_bare) for app_error_handler_bare
    main.o(i.main) refers to app_timer.o(i.app_timer_init) for app_timer_init
    main.o(i.main) refers to app_error.o(i.app_error_handler_bare) for app_error_handler_bare
    main.o(i.main) refers to app_uart_fifo.o(i.app_uart_init) for app_uart_init
    main.o(i.main) refers to bsp.o(i.bsp_init) for bsp_init
    main.o(i.main) refers to bsp_btn_ble.o(i.bsp_btn_ble_init) for bsp_btn_ble_init
    main.o(i.main) refers to main.o(i.ble_stack_init) for ble_stack_init
    main.o(i.main) refers to ble_nus.o(i.ble_nus_init) for ble_nus_init
    main.o(i.main) refers to memseta.o(.text) for __aeabi_memclr4
    main.o(i.main) refers to ble_advertising.o(i.ble_advertising_init) for ble_advertising_init
    main.o(i.main) refers to ble_conn_params.o(i.ble_conn_params_init) for ble_conn_params_init
    main.o(i.main) refers to printfa.o(i.__0printf) for __2printf
    main.o(i.main) refers to ble_advertising.o(i.ble_advertising_start) for ble_advertising_start
    main.o(i.main) refers to main.o(.bss) for .bss
    main.o(i.main) refers to main.o(.constdata) for .constdata
    main.o(i.main) refers to main.o(i.uart_event_handle) for uart_event_handle
    main.o(i.main) refers to main.o(i.bsp_event_handler) for bsp_event_handler
    main.o(i.main) refers to main.o(i.nus_data_handler) for nus_data_handler
    main.o(i.main) refers to main.o(.data) for .data
    main.o(i.main) refers to main.o(i.on_adv_evt) for on_adv_evt
    main.o(i.main) refers to main.o(i.on_conn_params_evt) for on_conn_params_evt
    main.o(i.main) refers to main.o(i.conn_params_error_handler) for conn_params_error_handler
    main.o(i.nus_data_handler) refers to app_uart_fifo.o(i.app_uart_put) for app_uart_put
    main.o(i.nus_data_handler) refers to main.o(.data) for .data
    main.o(i.on_adv_evt) refers to bsp.o(i.bsp_indication_set) for bsp_indication_set
    main.o(i.on_adv_evt) refers to app_error.o(i.app_error_handler_bare) for app_error_handler_bare
    main.o(i.on_adv_evt) refers to main.o(i.sleep_mode_enter) for sleep_mode_enter
    main.o(i.on_ble_evt) refers to app_error.o(i.app_error_handler_bare) for app_error_handler_bare
    main.o(i.on_ble_evt) refers to bsp.o(i.bsp_indication_set) for bsp_indication_set
    main.o(i.on_ble_evt) refers to main.o(.data) for .data
    main.o(i.on_conn_params_evt) refers to app_error.o(i.app_error_handler_bare) for app_error_handler_bare
    main.o(i.on_conn_params_evt) refers to main.o(.data) for .data
    main.o(i.sleep_mode_enter) refers to bsp.o(i.bsp_indication_set) for bsp_indication_set
    main.o(i.sleep_mode_enter) refers to app_error.o(i.app_error_handler_bare) for app_error_handler_bare
[...]
    ../clib/microlib/init/entry.s            0x00000000   Number         0  entry7b.o ABSOLUTE
    ../clib/microlib/init/entry.s            0x00000000   Number         0  entry7a.o ABSOLUTE
    ../clib/microlib/init/entry.s            0x00000000   Number         0  entry5.o ABSOLUTE
    ../clib/microlib/init/entry.s            0x00000000   Number         0  entry11b.o ABSOLUTE
    ../clib/microlib/init/entry.s            0x00000000   Number         0  entry11a.o ABSOLUTE
    ../clib/microlib/init/entry.s            0x00000000   Number         0  entry10b.o ABSOLUTE
    ../clib/microlib/init/entry.s            0x00000000   Number         0  entry10a.o ABSOLUTE
    ../clib/microlib/longlong.c              0x00000000   Number         0  llushr.o ABSOLUTE
    ../clib/microlib/longlong.c              0x00000000   Number         0  llsshr.o ABSOLUTE
    ../clib/microlib/longlong.c              0x00000000   Number         0  llshl.o ABSOLUTE
    ../clib/microlib/printf/printf.c         0x00000000   Number         0  printf2.o ABSOLUTE
    ../clib/microlib/printf/printf.c         0x00000000   Number         0  printf1.o ABSOLUTE
    ../clib/microlib/printf/printf.c         0x00000000   Number         0  printf0.o ABSOLUTE
    ../clib/microlib/printf/printf.c         0x00000000   Number         0  printfb.o ABSOLUTE
    ../clib/microlib/printf/printf.c         0x00000000   Number         0  printf4.o ABSOLUTE
    ../clib/microlib/printf/printf.c         0x00000000   Number         0  printfa.o ABSOLUTE
    ../clib/microlib/printf/printf.c         0x00000000   Number         0  printf8.o ABSOLUTE
    ../clib/microlib/printf/printf.c         0x00000000   Number         0  printf7.o ABSOLUTE
    ../clib/microlib/printf/printf.c         0x00000000   Number         0  printf5.o ABSOLUTE
    ../clib/microlib/printf/printf.c         0x00000000   Number         0  printf3.o ABSOLUTE
    ../clib/microlib/printf/printf.c         0x00000000   Number         0  printf6.o ABSOLUTE
    ../clib/microlib/printf/stubs.s          0x00000000   Number         0  stubs.o ABSOLUTE
    ../clib/microlib/string/memcpy.c         0x00000000   Number         0  memcpya.o ABSOLUTE
    ../clib/microlib/string/memcpy.c         0x00000000   Number         0  memcpyb.o ABSOLUTE
    ../clib/microlib/string/memset.c         0x00000000   Number         0  memseta.o ABSOLUTE
    ../clib/microlib/string/strcpy.c         0x00000000   Number         0  strcpy.o ABSOLUTE
    ../clib/microlib/string/strlen.c         0x00000000   Number         0  strlen.o ABSOLUTE
    ../clib/microlib/stubs.s                 0x00000000   Number         0  iusefp.o ABSOLUTE
    ../fplib/microlib/fpadd.c                0x00000000   Number         0  dadd.o ABSOLUTE
    ../fplib/microlib/fpdiv.c                0x00000000   Number         0  ddiv.o ABSOLUTE
    ../fplib/microlib/fpepilogue.c           0x00000000   Number         0  depilogue.o ABSOLUTE
    ../fplib/microlib/fpfix.c                0x00000000   Number         0  dfixul.o ABSOLUTE
    ../fplib/microlib/fpmul.c                0x00000000   Number         0  dmul.o ABSOLUTE
    ..\..\..\..\..\..\components\ble\ble_advertising\ble_advertising.c 0x00000000   Number         0  ble_advertising.o ABSOLUTE
    ..\..\..\..\..\..\components\ble\ble_services\ble_nus\ble_nus.c 0x00000000   Number         0  ble_nus.o ABSOLUTE
    ..\..\..\..\..\..\components\ble\common\ble_advdata.c 0x00000000   Number         0  ble_advdata.o ABSOLUTE
    ..\..\..\..\..\..\components\ble\common\ble_conn_params.c 0x00000000   Number         0  ble_conn_params.o ABSOLUTE
    ..\..\..\..\..\..\components\ble\common\ble_srv_common.c 0x00000000   Number         0  ble_srv_common.o ABSOLUTE
    ..\..\..\..\..\..\components\drivers_ext\segger_rtt\RTT_Syscalls_KEIL.c 0x00000000   Number         0  rtt_syscalls_keil.o ABSOLUTE
    ..\..\..\..\..\..\components\drivers_ext\segger_rtt\SEGGER_RTT.c 0x00000000   Number         0  segger_rtt.o ABSOLUTE
    ..\..\..\..\..\..\components\drivers_ext\segger_rtt\SEGGER_RTT_printf.c 0x00000000   Number         0  segger_rtt_printf.o ABSOLUTE
    ..\..\..\..\..\..\components\drivers_nrf\common\nrf_drv_common.c 0x00000000   Number         0  nrf_drv_common.o ABSOLUTE
    ..\..\..\..\..\..\components\drivers_nrf\delay\nrf_delay.c 0x00000000   Number         0  nrf_delay.o ABSOLUTE
    ..\..\..\..\..\..\components\drivers_nrf\gpiote\nrf_drv_gpiote.c 0x00000000   Number         0  nrf_drv_gpiote.o ABSOLUTE
    ..\..\..\..\..\..\components\drivers_nrf\pstorage\pstorage.c 0x00000000   Number         0  pstorage.o ABSOLUTE
    ..\..\..\..\..\..\components\drivers_nrf\uart\nrf_drv_uart.c 0x00000000   Number         0  nrf_drv_uart.o ABSOLUTE
    ..\..\..\..\..\..\components\libraries\button\app_button.c 0x00000000   Number         0  app_button.o ABSOLUTE
    ..\..\..\..\..\..\components\libraries\fifo\app_fifo.c 0x00000000   Number         0  app_fifo.o ABSOLUTE
    ..\..\..\..\..\..\components\libraries\timer\app_timer.c 0x00000000   Number         0  app_timer.o ABSOLUTE
    ..\..\..\..\..\..\components\libraries\trace\app_trace.c 0x00000000   Number         0  app_trace.o ABSOLUTE
    ..\..\..\..\..\..\components\libraries\uart\app_uart_fifo.c 0x00000000   Number         0  app_uart_fifo.o ABSOLUTE
    ..\..\..\..\..\..\components\libraries\uart\retarget.c 0x00000000   Number         0  retarget.o ABSOLUTE
    ..\..\..\..\..\..\components\libraries\util\app_error.c 0x00000000   Number         0  app_error.o ABSOLUTE
    ..\..\..\..\..\..\components\libraries\util\nrf_assert.c 0x00000000   Number         0  nrf_assert.o ABSOLUTE
    ..\..\..\..\..\..\components\libraries\util\nrf_log.c 0x00000000   Number         0  nrf_log.o ABSOLUTE
    ..\..\..\..\..\..\components\softdevice\common\softdevice_handler\softdevice_handler.c 0x00000000   Number         0  softdevice_handler.o ABSOLUTE
    ..\..\..\..\..\bsp\bsp.c                 0x00000000   Number         0  bsp.o ABSOLUTE
    ..\..\..\..\..\bsp\bsp_btn_ble.c         0x00000000   Number         0  bsp_btn_ble.o ABSOLUTE
    ..\..\..\main.c                          0x00000000   Number         0  main.o ABSOLUTE
    ..\\..\\..\\..\\..\\..\\components\\ble\\ble_advertising\\ble_advertising.c 0x00000000   Number         0  ble_advertising.o ABSOLUTE
    ..\\..\\..\\..\\..\\..\\components\\ble\\ble_services\\ble_nus\\ble_nus.c 0x00000000   Number         0  ble_nus.o ABSOLUTE
    ..\\..\\..\\..\\..\\..\\components\\ble\\common\\ble_advdata.c 0x00000000   Number         0  ble_advdata.o ABSOLUTE
    ..\\..\\..\\..\\..\\..\\components\\ble\\common\\ble_conn_params.c 0x00000000   Number         0  ble_conn_params.o ABSOLUTE
    ..\\..\\..\\..\\..\\..\\components\\ble\\common\\ble_srv_common.c 0x00000000   Number         0  ble_srv_common.o ABSOLUTE
    ..\\..\\..\\..\\..\\..\\components\\drivers_nrf\\common\\nrf_drv_common.c 0x00000000   Number         0  nrf_drv_common.o ABSOLUTE
    ..\\..\\..\\..\\..\\..\\components\\drivers_nrf\\delay\\nrf_delay.c 0x00000000   Number         0  nrf_delay.o ABSOLUTE
    ..\\..\\..\\..\\..\\..\\components\\drivers_nrf\\gpiote\\nrf_drv_gpiote.c 0x00000000   Number         0  nrf_drv_gpiote.o ABSOLUTE
    ..\\..\\..\\..\\..\\..\\components\\drivers_nrf\\pstorage\\pstorage.c 0x00000000   Number         0  pstorage.o ABSOLUTE
    ..\\..\\..\\..\\..\\..\\components\\drivers_nrf\\uart\\nrf_drv_uart.c 0x00000000   Number         0  nrf_drv_uart.o ABSOLUTE
    ..\\..\\..\\..\\..\\..\\components\\libraries\\button\\app_button.c 0x00000000   Number         0  app_button.o ABSOLUTE
    ..\\..\\..\\..\\..\\..\\components\\libraries\\fifo\\app_fifo.c 0x00000000   Number         0  app_fifo.o ABSOLUTE
    ..\\..\\..\\..\\..\\..\\components\\libraries\\timer\\app_timer.c 0x00000000   Number         0  app_timer.o ABSOLUTE
    ..\\..\\..\\..\\..\\..\\components\\libraries\\uart\\app_uart_fifo.c 0x00000000   Number         0  app_uart_fifo.o ABSOLUTE
    ..\\..\\..\\..\\..\\..\\components\\libraries\\uart\\retarget.c 0x00000000   Number         0  retarget.o ABSOLUTE
    ..\\..\\..\\..\\..\\..\\components\\libraries\\util\\app_error.c 0x00000000   Number         0  app_error.o ABSOLUTE
    ..\\..\\..\\..\\..\\..\\components\\libraries\\util\\nrf_assert.c 0x00000000   Number         0  nrf_assert.o ABSOLUTE
    ..\\..\\..\\..\\..\\..\\components\\libraries\\util\\nrf_log.c 0x00000000   Number         0  nrf_log.o ABSOLUTE
    ..\\..\\..\\..\\..\\..\\components\\softdevice\\common\\softdevice_handler\\softdevice_handler.c 0x00000000   Number         0  softdevice_handler.o ABSOLUTE
    ..\\..\\..\\..\\..\\bsp\\bsp.c           0x00000000   Number         0  bsp.o ABSOLUTE
    ..\\..\\..\\..\\..\\bsp\\bsp_btn_ble.c   0x00000000   Number         0  bsp_btn_ble.o ABSOLUTE
    ..\\..\\..\\main.c                       0x00000000   Number         0  main.o ABSOLUTE
    RTE\Device\nRF51422_xxAC\arm_startup_nrf51.s 0x00000000   Number         0  arm_startup_nrf51.o ABSOLUTE
    RTE\Device\nRF51422_xxAC\system_nrf51.c  0x00000000   Number         0  system_nrf51.o ABSOLUTE
    RTE\\Device\\nRF51422_xxAC\\system_nrf51.c 0x00000000   Number         0  system_nrf51.o ABSOLUTE
    cdrcmple.s                               0x00000000   Number         0  cdrcmple.o ABSOLUTE
    dc.s                                     0x00000000   Number         0  dc.o ABSOLUTE
    handlers.s                               0x00000000   Number         0  handlers.o ABSOLUTE
    init.s                                   0x00000000   Number         0  init.o ABSOLUTE
    RESET                                    0x0001b000   Section      192  arm_startup_nrf51.o(RESET)
    .ARM.Collect$$$$00000000                 0x0001b0c0   Section        0  entry.o(.ARM.Collect$$$$00000000)
    .ARM.Collect$$$$00000001                 0x0001b0c0   Section        4  entry2.o(.ARM.Collect$$$$00000001)
    .ARM.Collect$$$$00000004                 0x0001b0c4   Section        4  entry5.o(.ARM.Collect$$$$00000004)
    .ARM.Collect$$$$00000008                 0x0001b0c8   Section        0  entry7b.o(.ARM.Collect$$$$00000008)
    .ARM.Collect$$$$0000000A                 0x0001b0c8   Section        0  entry8b.o(.ARM.Collect$$$$0000000A)
    .ARM.Collect$$$$0000000B                 0x0001b0c8   Section        8  entry9a.o(.ARM.Collect$$$$0000000B)
    .ARM.Collect$$$$0000000D                 0x0001b0d0   Section        0  entry10a.o(.ARM.Collect$$$$0000000D)
    .ARM.Collect$$$$0000000F                 0x0001b0d0   Section        0  entry11a.o(.ARM.Collect$$$$0000000F)
    .ARM.Collect$$$$00002712                 0x0001b0d0   Section        4  entry2.o(.ARM.Collect$$$$00002712)
    __lit__00000000                          0x0001b0d0   Data           4  entry2.o(.ARM.Collect$$$$00002712)
    .emb_text                                0x0001b0d4   Section       30  app_timer.o(.emb_text)
    .text                                    0x0001b0f4   Section       56  arm_startup_nrf51.o(.text)
    .text                                    0x0001b12c   Section        0  uidiv.o(.text)
    .text                                    0x0001b158   Section        0  memcpya.o(.text)
    .text                                    0x0001b17c   Section        0  memseta.o(.text)
    .text                                    0x0001b1a0   Section        0  uldiv.o(.text)
    .text                                    0x0001b200   Section        0  dadd.o(.text)
    .text                                    0x0001b200   Section        0  iusefp.o(.text)
    .text                                    0x0001b364   Section        0  dmul.o(.text)
    .text                                    0x0001b434   Section        0  ddiv.o(.text)
    .text                                    0x0001b524   Section        0  dfixul.o(.text)
    .text                                    0x0001b564   Section       40  cdrcmple.o(.text)
    .text                                    0x0001b58c   Section       36  init.o(.text)
    .text                                    0x0001b5b0   Section        0  llshl.o(.text)
    .text                                    0x0001b5d0   Section        0  llushr.o(.text)
    .text                                    0x0001b5f2   Section        0  llsshr.o(.text)
    .text                                    0x0001b618   Section        0  depilogue.o(.text)
    i.GPIOTE_IRQHandler                      0x0001b6d8   Section        0  nrf_drv_gpiote.o(i.GPIOTE_IRQHandler)
    i.NVIC_SetPriority                       0x0001b7e0   Section        0  app_timer.o(i.NVIC_SetPriority)
    NVIC_SetPriority                         0x0001b7e1   Thumb Code    60  app_timer.o(i.NVIC_SetPriority)
    i.RTC1_IRQHandler                        0x0001b824   Section        0  app_timer.o(i.RTC1_IRQHandler)
    i.SWI0_IRQHandler                        0x0001b844   Section        0  app_timer.o(i.SWI0_IRQHandler)
    i.SWI2_IRQHandler                        0x0001b84c   Section        0  softdevice_handler.o(i.SWI2_IRQHandler)
    i.SystemInit                             0x0001b86c   Section        0  system_nrf51.o(i.SystemInit)
    i.UART0_IRQHandler                       0x0001b8c0   Section        0  nrf_drv_uart.o(i.UART0_IRQHandler)
    i.__0printf                              0x0001b8c8   Section        0  printfa.o(i.__0printf)
    i.__ARM_clz                              0x0001b8e8   Section        0  depilogue.o(i.__ARM_clz)
    i.__ARM_common_switch8                   0x0001b916   Section        0  bsp.o(i.__ARM_common_switch8)
    i.__scatterload_copy                     0x0001b930   Section       14  handlers.o(i.__scatterload_copy)
    i.__scatterload_null                     0x0001b93e   Section        2  handlers.o(i.__scatterload_null)
    i.__scatterload_zeroinit                 0x0001b940   Section       14  handlers.o(i.__scatterload_zeroinit)
    i._fp_digits                             0x0001b950   Section        0  printfa.o(i._fp_digits)
    _fp_digits                               0x0001b951   Thumb Code   316  printfa.o(i._fp_digits)
    i._printf_core                           0x0001baa8   Section        0  printfa.o(i._printf_core)
    _printf_core                             0x0001baa9   Thumb Code  1754  printfa.o(i._printf_core)
    i._printf_post_padding                   0x0001c194   Section        0  printfa.o(i._printf_post_padding)
    _printf_post_padding                     0x0001c195   Thumb Code    32  printfa.o(i._printf_post_padding)
    i._printf_pre_padding                    0x0001c1b4   Section        0  printfa.o(i._printf_pre_padding)
    _printf_pre_padding                      0x0001c1b5   Thumb Code    44  printfa.o(i._printf_pre_padding)
    i.adv_data_encode                        0x0001c1e0   Section        0  ble_advdata.o(i.adv_data_encode)
    i.advertising_buttons_configure          0x0001c3f6   Section        0  bsp_btn_ble.o(i.advertising_buttons_configure)
    advertising_buttons_configure            0x0001c3f7   Thumb Code    60  bsp_btn_ble.o(i.advertising_buttons_configure)
    i.alert_timer_handler                    0x0001c434   Section        0  bsp.o(i.alert_timer_handler)
    alert_timer_handler                      0x0001c435   Thumb Code    20  bsp.o(i.alert_timer_handler)
    i.app_button_enable                      0x0001c44c   Section        0  app_button.o(i.app_button_enable)
    i.app_button_init                        0x0001c470   Section        0  app_button.o(i.app_button_init)
    i.app_error_fault_handler                0x0001c4e4   Section        0  app_error.o(i.app_error_fault_handler)
    i.app_error_handler_bare                 0x0001c500   Section        0  app_error.o(i.app_error_handler_bare)
    i.app_fifo_get                           0x0001c518   Section        0  app_fifo.o(i.app_fifo_get)
    i.app_fifo_init                          0x0001c52e   Section        0  app_fifo.o(i.app_fifo_init)
    i.app_fifo_put                           0x0001c552   Section        0  app_fifo.o(i.app_fifo_put)
    i.app_timer_create                       0x0001c56c   Section        0  app_timer.o(i.app_timer_create)
    i.app_timer_init                         0x0001c598   Section        0  app_timer.o(i.app_timer_init)
    i.app_timer_start                        0x0001c628   Section        0  app_timer.o(i.app_timer_start)
    i.app_timer_stop                         0x0001c6a4   Section        0  app_timer.o(i.app_timer_stop)
    i.app_uart_get                           0x0001c6f8   Section        0  app_uart_fifo.o(i.app_uart_get)
    i.app_uart_init                          0x0001c72c   Section        0  app_uart_fifo.o(i.app_uart_init)
    i.app_uart_put                           0x0001c7cc   Section        0  app_uart_fifo.o(i.app_uart_put)
    i.ble_advdata_set                        0x0001c7f4   Section        0  ble_advdata.o(i.ble_advdata_set)
    i.ble_advertising_init                   0x0001c85c   Section        0  ble_advertising.o(i.ble_advertising_init)
    i.ble_advertising_on_ble_evt             0x0001c980   Section        0  ble_advertising.o(i.ble_advertising_on_ble_evt)
    i.ble_advertising_peer_address_clear     0x0001c9fc   Section        0  ble_advertising.o(i.ble_advertising_peer_address_clear)
    ble_advertising_peer_address_clear       0x0001c9fd   Thumb Code    12  ble_advertising.o(i.ble_advertising_peer_address_clear)
    i.ble_advertising_restart_without_whitelist 0x0001ca0c   Section        0  ble_advertising.o(i.ble_advertising_restart_without_whitelist)
    i.ble_advertising_start                  0x0001ca4c   Section        0  ble_advertising.o(i.ble_advertising_start)
    i.ble_conn_params_init                   0x0001cc2c   Section        0  ble_conn_params.o(i.ble_conn_params_init)
    i.ble_conn_params_on_ble_evt             0x0001cc80   Section        0  ble_conn_params.o(i.ble_conn_params_on_ble_evt)
    i.ble_device_addr_encode                 0x0001cd10   Section        0  ble_advdata.o(i.ble_device_addr_encode)
    ble_device_addr_encode                   0x0001cd11   Thumb Code    94  ble_advdata.o(i.ble_device_addr_encode)
    i.ble_evt_dispatch                       0x0001cd70   Section        0  main.o(i.ble_evt_dispatch)
    ble_evt_dispatch                         0x0001cd71   Thumb Code    36  main.o(i.ble_evt_dispatch)
    i.ble_nus_init                           0x0001cd98   Section        0  ble_nus.o(i.ble_nus_init)
    i.ble_nus_on_ble_evt                     0x0001ce04   Section        0  ble_nus.o(i.ble_nus_on_ble_evt)
    i.ble_nus_string_send                    0x0001ce5c   Section        0  ble_nus.o(i.ble_nus_string_send)
    i.ble_stack_init                         0x0001ceb0   Section        0  main.o(i.ble_stack_init)
    ble_stack_init                           0x0001ceb1   Thumb Code    88  main.o(i.ble_stack_init)
    i.bsp_btn_ble_init                       0x0001cf14   Section        0  bsp_btn_ble.o(i.bsp_btn_ble_init)
    i.bsp_btn_ble_on_ble_evt                 0x0001cf68   Section        0  bsp_btn_ble.o(i.bsp_btn_ble_on_ble_evt)
    i.bsp_btn_ble_sleep_mode_prepare         0x0001cfe0   Section        0  bsp_btn_ble.o(i.bsp_btn_ble_sleep_mode_prepare)
    i.bsp_button_event_handler               0x0001cff4   Section        0  bsp.o(i.bsp_button_event_handler)
    bsp_button_event_handler                 0x0001cff5   Thumb Code   148  bsp.o(i.bsp_button_event_handler)
    i.bsp_button_is_pressed                  0x0001d094   Section        0  bsp.o(i.bsp_button_is_pressed)
    i.bsp_event_handler                      0x0001d0c0   Section        0  main.o(i.bsp_event_handler)
    i.bsp_event_to_button_action_assign      0x0001d0f8   Section        0  bsp.o(i.bsp_event_to_button_action_assign)
    i.bsp_indication_set                     0x0001d140   Section        0  bsp.o(i.bsp_indication_set)
    i.bsp_init                               0x0001d15c   Section        0  bsp.o(i.bsp_init)
    i.bsp_led_indication                     0x0001d1fc   Section        0  bsp.o(i.bsp_led_indication)
    bsp_led_indication                       0x0001d1fd   Thumb Code   492  bsp.o(i.bsp_led_indication)
    i.bsp_wakeup_buttons_set                 0x0001d3f4   Section        0  bsp.o(i.bsp_wakeup_buttons_set)
    i.button_timer_handler                   0x0001d430   Section        0  bsp.o(i.button_timer_handler)
    button_timer_handler                     0x0001d431   Thumb Code    12  bsp.o(i.button_timer_handler)
    i.channel_free                           0x0001d43c   Section        0  nrf_drv_gpiote.o(i.channel_free)
    channel_free                             0x0001d43d   Thumb Code    22  nrf_drv_gpiote.o(i.channel_free)
    i.channel_port_alloc                     0x0001d458   Section        0  nrf_drv_gpiote.o(i.channel_port_alloc)
    channel_port_alloc                       0x0001d459   Thumb Code    66  nrf_drv_gpiote.o(i.channel_port_alloc)
    i.channel_port_get                       0x0001d4a0   Section        0  nrf_drv_gpiote.o(i.channel_port_get)
    channel_port_get                         0x0001d4a1   Thumb Code    10  nrf_drv_gpiote.o(i.channel_port_get)
    i.compare_reg_update                     0x0001d4b0   Section        0  app_timer.o(i.compare_reg_update)
    compare_reg_update                       0x0001d4b1   Thumb Code   142  app_timer.o(i.compare_reg_update)
    i.conn_int_encode                        0x0001d558   Section        0  ble_advdata.o(i.conn_int_encode)
    conn_int_encode                          0x0001d559   Thumb Code   130  ble_advdata.o(i.conn_int_encode)
    i.conn_params_error_handler              0x0001d5e0   Section        0  main.o(i.conn_params_error_handler)
    conn_params_error_handler                0x0001d5e1   Thumb Code     8  main.o(i.conn_params_error_handler)
    i.conn_params_negotiation                0x0001d5e8   Section        0  ble_conn_params.o(i.conn_params_negotiation)
    conn_params_negotiation                  0x0001d5e9   Thumb Code    92  ble_conn_params.o(i.conn_params_negotiation)
    i.detection_delay_timeout_handler        0x0001d650   Section        0  app_button.o(i.detection_delay_timeout_handler)
    detection_delay_timeout_handler          0x0001d651   Thumb Code    90  app_button.o(i.detection_delay_timeout_handler)
    i.elapsed_ticks_acquire                  0x0001d6b0   Section        0  app_timer.o(i.elapsed_ticks_acquire)
    elapsed_ticks_acquire                    0x0001d6b1   Thumb Code    58  app_timer.o(i.elapsed_ticks_acquire)
    i.fifo_get                               0x0001d6f0   Section        0  app_fifo.o(i.fifo_get)
    fifo_get                                 0x0001d6f1   Thumb Code    20  app_fifo.o(i.fifo_get)
    i.fifo_put                               0x0001d704   Section        0  app_fifo.o(i.fifo_put)
    fifo_put                                 0x0001d705   Thumb Code    18  app_fifo.o(i.fifo_put)
    i.fputc                                  0x0001d716   Section        0  retarget.o(i.fputc)
    i.gpiote_event_handler                   0x0001d724   Section        0  app_button.o(i.gpiote_event_handler)
    gpiote_event_handler                     0x0001d725   Thumb Code    72  app_button.o(i.gpiote_event_handler)
    i.intern_softdevice_events_execute       0x0001d774   Section        0  softdevice_handler.o(i.intern_softdevice_events_execute)
    i.is_conn_params_ok                      0x0001d7ec   Section        0  ble_conn_params.o(i.is_conn_params_ok)
    is_conn_params_ok                        0x0001d7ed   Thumb Code    24  ble_conn_params.o(i.is_conn_params_ok)
    i.is_manual_peripheral_setup_needed      0x0001d808   Section        0  system_nrf51.o(i.is_manual_peripheral_setup_needed)
    is_manual_peripheral_setup_needed        0x0001d809   Thumb Code    66  system_nrf51.o(i.is_manual_peripheral_setup_needed)
    i.le_role_encode                         0x0001d850   Section        0  ble_advdata.o(i.le_role_encode)
    le_role_encode                           0x0001d851   Thumb Code    84  ble_advdata.o(i.le_role_encode)
    i.leds_timer_handler                     0x0001d8a4   Section        0  bsp.o(i.leds_timer_handler)
    leds_timer_handler                       0x0001d8a5   Thumb Code    18  bsp.o(i.leds_timer_handler)
    i.list_deletions_handler                 0x0001d8bc   Section        0  app_timer.o(i.list_deletions_handler)
    list_deletions_handler                   0x0001d8bd   Thumb Code   180  app_timer.o(i.list_deletions_handler)
    i.list_insertions_handler                0x0001d978   Section        0  app_timer.o(i.list_insertions_handler)
    list_insertions_handler                  0x0001d979   Thumb Code   202  app_timer.o(i.list_insertions_handler)
    i.main                                   0x0001da4c   Section        0  main.o(i.main)
    i.manuf_specific_data_encode             0x0001dc10   Section        0  ble_advdata.o(i.manuf_specific_data_encode)
    manuf_specific_data_encode               0x0001dc11   Thumb Code   104  ble_advdata.o(i.manuf_specific_data_encode)
    i.name_encode                            0x0001dc78   Section        0  ble_advdata.o(i.name_encode)
    name_encode                              0x0001dc79   Thumb Code   158  ble_advdata.o(i.name_encode)
    i.nrf_drv_common_irq_enable              0x0001dd18   Section        0  nrf_drv_common.o(i.nrf_drv_common_irq_enable)
    i.nrf_drv_gpiote_in_event_enable         0x0001dd78   Section        0  nrf_drv_gpiote.o(i.nrf_drv_gpiote_in_event_enable)
    i.nrf_drv_gpiote_in_init                 0x0001de18   Section        0  nrf_drv_gpiote.o(i.nrf_drv_gpiote_in_init)
    i.nrf_drv_gpiote_in_is_set               0x0001debc   Section        0  nrf_drv_gpiote.o(i.nrf_drv_gpiote_in_is_set)
    i.nrf_drv_gpiote_init                    0x0001ded0   Section        0  nrf_drv_gpiote.o(i.nrf_drv_gpiote_init)
    i.nrf_drv_gpiote_is_init                 0x0001df24   Section        0  nrf_drv_gpiote.o(i.nrf_drv_gpiote_is_init)
    i.nrf_drv_uart_init                      0x0001df34   Section        0  nrf_drv_uart.o(i.nrf_drv_uart_init)
    i.nrf_drv_uart_rx                        0x0001dffc   Section        0  nrf_drv_uart.o(i.nrf_drv_uart_rx)
    i.nrf_drv_uart_rx_enable                 0x0001e048   Section        0  nrf_drv_uart.o(i.nrf_drv_uart_rx_enable)
    i.nrf_drv_uart_rx_for_uart               0x0001e060   Section        0  nrf_drv_uart.o(i.nrf_drv_uart_rx_for_uart)
    nrf_drv_uart_rx_for_uart                 0x0001e061   Thumb Code   144  nrf_drv_uart.o(i.nrf_drv_uart_rx_for_uart)
    i.nrf_drv_uart_tx                        0x0001e0fc   Section        0  nrf_drv_uart.o(i.nrf_drv_uart_tx)
    i.nrf_drv_uart_tx_for_uart               0x0001e11c   Section        0  nrf_drv_uart.o(i.nrf_drv_uart_tx_for_uart)
    nrf_drv_uart_tx_for_uart                 0x0001e11d   Thumb Code   108  nrf_drv_uart.o(i.nrf_drv_uart_tx_for_uart)
    i.nrf_gpio_cfg                           0x0001e190   Section        0  nrf_drv_gpiote.o(i.nrf_gpio_cfg)
    nrf_gpio_cfg                             0x0001e191   Thumb Code    32  nrf_drv_gpiote.o(i.nrf_gpio_cfg)
    i.nrf_gpio_cfg                           0x0001e1b4   Section        0  nrf_drv_uart.o(i.nrf_gpio_cfg)
    nrf_gpio_cfg                             0x0001e1b5   Thumb Code    32  nrf_drv_uart.o(i.nrf_gpio_cfg)
    i.nrf_gpio_cfg_input                     0x0001e1d8   Section        0  nrf_drv_uart.o(i.nrf_gpio_cfg_input)
    nrf_gpio_cfg_input                       0x0001e1d9   Thumb Code    18  nrf_drv_uart.o(i.nrf_gpio_cfg_input)
    i.nrf_gpio_cfg_output                    0x0001e1ea   Section        0  nrf_drv_uart.o(i.nrf_gpio_cfg_output)
    nrf_gpio_cfg_output                      0x0001e1eb   Thumb Code    20  nrf_drv_uart.o(i.nrf_gpio_cfg_output)
    i.nrf_gpio_cfg_sense_set                 0x0001e200   Section        0  nrf_drv_gpiote.o(i.nrf_gpio_cfg_sense_set)
    nrf_gpio_cfg_sense_set                   0x0001e201   Thumb Code    26  nrf_drv_gpiote.o(i.nrf_gpio_cfg_sense_set)
    i.nrf_gpiote_event_is_set                0x0001e220   Section        0  nrf_drv_gpiote.o(i.nrf_gpiote_event_is_set)
    nrf_gpiote_event_is_set                  0x0001e221   Thumb Code    14  nrf_drv_gpiote.o(i.nrf_gpiote_event_is_set)
    i.nrf_uart_event_check                   0x0001e234   Section        0  nrf_drv_uart.o(i.nrf_uart_event_check)
    nrf_uart_event_check                     0x0001e235   Thumb Code    10  nrf_drv_uart.o(i.nrf_uart_event_check)
    i.nrf_uart_int_enable_check              0x0001e23e   Section        0  nrf_drv_uart.o(i.nrf_uart_int_enable_check)
    nrf_uart_int_enable_check                0x0001e23f   Thumb Code    16  nrf_drv_uart.o(i.nrf_uart_int_enable_check)
    i.nus_data_handler                       0x0001e250   Section        0  main.o(i.nus_data_handler)
    nus_data_handler                         0x0001e251   Thumb Code    44  main.o(i.nus_data_handler)
    i.on_adv_evt                             0x0001e280   Section        0  main.o(i.on_adv_evt)
    on_adv_evt                               0x0001e281   Thumb Code    32  main.o(i.on_adv_evt)
    i.on_ble_evt                             0x0001e2a0   Section        0  main.o(i.on_ble_evt)
    on_ble_evt                               0x0001e2a1   Thumb Code    96  main.o(i.on_ble_evt)
    i.on_conn_params_evt                     0x0001e304   Section        0  main.o(i.on_conn_params_evt)
    on_conn_params_evt                       0x0001e305   Thumb Code    26  main.o(i.on_conn_params_evt)
    i.peer_address_exists                    0x0001e324   Section        0  ble_advertising.o(i.peer_address_exists)
    peer_address_exists                      0x0001e325   Thumb Code    22  ble_advertising.o(i.peer_address_exists)
    i.pin_in_use_by_port                     0x0001e33c   Section        0  nrf_drv_gpiote.o(i.pin_in_use_by_port)
    pin_in_use_by_port                       0x0001e33d   Thumb Code    20  nrf_drv_gpiote.o(i.pin_in_use_by_port)
    i.pin_in_use_by_te                       0x0001e354   Section        0  nrf_drv_gpiote.o(i.pin_in_use_by_te)
    pin_in_use_by_te                         0x0001e355   Thumb Code    20  nrf_drv_gpiote.o(i.pin_in_use_by_te)
    i.pstorage_access_status_get             0x0001e36c   Section        0  pstorage.o(i.pstorage_access_status_get)
    i.rtc1_stop                              0x0001e394   Section        0  app_timer.o(i.rtc1_stop)
    rtc1_stop                                0x0001e395   Thumb Code    50  app_timer.o(i.rtc1_stop)
    i.rx_byte                                0x0001e3d8   Section        0  nrf_drv_uart.o(i.rx_byte)
    rx_byte                                  0x0001e3d9   Thumb Code    42  nrf_drv_uart.o(i.rx_byte)
    i.rx_char_add                            0x0001e410   Section        0  ble_nus.o(i.rx_char_add)
    rx_char_add                              0x0001e411   Thumb Code   158  ble_nus.o(i.rx_char_add)
    i.rx_done_event                          0x0001e4b4   Section        0  nrf_drv_uart.o(i.rx_done_event)
    rx_done_event                            0x0001e4b5   Thumb Code    22  nrf_drv_uart.o(i.rx_done_event)
    i.rx_enable                              0x0001e4d0   Section        0  nrf_drv_uart.o(i.rx_enable)
    rx_enable                                0x0001e4d1   Thumb Code    22  nrf_drv_uart.o(i.rx_enable)
    i.sd_check_ram_start                     0x0001e4ec   Section        0  softdevice_handler.o(i.sd_check_ram_start)
    i.service_data_encode                    0x0001e4fc   Section        0  ble_advdata.o(i.service_data_encode)
    service_data_encode                      0x0001e4fd   Thumb Code   142  ble_advdata.o(i.service_data_encode)
    i.sleep_mode_enter                       0x0001e58a   Section        0  main.o(i.sleep_mode_enter)
    sleep_mode_enter                         0x0001e58b   Thumb Code    40  main.o(i.sleep_mode_enter)
    i.softdevice_ble_evt_handler_set         0x0001e5b4   Section        0  softdevice_handler.o(i.softdevice_ble_evt_handler_set)
    i.softdevice_enable                      0x0001e5c8   Section        0  softdevice_handler.o(i.softdevice_enable)
    i.softdevice_enable_get_default_config   0x0001e5dc   Section        0  softdevice_handler.o(i.softdevice_enable_get_default_config)
    i.softdevice_fault_handler               0x0001e604   Section        0  softdevice_handler.o(i.softdevice_fault_handler)
    i.softdevice_handler_init                0x0001e60c   Section        0  softdevice_handler.o(i.softdevice_handler_init)
    i.timer_list_handler                     0x0001e63c   Section        0  app_timer.o(i.timer_list_handler)
    timer_list_handler                       0x0001e63d   Thumb Code   128  app_timer.o(i.timer_list_handler)
    i.timer_list_handler_sched               0x0001e6c0   Section        0  app_timer.o(i.timer_list_handler_sched)
    timer_list_handler_sched                 0x0001e6c1   Thumb Code    10  app_timer.o(i.timer_list_handler_sched)
    i.timer_list_insert                      0x0001e6d0   Section        0  app_timer.o(i.timer_list_insert)
    timer_list_insert                        0x0001e6d1   Thumb Code    60  app_timer.o(i.timer_list_insert)
    i.timer_timeouts_check                   0x0001e710   Section        0  app_timer.o(i.timer_timeouts_check)
    timer_timeouts_check                     0x0001e711   Thumb Code   118  app_timer.o(i.timer_timeouts_check)
    i.tx_byte                                0x0001e790   Section        0  nrf_drv_uart.o(i.tx_byte)
    tx_byte                                  0x0001e791   Thumb Code    30  nrf_drv_uart.o(i.tx_byte)
    i.tx_char_add                            0x0001e7bc   Section        0  ble_nus.o(i.tx_char_add)
    tx_char_add                              0x0001e7bd   Thumb Code   128  ble_nus.o(i.tx_char_add)
    i.tx_done_event                          0x0001e840   Section        0  nrf_drv_uart.o(i.tx_done_event)
    tx_done_event                            0x0001e841   Thumb Code    26  nrf_drv_uart.o(i.tx_done_event)
    i.uart_event_handle                      0x0001e860   Section        0  main.o(i.uart_event_handle)
    i.uart_event_handler                     0x0001e8c0   Section        0  app_uart_fifo.o(i.uart_event_handler)
    uart_event_handler                       0x0001e8c1   Thumb Code   166  app_uart_fifo.o(i.uart_event_handler)
    i.uart_irq_handler                       0x0001e970   Section        0  nrf_drv_uart.o(i.uart_irq_handler)
    uart_irq_handler                         0x0001e971   Thumb Code   278  nrf_drv_uart.o(i.uart_irq_handler)
    i.uint16_encode                          0x0001ea98   Section        0  ble_advdata.o(i.uint16_encode)
    uint16_encode                            0x0001ea99   Thumb Code    10  ble_advdata.o(i.uint16_encode)
    i.update_timeout_handler                 0x0001eaa4   Section        0  ble_conn_params.o(i.update_timeout_handler)
    update_timeout_handler                   0x0001eaa5   Thumb Code    86  ble_conn_params.o(i.update_timeout_handler)
    i.user_id_get                            0x0001eb08   Section        0  app_timer.o(i.user_id_get)
    user_id_get                              0x0001eb09   Thumb Code    74  app_timer.o(i.user_id_get)
    i.user_op_alloc                          0x0001eb5c   Section        0  app_timer.o(i.user_op_alloc)
    user_op_alloc                            0x0001eb5d   Thumb Code    38  app_timer.o(i.user_op_alloc)
    i.uuid_list_encode                       0x0001eb82   Section        0  ble_advdata.o(i.uuid_list_encode)
    uuid_list_encode                         0x0001eb83   Thumb Code    48  ble_advdata.o(i.uuid_list_encode)
    i.uuid_list_sized_encode                 0x0001ebb2   Section        0  ble_advdata.o(i.uuid_list_sized_encode)
    uuid_list_sized_encode                   0x0001ebb3   Thumb Code   174  ble_advdata.o(i.uuid_list_sized_encode)
    i.whitelist_has_entries                  0x0001ec60   Section        0  ble_advertising.o(i.whitelist_has_entries)
    whitelist_has_entries                    0x0001ec61   Thumb Code    16  ble_advertising.o(i.whitelist_has_entries)
    .constdata                               0x0001ec70   Section       12  main.o(.constdata)
    .constdata                               0x0001ec7c   Section       60  bsp.o(.constdata)
    m_leds_timer_id                          0x0001ec7c   Data           4  bsp.o(.constdata)
    m_alert_timer_id                         0x0001ec80   Data           4  bsp.o(.constdata)
    m_button_timer_id                        0x0001ec84   Data           4  bsp.o(.constdata)
    m_buttons_list                           0x0001ec88   Data          16  bsp.o(.constdata)
    app_buttons                              0x0001ec98   Data          32  bsp.o(.constdata)
    .constdata                               0x0001ecb8   Section        4  ble_conn_params.o(.constdata)
    m_conn_params_timer_id                   0x0001ecb8   Data           4  ble_conn_params.o(.constdata)
    .constdata                               0x0001ecbc   Section       16  ble_nus.o(.constdata)
    .constdata                               0x0001eccc   Section       32  app_uart_fifo.o(.constdata)
    .constdata                               0x0001ecec   Section       32  nrf_drv_uart.o(.constdata)
    m_default_config                         0x0001ecec   Data          32  nrf_drv_uart.o(.constdata)
    .constdata                               0x0001ed0c   Section        8  app_button.o(.constdata)
    m_detection_delay_timer_id               0x0001ed0c   Data           4  app_button.o(.constdata)
    .data                                    0x20001f00   Section        8  main.o(.data)
    index                                    0x20001f00   Data           1  main.o(.data)
    m_conn_handle                            0x20001f02   Data           2  main.o(.data)
    m_adv_uuids                              0x20001f04   Data           4  main.o(.data)
    .data                                    0x20001f08   Section       24  bsp.o(.data)
    m_stable_state                           0x20001f08   Data           1  bsp.o(.data)
    current_long_push_pin_no                 0x20001f09   Data           1  bsp.o(.data)
    m_app_ticks_per_100ms                    0x20001f0c   Data           4  bsp.o(.data)
    m_indication_type                        0x20001f10   Data           4  bsp.o(.data)
    m_alert_mask                             0x20001f14   Data           4  bsp.o(.data)
    m_registered_callback                    0x20001f18   Data           4  bsp.o(.data)
    release_event_at_push                    0x20001f1c   Data           4  bsp.o(.data)
    .data                                    0x20001f20   Section        8  bsp_btn_ble.o(.data)
    m_error_handler                          0x20001f20   Data           4  bsp_btn_ble.o(.data)
    m_num_connections                        0x20001f24   Data           4  bsp_btn_ble.o(.data)
    .data                                    0x20001f28   Section       31  ble_advertising.o(.data)
    m_advertising_start_pending              0x20001f28   Data           1  ble_advertising.o(.data)
    m_whitelist_temporarily_disabled         0x20001f29   Data           1  ble_advertising.o(.data)
    m_whitelist_reply_expected               0x20001f2a   Data           1  ble_advertising.o(.data)
    m_peer_addr_reply_expected               0x20001f2b   Data           1  ble_advertising.o(.data)
    m_adv_evt                                0x20001f2c   Data           1  ble_advertising.o(.data)
    m_adv_mode_current                       0x20001f2d   Data           1  ble_advertising.o(.data)
    m_tx_power_level                         0x20001f2e   Data           1  ble_advertising.o(.data)
    current_slave_link_conn_handle           0x20001f30   Data           2  ble_advertising.o(.data)
    m_evt_handler                            0x20001f34   Data           4  ble_advertising.o(.data)
    m_error_handler                          0x20001f38   Data           4  ble_advertising.o(.data)
    m_slave_conn_int                         0x20001f3c   Data           4  ble_advertising.o(.data)
    m_peer_address                           0x20001f40   Data           7  ble_advertising.o(.data)
    .data                                    0x20001f48   Section       20  ble_conn_params.o(.data)
    m_change_param                           0x20001f48   Data           1  ble_conn_params.o(.data)
    m_update_count                           0x20001f49   Data           1  ble_conn_params.o(.data)
    m_conn_handle                            0x20001f4a   Data           2  ble_conn_params.o(.data)
    m_preferred_conn_params                  0x20001f4c   Data           8  ble_conn_params.o(.data)
    m_current_conn_params                    0x20001f54   Data           8  ble_conn_params.o(.data)
    .data                                    0x20001f5c   Section        8  app_uart_fifo.o(.data)
    tx_buffer                                0x20001f5c   Data           1  app_uart_fifo.o(.data)
    tx_tmp                                   0x20001f5d   Data           1  app_uart_fifo.o(.data)
    rx_buffer                                0x20001f5e   Data           1  app_uart_fifo.o(.data)
    m_event_handler                          0x20001f60   Data           4  app_uart_fifo.o(.data)
    .data                                    0x20001f64   Section       36  pstorage.o(.data)
    m_state                                  0x20001f64   Data           1  pstorage.o(.data)
    m_swap_sub_state                         0x20001f65   Data           1  pstorage.o(.data)
    m_next_app_instance                      0x20001f66   Data           2  pstorage.o(.data)
    m_flags                                  0x20001f68   Data           4  pstorage.o(.data)
    m_next_page_addr                         0x20001f6c   Data           4  pstorage.o(.data)
    m_head_word_size                         0x20001f70   Data           4  pstorage.o(.data)
    m_tail_word_size                         0x20001f74   Data           4  pstorage.o(.data)
    m_current_page_id                        0x20001f78   Data           4  pstorage.o(.data)
    m_num_of_command_retries                 0x20001f7c   Data           4  pstorage.o(.data)
    m_num_of_bytes_written                   0x20001f80   Data           4  pstorage.o(.data)
    m_app_data_size                          0x20001f84   Data           4  pstorage.o(.data)
    .data                                    0x20001f88   Section       20  app_button.o(.data)
    m_button_count                           0x20001f88   Data           1  app_button.o(.data)
    mp_buttons                               0x20001f8c   Data           4  app_button.o(.data)
    m_detection_delay                        0x20001f90   Data           4  app_button.o(.data)
    m_pin_state                              0x20001f94   Data           4  app_button.o(.data)
    m_pin_transition                         0x20001f98   Data           4  app_button.o(.data)
    .data                                    0x20001f9c   Section       32  app_timer.o(.data)
    m_user_array_size                        0x20001f9c   Data           1  app_timer.o(.data)
    m_ticks_elapsed_q_read_ind               0x20001f9d   Data           1  app_timer.o(.data)
    m_ticks_elapsed_q_write_ind              0x20001f9e   Data           1  app_timer.o(.data)
    m_rtc1_running                           0x20001f9f   Data           1  app_timer.o(.data)
    m_rtc1_reset                             0x20001fa0   Data           1  app_timer.o(.data)
    mp_users                                 0x20001fa4   Data           4  app_timer.o(.data)
    mp_timer_id_head                         0x20001fa8   Data           4  app_timer.o(.data)
    m_ticks_latest                           0x20001fac   Data           4  app_timer.o(.data)
    m_evt_schedule_func                      0x20001fb0   Data           4  app_timer.o(.data)
    m_ticks_elapsed                          0x20001fb4   Data           8  app_timer.o(.data)
    .data                                    0x20001fbc   Section        4  retarget.o(.data)
    .data                                    0x20001fc0   Section       20  softdevice_handler.o(.data)
    m_softdevice_enabled                     0x20001fc0   Data           1  softdevice_handler.o(.data)
    m_ble_evt_buffer_size                    0x20001fc2   Data           2  softdevice_handler.o(.data)
    m_evt_schedule_func                      0x20001fc4   Data           4  softdevice_handler.o(.data)
    mp_ble_evt_buffer                        0x20001fc8   Data           4  softdevice_handler.o(.data)
    m_ble_evt_handler                        0x20001fcc   Data           4  softdevice_handler.o(.data)
    m_sys_evt_handler                        0x20001fd0   Data           4  softdevice_handler.o(.data)
    .data                                    0x20001fd4   Section        4  system_nrf51.o(.data)
    __tagsym$$used                           0x20001fd4   Number         0  system_nrf51.o(.data)
    .bss                                     0x20001fd8   Section     1088  main.o(.bss)
    BLE_EVT_BUFFER                           0x20001fd8   Data          72  main.o(.bss)
    data_array                               0x20002020   Data          20  main.o(.bss)
    rx_buf                                   0x20002034   Data         256  main.o(.bss)
    tx_buf                                   0x20002134   Data         256  main.o(.bss)
    APP_TIMER_BUF                            0x20002234   Data         456  main.o(.bss)
    m_nus                                    0x200023fc   Data          28  main.o(.bss)
    .bss                                     0x20002418   Section       32  bsp.o(.bss)
    m_leds_timer_id_data                     0x20002418   Data          32  bsp.o(.bss)
    .bss                                     0x20002438   Section       32  bsp.o(.bss)
    m_alert_timer_id_data                    0x20002438   Data          32  bsp.o(.bss)
    .bss                                     0x20002458   Section       12  bsp.o(.bss)
    m_events_list                            0x20002458   Data          12  bsp.o(.bss)
    .bss                                     0x20002464   Section       32  bsp.o(.bss)
    m_button_timer_id_data                   0x20002464   Data          32  bsp.o(.bss)
    .bss                                     0x20002484   Section      259  ble_advertising.o(.bss)
    m_advdata                                0x20002484   Data          56  ble_advertising.o(.bss)
    m_adv_modes_config                       0x200024bc   Data          36  ble_advertising.o(.bss)
    m_whitelist                              0x200024e0   Data          16  ble_advertising.o(.bss)
    mp_whitelist_addr                        0x200024f0   Data          32  ble_advertising.o(.bss)
    mp_whitelist_irk                         0x20002510   Data          32  ble_advertising.o(.bss)
    m_manuf_specific_data                    0x20002530   Data          12  ble_advertising.o(.bss)
    m_manuf_data_array                       0x2000253c   Data          31  ble_advertising.o(.bss)
    m_service_data                           0x2000255c   Data          12  ble_advertising.o(.bss)
    m_service_data_array                     0x20002568   Data          31  ble_advertising.o(.bss)
    .bss                                     0x20002588   Section       32  ble_conn_params.o(.bss)
    m_conn_params_timer_id_data              0x20002588   Data          32  ble_conn_params.o(.bss)
    .bss                                     0x200025a8   Section       28  ble_conn_params.o(.bss)
    m_conn_params_config                     0x200025a8   Data          28  ble_conn_params.o(.bss)
    .bss                                     0x200025c4   Section       32  app_uart_fifo.o(.bss)
    m_rx_fifo                                0x200025c4   Data          16  app_uart_fifo.o(.bss)
    m_tx_fifo                                0x200025d4   Data          16  app_uart_fifo.o(.bss)
    .bss                                     0x200025e4   Section       72  nrf_drv_gpiote.o(.bss)
    m_cb                                     0x200025e4   Data          72  nrf_drv_gpiote.o(.bss)
    .bss                                     0x2000262c   Section       28  nrf_drv_uart.o(.bss)
    m_cb                                     0x2000262c   Data          28  nrf_drv_uart.o(.bss)
    .bss                                     0x20002648   Section      216  pstorage.o(.bss)
    m_cmd_queue                              0x20002648   Data         204  pstorage.o(.bss)
    m_app_table                              0x20002714   Data          12  pstorage.o(.bss)
    .bss                                     0x20002720   Section       32  app_button.o(.bss)
    m_detection_delay_timer_id_data          0x20002720   Data          32  app_button.o(.bss)
    STACK                                    0x20002740   Section     2048  arm_startup_nrf51.o(STACK)

    Global Symbols

    Symbol Name                              Value     Ov Type        Size  Object(Section)

    BuildAttributes$$THM_ISAv3M$S$PE$A:L22$X:L11$S22$IEEE1$IW$USESV6$~STKCKD$USESV7$~SHL$OSPACE$ROPI$EBA8$MICROLIB$REQ8$PRES8$EABIv2 0x00000000   Number         0  anon$$obj.o ABSOLUTE
    __ARM_use_no_argv                        0x00000000   Number         0  main.o ABSOLUTE
    _printf_a                                0x00000000   Number         0  stubs.o ABSOLUTE
    _printf_c                                0x00000000   Number         0  stubs.o ABSOLUTE
    _printf_charcount                        0x00000000   Number         0  stubs.o ABSOLUTE
    _printf_d                                0x00000000   Number         0  stubs.o ABSOLUTE
    _printf_e                                0x00000000   Number         0  stubs.o ABSOLUTE
    _printf_f                                0x00000000   Number         0  stubs.o ABSOLUTE
    _printf_flags                            0x00000000   Number         0  stubs.o ABSOLUTE
    _printf_fp_dec                           0x00000000   Number         0  stubs.o ABSOLUTE
    _printf_fp_hex                           0x00000000   Number         0  stubs.o ABSOLUTE
    _printf_g                                0x00000000   Number         0  stubs.o ABSOLUTE
    _printf_i                                0x00000000   Number         0  stubs.o ABSOLUTE
    _printf_int_dec                          0x00000000   Number         0  stubs.o ABSOLUTE
    _printf_l                                0x00000000   Number         0  stubs.o ABSOLUTE
    _printf_lc                               0x00000000   Number         0  stubs.o ABSOLUTE
    _printf_ll                               0x00000000   Number         0  stubs.o ABSOLUTE
    _printf_lld                              0x00000000   Number         0  stubs.o ABSOLUTE
    _printf_lli                              0x00000000   Number         0  stubs.o ABSOLUTE
    _printf_llo                              0x00000000   Number         0  stubs.o ABSOLUTE
    _printf_llu                              0x00000000   Number         0  stubs.o ABSOLUTE
    _printf_llx                              0x00000000   Number         0  stubs.o ABSOLUTE
    _printf_longlong_dec                     0x00000000   Number         0  stubs.o ABSOLUTE
    _printf_longlong_hex                     0x00000000   Number         0  stubs.o ABSOLUTE
    _printf_longlong_oct                     0x00000000   Number         0  stubs.o ABSOLUTE
    _printf_ls                               0x00000000   Number         0  stubs.o ABSOLUTE
    _printf_mbtowc                           0x00000000   Number         0  stubs.o ABSOLUTE
    _printf_n                                0x00000000   Number         0  stubs.o ABSOLUTE
    _printf_o                                0x00000000   Number         0  stubs.o ABSOLUTE
    _printf_p                                0x00000000   Number         0  stubs.o ABSOLUTE
    _printf_percent                          0x00000000   Number         0  stubs.o ABSOLUTE
    _printf_pre_padding                      0x00000000   Number         0  stubs.o ABSOLUTE
    _printf_return_value                     0x00000000   Number         0  stubs.o ABSOLUTE
    _printf_s                                0x00000000   Number         0  stubs.o ABSOLUTE
    _printf_sizespec                         0x00000000   Number         0  stubs.o ABSOLUTE
    _printf_str                              0x00000000   Number         0  stubs.o ABSOLUTE
    _printf_truncate_signed                  0x00000000   Number         0  stubs.o ABSOLUTE
    _printf_truncate_unsigned                0x00000000   Number         0  stubs.o ABSOLUTE
    _printf_u                                0x00000000   Number         0  stubs.o ABSOLUTE
    _printf_wc                               0x00000000   Number         0  stubs.o ABSOLUTE
    _printf_wctomb                           0x00000000   Number         0  stubs.o ABSOLUTE
    _printf_widthprec                        0x00000000   Number         0  stubs.o ABSOLUTE
    _printf_x                                0x00000000   Number         0  stubs.o ABSOLUTE
    __cpp_initialize__aeabi_                  - Undefined Weak Reference
    __cxa_finalize                            - Undefined Weak Reference
    __decompress                              - Undefined Weak Reference
    _clock_init                               - Undefined Weak Reference
    _microlib_exit                            - Undefined Weak Reference
    __Vectors_Size                           0x000000c0   Number         0  arm_startup_nrf51.o ABSOLUTE
    __Vectors                                0x0001b000   Data           4  arm_startup_nrf51.o(RESET)
    __Vectors_End                            0x0001b0c0   Data           0  arm_startup_nrf51.o(RESET)
    __main                                   0x0001b0c1   Thumb Code     0  entry.o(.ARM.Collect$$$$00000000)
    _main_stk                                0x0001b0c1   Thumb Code     0  entry2.o(.ARM.Collect$$$$00000001)
    _main_scatterload                        0x0001b0c5   Thumb Code     0  entry5.o(.ARM.Collect$$$$00000004)
    __main_after_scatterload                 0x0001b0c9   Thumb Code     0  entry5.o(.ARM.Collect$$$$00000004)
    _main_clock                              0x0001b0c9   Thumb Code     0  entry7b.o(.ARM.Collect$$$$00000008)
    _main_cpp_init                           0x0001b0c9   Thumb Code     0  entry8b.o(.ARM.Collect$$$$0000000A)
    _main_init                               0x0001b0c9   Thumb Code     0  entry9a.o(.ARM.Collect$$$$0000000B)
    __rt_final_cpp                           0x0001b0d1   Thumb Code     0  entry10a.o(.ARM.Collect$$$$0000000D)
    __rt_final_exit                          0x0001b0d1   Thumb Code     0  entry11a.o(.ARM.Collect$$$$0000000F)
    __asm___11_app_timer_c_cd27f9c3__nrf_delay_us 0x0001b0d5   Thumb Code    30  app_timer.o(.emb_text)
    Reset_Handler                            0x0001b0f5   Thumb Code    26  arm_startup_nrf51.o(.text)
    NMI_Handler                              0x0001b10f   Thumb Code     2  arm_startup_nrf51.o(.text)
    HardFault_Handler                        0x0001b111   Thumb Code     2  arm_startup_nrf51.o(.text)
    SVC_Handler                              0x0001b113   Thumb Code     2  arm_startup_nrf51.o(.text)
    PendSV_Handler                           0x0001b115   Thumb Code     2  arm_startup_nrf51.o(.text)
    SysTick_Handler                          0x0001b117   Thumb Code     2  arm_startup_nrf51.o(.text)
    ADC_IRQHandler                           0x0001b119   Thumb Code     0  arm_startup_nrf51.o(.text)
    CCM_AAR_IRQHandler                       0x0001b119   Thumb Code     0  arm_startup_nrf51.o(.text)
    ECB_IRQHandler                           0x0001b119   Thumb Code     0  arm_startup_nrf51.o(.text)
    LPCOMP_IRQHandler                        0x0001b119   Thumb Code     0  arm_startup_nrf51.o(.text)
    POWER_CLOCK_IRQHandler                   0x0001b119   Thumb Code     0  arm_startup_nrf51.o(.text)
    QDEC_IRQHandler                          0x0001b119   Thumb Code     0  arm_startup_nrf51.o(.text)
    RADIO_IRQHandler                         0x0001b119   Thumb Code     0  arm_startup_nrf51.o(.text)
    RNG_IRQHandler                           0x0001b119   Thumb Code     0  arm_startup_nrf51.o(.text)
    RTC0_IRQHandler                          0x0001b119   Thumb Code     0  arm_startup_nrf51.o(.text)
    SPI0_TWI0_IRQHandler                     0x0001b119   Thumb Code     0  arm_startup_nrf51.o(.text)
    SPI1_TWI1_IRQHandler                     0x0001b119   Thumb Code     0  arm_startup_nrf51.o(.text)
    SWI1_IRQHandler                          0x0001b119   Thumb Code     0  arm_startup_nrf51.o(.text)
    SWI3_IRQHandler                          0x0001b119   Thumb Code     0  arm_startup_nrf51.o(.text)
    SWI4_IRQHandler                          0x0001b119   Thumb Code     0  arm_startup_nrf51.o(.text)
    SWI5_IRQHandler                          0x0001b119   Thumb Code     0  arm_startup_nrf51.o(.text)
    TEMP_IRQHandler                          0x0001b119   Thumb Code     0  arm_startup_nrf51.o(.text)
    TIMER0_IRQHandler                        0x0001b119   Thumb Code     0  arm_startup_nrf51.o(.text)
    TIMER1_IRQHandler                        0x0001b119   Thumb Code     0  arm_startup_nrf51.o(.text)
    TIMER2_IRQHandler                        0x0001b119   Thumb Code     0  arm_startup_nrf51.o(.text)
    WDT_IRQHandler                           0x0001b119   Thumb Code     0  arm_startup_nrf51.o(.text)
    __aeabi_uidiv                            0x0001b12d   Thumb Code     0  uidiv.o(.text)
    __aeabi_uidivmod                         0x0001b12d   Thumb Code    44  uidiv.o(.text)
    __aeabi_memcpy                           0x0001b159   Thumb Code    36  memcpya.o(.text)
    __aeabi_memcpy4                          0x0001b159   Thumb Code     0  memcpya.o(.text)
    __aeabi_memcpy8                          0x0001b159   Thumb Code     0  memcpya.o(.text)
    __aeabi_memset                           0x0001b17d   Thumb Code    14  memseta.o(.text)
    __aeabi_memset4                          0x0001b17d   Thumb Code     0  memseta.o(.text)
    __aeabi_memset8                          0x0001b17d   Thumb Code     0  memseta.o(.text)
    __aeabi_memclr                           0x0001b18b   Thumb Code     4  memseta.o(.text)
    __aeabi_memclr4                          0x0001b18b   Thumb Code     0  memseta.o(.text)
    __aeabi_memclr8                          0x0001b18b   Thumb Code     0  memseta.o(.text)
    _memset$wrapper                          0x0001b18f   Thumb Code    18  memseta.o(.text)
    __aeabi_uldivmod                         0x0001b1a1   Thumb Code    96  uldiv.o(.text)
    __I$use$fp                               0x0001b201   Thumb Code     0  iusefp.o(.text)
    __aeabi_dadd                             0x0001b201   Thumb Code   328  dadd.o(.text)
    __aeabi_dsub                             0x0001b349   Thumb Code    12  dadd.o(.text)
    __aeabi_drsub                            0x0001b355   Thumb Code    12  dadd.o(.text)
    __aeabi_dmul                             0x0001b365   Thumb Code   202  dmul.o(.text)
    __aeabi_ddiv                             0x0001b435   Thumb Code   234  ddiv.o(.text)
    __aeabi_d2ulz                            0x0001b525   Thumb Code    54  dfixul.o(.text)
    __aeabi_cdrcmple                         0x0001b565   Thumb Code    38  cdrcmple.o(.text)
    __scatterload                            0x0001b58d   Thumb Code    28  init.o(.text)
    __scatterload_rt2                        0x0001b58d   Thumb Code     0  init.o(.text)
    __aeabi_llsl                             0x0001b5b1   Thumb Code    32  llshl.o(.text)
    _ll_shift_l                              0x0001b5b1   Thumb Code     0  llshl.o(.text)
    __aeabi_llsr                             0x0001b5d1   Thumb Code    34  llushr.o(.text)
    _ll_ushift_r                             0x0001b5d1   Thumb Code     0  llushr.o(.text)
    __aeabi_lasr                             0x0001b5f3   Thumb Code    38  llsshr.o(.text)
    _ll_sshift_r                             0x0001b5f3   Thumb Code     0  llsshr.o(.text)
    _double_round                            0x0001b619   Thumb Code    26  depilogue.o(.text)
    _double_epilogue                         0x0001b633   Thumb Code   164  depilogue.o(.text)
    GPIOTE_IRQHandler                        0x0001b6d9   Thumb Code   234  nrf_drv_gpiote.o(i.GPIOTE_IRQHandler)
    RTC1_IRQHandler                          0x0001b825   Thumb Code    28  app_timer.o(i.RTC1_IRQHandler)
    SWI0_IRQHandler                          0x0001b845   Thumb Code     8  app_timer.o(i.SWI0_IRQHandler)
    SWI2_IRQHandler                          0x0001b84d   Thumb Code    28  softdevice_handler.o(i.SWI2_IRQHandler)
    SystemInit                               0x0001b86d   Thumb Code    64  system_nrf51.o(i.SystemInit)
    UART0_IRQHandler                         0x0001b8c1   Thumb Code     8  nrf_drv_uart.o(i.UART0_IRQHandler)
    __0printf                                0x0001b8c9   Thumb Code    24  printfa.o(i.__0printf)
    __1printf                                0x0001b8c9   Thumb Code     0  printfa.o(i.__0printf)
    __2printf                                0x0001b8c9   Thumb Code     0  printfa.o(i.__0printf)
    __c89printf                              0x0001b8c9   Thumb Code     0  printfa.o(i.__0printf)
    printf                                   0x0001b8c9   Thumb Code     0  printfa.o(i.__0printf)
    __ARM_clz                                0x0001b8e9   Thumb Code    46  depilogue.o(i.__ARM_clz)
    __ARM_common_switch8                     0x0001b917   Thumb Code    26  bsp.o(i.__ARM_common_switch8)
    __scatterload_copy                       0x0001b931   Thumb Code    14  handlers.o(i.__scatterload_copy)
    __scatterload_null                       0x0001b93f   Thumb Code     2  handlers.o(i.__scatterload_null)
    __scatterload_zeroinit                   0x0001b941   Thumb Code    14  handlers.o(i.__scatterload_zeroinit)
    adv_data_encode                          0x0001c1e1   Thumb Code   534  ble_advdata.o(i.adv_data_encode)
    app_button_enable                        0x0001c44d   Thumb Code    32  app_button.o(i.app_button_enable)
    app_button_init                          0x0001c471   Thumb Code   100  app_button.o(i.app_button_init)
    app_error_fault_handler                  0x0001c4e5   Thumb Code    18  app_error.o(i.app_error_fault_handler)
    app_error_handler_bare                   0x0001c501   Thumb Code    18  app_error.o(i.app_error_handler_bare)
    app_fifo_get                             0x0001c519   Thumb Code    22  app_fifo.o(i.app_fifo_get)
    app_fifo_init                            0x0001c52f   Thumb Code    36  app_fifo.o(i.app_fifo_init)
    app_fifo_put                             0x0001c553   Thumb Code    26  app_fifo.o(i.app_fifo_put)
    app_timer_create                         0x0001c56d   Thumb Code    40  app_timer.o(i.app_timer_create)
    app_timer_init                           0x0001c599   Thumb Code   126  app_timer.o(i.app_timer_init)
    app_timer_start                          0x0001c629   Thumb Code   114  app_timer.o(i.app_timer_start)
    app_timer_stop                           0x0001c6a5   Thumb Code    78  app_timer.o(i.app_timer_stop)
    app_uart_get                             0x0001c6f9   Thumb Code    44  app_uart_fifo.o(i.app_uart_get)
    app_uart_init                            0x0001c72d   Thumb Code   144  app_uart_fifo.o(i.app_uart_init)
    app_uart_put                             0x0001c7cd   Thumb Code    30  app_uart_fifo.o(i.app_uart_put)
    ble_advdata_set                          0x0001c7f5   Thumb Code   104  ble_advdata.o(i.ble_advdata_set)
    ble_advertising_init                     0x0001c85d   Thumb Code   284  ble_advertising.o(i.ble_advertising_init)
    ble_advertising_on_ble_evt               0x0001c981   Thumb Code   118  ble_advertising.o(i.ble_advertising_on_ble_evt)
    ble_advertising_restart_without_whitelist 0x0001ca0d   Thumb Code    56  ble_advertising.o(i.ble_advertising_restart_without_whitelist)
    ble_advertising_start                    0x0001ca4d   Thumb Code   470  ble_advertising.o(i.ble_advertising_start)
    ble_conn_params_init                     0x0001cc2d   Thumb Code    68  ble_conn_params.o(i.ble_conn_params_init)
    ble_conn_params_on_ble_evt               0x0001cc81   Thumb Code   132  ble_conn_params.o(i.ble_conn_params_on_ble_evt)
    ble_nus_init                             0x0001cd99   Thumb Code    98  ble_nus.o(i.ble_nus_init)
    ble_nus_on_ble_evt                       0x0001ce05   Thumb Code    88  ble_nus.o(i.ble_nus_on_ble_evt)
    ble_nus_string_send                      0x0001ce5d   Thumb Code    78  ble_nus.o(i.ble_nus_string_send)
    bsp_btn_ble_init                         0x0001cf15   Thumb Code    80  bsp_btn_ble.o(i.bsp_btn_ble_init)
    bsp_btn_ble_on_ble_evt                   0x0001cf69   Thumb Code   114  bsp_btn_ble.o(i.bsp_btn_ble_on_ble_evt)
    bsp_btn_ble_sleep_mode_prepare           0x0001cfe1   Thumb Code    20  bsp_btn_ble.o(i.bsp_btn_ble_sleep_mode_prepare)
    bsp_button_is_pressed                    0x0001d095   Thumb Code    34  bsp.o(i.bsp_button_is_pressed)
    bsp_event_handler                        0x0001d0c1   Thumb Code    50  main.o(i.bsp_event_handler)
    bsp_event_to_button_action_assign        0x0001d0f9   Thumb Code    66  bsp.o(i.bsp_event_to_button_action_assign)
    bsp_indication_set                       0x0001d141   Thumb Code    22  bsp.o(i.bsp_indication_set)
    bsp_init                                 0x0001d15d   Thumb Code   134  bsp.o(i.bsp_init)
    bsp_wakeup_buttons_set                   0x0001d3f5   Thumb Code    50  bsp.o(i.bsp_wakeup_buttons_set)
    fputc                                    0x0001d717   Thumb Code    14  retarget.o(i.fputc)
    intern_softdevice_events_execute         0x0001d775   Thumb Code   116  softdevice_handler.o(i.intern_softdevice_events_execute)
    main                                     0x0001da4d   Thumb Code   376  main.o(i.main)
    nrf_drv_common_irq_enable                0x0001dd19   Thumb Code    78  nrf_drv_common.o(i.nrf_drv_common_irq_enable)
    nrf_drv_gpiote_in_event_enable           0x0001dd79   Thumb Code   138  nrf_drv_gpiote.o(i.nrf_drv_gpiote_in_event_enable)
    nrf_drv_gpiote_in_init                   0x0001de19   Thumb Code   146  nrf_drv_gpiote.o(i.nrf_drv_gpiote_in_init)
    nrf_drv_gpiote_in_is_set                 0x0001debd   Thumb Code    16  nrf_drv_gpiote.o(i.nrf_drv_gpiote_in_is_set)
    nrf_drv_gpiote_init                      0x0001ded1   Thumb Code    76  nrf_drv_gpiote.o(i.nrf_drv_gpiote_init)
    nrf_drv_gpiote_is_init                   0x0001df25   Thumb Code    12  nrf_drv_gpiote.o(i.nrf_drv_gpiote_is_init)
    nrf_drv_uart_init                        0x0001df35   Thumb Code   170  nrf_drv_uart.o(i.nrf_drv_uart_init)
    nrf_drv_uart_rx                          0x0001dffd   Thumb Code    66  nrf_drv_uart.o(i.nrf_drv_uart_rx)
    nrf_drv_uart_rx_enable                   0x0001e049   Thumb Code    20  nrf_drv_uart.o(i.nrf_drv_uart_rx_enable)
    nrf_drv_uart_tx                          0x0001e0fd   Thumb Code    28  nrf_drv_uart.o(i.nrf_drv_uart_tx)
    pstorage_access_status_get               0x0001e36d   Thumb Code    30  pstorage.o(i.pstorage_access_status_get)
    sd_check_ram_start                       0x0001e4ed   Thumb Code    10  softdevice_handler.o(i.sd_check_ram_start)
    softdevice_ble_evt_handler_set           0x0001e5b5   Thumb Code    16  softdevice_handler.o(i.softdevice_ble_evt_handler_set)
    softdevice_enable                        0x0001e5c9   Thumb Code    14  softdevice_handler.o(i.softdevice_enable)
    softdevice_enable_get_default_config     0x0001e5dd   Thumb Code    40  softdevice_handler.o(i.softdevice_enable_get_default_config)
    softdevice_fault_handler                 0x0001e605   Thumb Code     8  softdevice_handler.o(i.softdevice_fault_handler)
    softdevice_handler_init                  0x0001e60d   Thumb Code    40  softdevice_handler.o(i.softdevice_handler_init)
    uart_event_handle                        0x0001e861   Thumb Code    84  main.o(i.uart_event_handle)
    Region$$Table$$Base                      0x0001ed14   Number         0  anon$$obj.o(Region$$Table)
    Region$$Table$$Limit                     0x0001ed34   Number         0  anon$$obj.o(Region$$Table)
    Image$$RW_IRAM1$$Base                    0x20001f00   Number         0  anon$$obj.o ABSOLUTE
    test                                     0x20001f01   Data           1  main.o(.data)
    __stdout                                 0x20001fbc   Data           4  retarget.o(.data)
    SystemCoreClock                          0x20001fd4   Data           4  system_nrf51.o(.data)
    __initial_sp                             0x20002f40   Data           0  arm_startup_nrf51.o(STACK)



==============================================================================

Memory Map of the image

  Image Entry point : 0x0001b0c1

  Load Region LR_IROM1 (Base: 0x0001b000, Size: 0x00003e0c, Max: 0x00025000, ABSOLUTE)

    Execution Region ER_IROM1 (Base: 0x0001b000, Size: 0x00003d34, Max: 0x00025000, ABSOLUTE)

    Base Addr    Size         Type   Attr      Idx    E Section Name        Object

    0x0001b000   0x000000c0   Data   RO         2159    RESET               arm_startup_nrf51.o
    0x0001b0c0   0x00000000   Code   RO         2201  * .ARM.Collect$$$$00000000  mc_p.l(entry.o)
    0x0001b0c0   0x00000004   Code   RO         2479    .ARM.Collect$$$$00000001  mc_p.l(entry2.o)
    0x0001b0c4   0x00000004   Code   RO         2482    .ARM.Collect$$$$00000004  mc_p.l(entry5.o)
    0x0001b0c8   0x00000000   Code   RO         2484    .ARM.Collect$$$$00000008  mc_p.l(entry7b.o)
    0x0001b0c8   0x00000000   Code   RO         2486    .ARM.Collect$$$$0000000A  mc_p.l(entry8b.o)
    0x0001b0c8   0x00000008   Code   RO         2487    .ARM.Collect$$$$0000000B  mc_p.l(entry9a.o)
    0x0001b0d0   0x00000000   Code   RO         2489    .ARM.Collect$$$$0000000D  mc_p.l(entry10a.o)
    0x0001b0d0   0x00000000   Code   RO         2491    .ARM.Collect$$$$0000000F  mc_p.l(entry11a.o)
    0x0001b0d0   0x00000004   Code   RO         2480    .ARM.Collect$$$$00002712  mc_p.l(entry2.o)
    0x0001b0d4   0x0000001e   Code   RO         1783    .emb_text           app_timer.o
    0x0001b0f2   0x00000002   PAD
    0x0001b0f4   0x00000038   Code   RO         2160    .text               arm_startup_nrf51.o
    0x0001b12c   0x0000002c   Code   RO         2204    .text               mc_p.l(uidiv.o)
    0x0001b158   0x00000024   Code   RO         2208    .text               mc_p.l(memcpya.o)
    0x0001b17c   0x00000024   Code   RO         2210    .text               mc_p.l(memseta.o)
    0x0001b1a0   0x00000060   Code   RO         2493    .text               mc_p.l(uldiv.o)
    0x0001b200   0x00000000   Code   RO         2495    .text               mc_p.l(iusefp.o)
    0x0001b200   0x00000164   Code   RO         2496    .text               mf_p.l(dadd.o)
    0x0001b364   0x000000d0   Code   RO         2498    .text               mf_p.l(dmul.o)
    0x0001b434   0x000000f0   Code   RO         2500    .text               mf_p.l(ddiv.o)
    0x0001b524   0x00000040   Code   RO         2502    .text               mf_p.l(dfixul.o)
    0x0001b564   0x00000028   Code   RO         2504    .text               mf_p.l(cdrcmple.o)
    0x0001b58c   0x00000024   Code   RO         2506    .text               mc_p.l(init.o)
    0x0001b5b0   0x00000020   Code   RO         2508    .text               mc_p.l(llshl.o)
    0x0001b5d0   0x00000022   Code   RO         2510    .text               mc_p.l(llushr.o)
    0x0001b5f2   0x00000026   Code   RO         2512    .text               mc_p.l(llsshr.o)
    0x0001b618   0x000000be   Code   RO         2514    .text               mf_p.l(depilogue.o)
    0x0001b6d6   0x00000002   PAD
    0x0001b6d8   0x00000108   Code   RO          866    i.GPIOTE_IRQHandler  nrf_drv_gpiote.o
    0x0001b7e0   0x00000044   Code   RO         1784    i.NVIC_SetPriority  app_timer.o
    0x0001b824   0x00000020   Code   RO         1785    i.RTC1_IRQHandler   app_timer.o
    0x0001b844   0x00000008   Code   RO         1786    i.SWI0_IRQHandler   app_timer.o
    0x0001b84c   0x00000020   Code   RO         2072    i.SWI2_IRQHandler   softdevice_handler.o
    0x0001b86c   0x00000054   Code   RO         2167    i.SystemInit        system_nrf51.o
    0x0001b8c0   0x00000008   Code   RO         1056    i.UART0_IRQHandler  nrf_drv_uart.o
    0x0001b8c8   0x00000020   Code   RO         2451    i.__0printf         mc_p.l(printfa.o)
    0x0001b8e8   0x0000002e   Code   RO         2516    i.__ARM_clz         mf_p.l(depilogue.o)
    0x0001b916   0x0000001a   Code   RO          345    i.__ARM_common_switch8  bsp.o
    0x0001b930   0x0000000e   Code   RO         2520    i.__scatterload_copy  mc_p.l(handlers.o)
    0x0001b93e   0x00000002   Code   RO         2521    i.__scatterload_null  mc_p.l(handlers.o)
    0x0001b940   0x0000000e   Code   RO         2522    i.__scatterload_zeroinit  mc_p.l(handlers.o)
    0x0001b94e   0x00000002   PAD
    0x0001b950   0x00000158   Code   RO         2458    i._fp_digits        mc_p.l(printfa.o)
    0x0001baa8   0x000006ec   Code   RO         2459    i._printf_core      mc_p.l(printfa.o)
    0x0001c194   0x00000020   Code   RO         2460    i._printf_post_padding  mc_p.l(printfa.o)
    0x0001c1b4   0x0000002c   Code   RO         2461    i._printf_pre_padding  mc_p.l(printfa.o)
    0x0001c1e0   0x00000216   Code   RO          399    i.adv_data_encode   ble_advdata.o
    0x0001c3f6   0x0000003c   Code   RO          360    i.advertising_buttons_configure  bsp_btn_ble.o
    0x0001c432   0x00000002   PAD
    0x0001c434   0x00000018   Code   RO          251    i.alert_timer_handler  bsp.o
    0x0001c44c   0x00000024   Code   RO         1611    i.app_button_enable  app_button.o
    0x0001c470   0x00000074   Code   RO         1612    i.app_button_init   app_button.o
    0x0001c4e4   0x0000001c   Code   RO         1668    i.app_error_fault_handler  app_error.o
    0x0001c500   0x00000018   Code   RO         1670    i.app_error_handler_bare  app_error.o
    0x0001c518   0x00000016   Code   RO         1724    i.app_fifo_get      app_fifo.o
    0x0001c52e   0x00000024   Code   RO         1725    i.app_fifo_init     app_fifo.o
    0x0001c552   0x0000001a   Code   RO         1726    i.app_fifo_put      app_fifo.o
    0x0001c56c   0x0000002c   Code   RO         1789    i.app_timer_create  app_timer.o
    0x0001c598   0x00000090   Code   RO         1790    i.app_timer_init    app_timer.o
    0x0001c628   0x0000007c   Code   RO         1791    i.app_timer_start   app_timer.o
    0x0001c6a4   0x00000054   Code   RO         1792    i.app_timer_stop    app_timer.o
    0x0001c6f8   0x00000034   Code   RO          728    i.app_uart_get      app_uart_fifo.o
    0x0001c72c   0x000000a0   Code   RO          729    i.app_uart_init     app_uart_fifo.o
    0x0001c7cc   0x00000028   Code   RO          730    i.app_uart_put      app_uart_fifo.o
    0x0001c7f4   0x00000068   Code   RO          400    i.ble_advdata_set   ble_advdata.o
    0x0001c85c   0x00000124   Code   RO          486    i.ble_advertising_init  ble_advertising.o
    0x0001c980   0x0000007c   Code   RO          487    i.ble_advertising_on_ble_evt  ble_advertising.o
    0x0001c9fc   0x00000010   Code   RO          490    i.ble_advertising_peer_address_clear  ble_advertising.o
    0x0001ca0c   0x00000040   Code   RO          491    i.ble_advertising_restart_without_whitelist  ble_advertising.o
    0x0001ca4c   0x000001e0   Code   RO          492    i.ble_advertising_start  ble_advertising.o
    0x0001cc2c   0x00000054   Code   RO          570    i.ble_conn_params_init  ble_conn_params.o
    0x0001cc80   0x00000090   Code   RO          571    i.ble_conn_params_on_ble_evt  ble_conn_params.o
    0x0001cd10   0x0000005e   Code   RO          401    i.ble_device_addr_encode  ble_advdata.o
    0x0001cd6e   0x00000002   PAD
    0x0001cd70   0x00000028   Code   RO            4    i.ble_evt_dispatch  main.o
    0x0001cd98   0x0000006c   Code   RO          640    i.ble_nus_init      ble_nus.o
    0x0001ce04   0x00000058   Code   RO          641    i.ble_nus_on_ble_evt  ble_nus.o
    0x0001ce5c   0x00000054   Code   RO          642    i.ble_nus_string_send  ble_nus.o
    0x0001ceb0   0x00000064   Code   RO            5    i.ble_stack_init    main.o
    0x0001cf14   0x00000054   Code   RO          361    i.bsp_btn_ble_init  bsp_btn_ble.o
    0x0001cf68   0x00000078   Code   RO          362    i.bsp_btn_ble_on_ble_evt  bsp_btn_ble.o
    0x0001cfe0   0x00000014   Code   RO          363    i.bsp_btn_ble_sleep_mode_prepare  bsp_btn_ble.o
    0x0001cff4   0x000000a0   Code   RO          252    i.bsp_button_event_handler  bsp.o
    0x0001d094   0x0000002c   Code   RO          253    i.bsp_button_is_pressed  bsp.o
    0x0001d0c0   0x00000038   Code   RO            6    i.bsp_event_handler  main.o
    0x0001d0f8   0x00000048   Code   RO          257    i.bsp_event_to_button_action_assign  bsp.o
    0x0001d140   0x0000001c   Code   RO          258    i.bsp_indication_set  bsp.o
    0x0001d15c   0x000000a0   Code   RO          260    i.bsp_init          bsp.o
    0x0001d1fc   0x000001f8   Code   RO          261    i.bsp_led_indication  bsp.o
    0x0001d3f4   0x0000003c   Code   RO          262    i.bsp_wakeup_buttons_set  bsp.o
    0x0001d430   0x0000000c   Code   RO          263    i.button_timer_handler  bsp.o
    0x0001d43c   0x0000001c   Code   RO          867    i.channel_free      nrf_drv_gpiote.o
    0x0001d458   0x00000048   Code   RO          868    i.channel_port_alloc  nrf_drv_gpiote.o
    0x0001d4a0   0x00000010   Code   RO          869    i.channel_port_get  nrf_drv_gpiote.o
    0x0001d4b0   0x000000a8   Code   RO         1794    i.compare_reg_update  app_timer.o
    0x0001d558   0x00000088   Code   RO          402    i.conn_int_encode   ble_advdata.o
    0x0001d5e0   0x00000008   Code   RO            7    i.conn_params_error_handler  main.o
    0x0001d5e8   0x00000068   Code   RO          573    i.conn_params_negotiation  ble_conn_params.o
    0x0001d650   0x00000060   Code   RO         1614    i.detection_delay_timeout_handler  app_button.o
    0x0001d6b0   0x00000040   Code   RO         1795    i.elapsed_ticks_acquire  app_timer.o
    0x0001d6f0   0x00000014   Code   RO         1729    i.fifo_get          app_fifo.o
    0x0001d704   0x00000012   Code   RO         1730    i.fifo_put          app_fifo.o
    0x0001d716   0x0000000e   Code   RO         2039    i.fputc             retarget.o
    0x0001d724   0x00000050   Code   RO         1615    i.gpiote_event_handler  app_button.o
    0x0001d774   0x00000078   Code   RO         2073    i.intern_softdevice_events_execute  softdevice_handler.o
    0x0001d7ec   0x0000001c   Code   RO          574    i.is_conn_params_ok  ble_conn_params.o
    0x0001d808   0x00000048   Code   RO         2168    i.is_manual_peripheral_setup_needed  system_nrf51.o
    0x0001d850   0x00000054   Code   RO          403    i.le_role_encode    ble_advdata.o
    0x0001d8a4   0x00000018   Code   RO          264    i.leds_timer_handler  bsp.o
    0x0001d8bc   0x000000bc   Code   RO         1796    i.list_deletions_handler  app_timer.o
    0x0001d978   0x000000d4   Code   RO         1797    i.list_insertions_handler  app_timer.o
    0x0001da4c   0x000001c4   Code   RO            8    i.main              main.o
    0x0001dc10   0x00000068   Code   RO          404    i.manuf_specific_data_encode  ble_advdata.o
    0x0001dc78   0x0000009e   Code   RO          405    i.name_encode       ble_advdata.o
    0x0001dd16   0x00000002   PAD
    0x0001dd18   0x00000060   Code   RO          833    i.nrf_drv_common_irq_enable  nrf_drv_common.o
    0x0001dd78   0x000000a0   Code   RO          872    i.nrf_drv_gpiote_in_event_enable  nrf_drv_gpiote.o
    0x0001de18   0x000000a4   Code   RO          873    i.nrf_drv_gpiote_in_init  nrf_drv_gpiote.o
    0x0001debc   0x00000014   Code   RO          874    i.nrf_drv_gpiote_in_is_set  nrf_drv_gpiote.o
    0x0001ded0   0x00000054   Code   RO          876    i.nrf_drv_gpiote_init  nrf_drv_gpiote.o
    0x0001df24   0x00000010   Code   RO          877    i.nrf_drv_gpiote_is_init  nrf_drv_gpiote.o
    0x0001df34   0x000000c8   Code   RO         1058    i.nrf_drv_uart_init  nrf_drv_uart.o
    0x0001dffc   0x0000004c   Code   RO         1059    i.nrf_drv_uart_rx   nrf_drv_uart.o
    0x0001e048   0x00000018   Code   RO         1062    i.nrf_drv_uart_rx_enable  nrf_drv_uart.o
    0x0001e060   0x0000009c   Code   RO         1063    i.nrf_drv_uart_rx_for_uart  nrf_drv_uart.o
    0x0001e0fc   0x00000020   Code   RO         1064    i.nrf_drv_uart_tx   nrf_drv_uart.o
    0x0001e11c   0x00000074   Code   RO         1066    i.nrf_drv_uart_tx_for_uart  nrf_drv_uart.o
    0x0001e190   0x00000024   Code   RO          889    i.nrf_gpio_cfg      nrf_drv_gpiote.o
    0x0001e1b4   0x00000024   Code   RO         1068    i.nrf_gpio_cfg      nrf_drv_uart.o
    0x0001e1d8   0x00000012   Code   RO         1070    i.nrf_gpio_cfg_input  nrf_drv_uart.o
    0x0001e1ea   0x00000014   Code   RO         1071    i.nrf_gpio_cfg_output  nrf_drv_uart.o
    0x0001e1fe   0x00000002   PAD
    0x0001e200   0x00000020   Code   RO          891    i.nrf_gpio_cfg_sense_set  nrf_drv_gpiote.o
    0x0001e220   0x00000014   Code   RO          892    i.nrf_gpiote_event_is_set  nrf_drv_gpiote.o
    0x0001e234   0x0000000a   Code   RO         1072    i.nrf_uart_event_check  nrf_drv_uart.o
    0x0001e23e   0x00000010   Code   RO         1073    i.nrf_uart_int_enable_check  nrf_drv_uart.o
    0x0001e24e   0x00000002   PAD
    0x0001e250   0x00000030   Code   RO            9    i.nus_data_handler  main.o
    0x0001e280   0x00000020   Code   RO           10    i.on_adv_evt        main.o
    0x0001e2a0   0x00000064   Code   RO           11    i.on_ble_evt        main.o
    0x0001e304   0x00000020   Code   RO           12    i.on_conn_params_evt  main.o
    0x0001e324   0x00000016   Code   RO          494    i.peer_address_exists  ble_advertising.o
    0x0001e33a   0x00000002   PAD
    0x0001e33c   0x00000018   Code   RO          893    i.pin_in_use_by_port  nrf_drv_gpiote.o
    0x0001e354   0x00000018   Code   RO          894    i.pin_in_use_by_te  nrf_drv_gpiote.o
    0x0001e36c   0x00000028   Code   RO         1236    i.pstorage_access_status_get  pstorage.o
    0x0001e394   0x00000044   Code   RO         1798    i.rtc1_stop         app_timer.o
    0x0001e3d8   0x00000038   Code   RO         1074    i.rx_byte           nrf_drv_uart.o
    0x0001e410   0x000000a4   Code   RO          643    i.rx_char_add       ble_nus.o
    0x0001e4b4   0x0000001c   Code   RO         1075    i.rx_done_event     nrf_drv_uart.o
    0x0001e4d0   0x0000001c   Code   RO         1076    i.rx_enable         nrf_drv_uart.o
    0x0001e4ec   0x00000010   Code   RO         2074    i.sd_check_ram_start  softdevice_handler.o
    0x0001e4fc   0x0000008e   Code   RO          406    i.service_data_encode  ble_advdata.o
    0x0001e58a   0x00000028   Code   RO           13    i.sleep_mode_enter  main.o
    0x0001e5b2   0x00000002   PAD
    0x0001e5b4   0x00000014   Code   RO         2075    i.softdevice_ble_evt_handler_set  softdevice_handler.o
    0x0001e5c8   0x00000014   Code   RO         2076    i.softdevice_enable  softdevice_handler.o
    0x0001e5dc   0x00000028   Code   RO         2077    i.softdevice_enable_get_default_config  softdevice_handler.o
    0x0001e604   0x00000008   Code   RO         2078    i.softdevice_fault_handler  softdevice_handler.o
    0x0001e60c   0x00000030   Code   RO         2079    i.softdevice_handler_init  softdevice_handler.o
    0x0001e63c   0x00000084   Code   RO         1799    i.timer_list_handler  app_timer.o
    0x0001e6c0   0x00000010   Code   RO         1800    i.timer_list_handler_sched  app_timer.o
    0x0001e6d0   0x00000040   Code   RO         1801    i.timer_list_insert  app_timer.o
    0x0001e710   0x00000080   Code   RO         1802    i.timer_timeouts_check  app_timer.o
    0x0001e790   0x0000002c   Code   RO         1077    i.tx_byte           nrf_drv_uart.o
    0x0001e7bc   0x00000084   Code   RO          644    i.tx_char_add       ble_nus.o
    0x0001e840   0x00000020   Code   RO         1078    i.tx_done_event     nrf_drv_uart.o
    0x0001e860   0x00000060   Code   RO           14    i.uart_event_handle  main.o
    0x0001e8c0   0x000000b0   Code   RO          731    i.uart_event_handler  app_uart_fifo.o
    0x0001e970   0x00000128   Code   RO         1079    i.uart_irq_handler  nrf_drv_uart.o
    0x0001ea98   0x0000000a   Code   RO          407    i.uint16_encode     ble_advdata.o
    0x0001eaa2   0x00000002   PAD
    0x0001eaa4   0x00000064   Code   RO          575    i.update_timeout_handler  ble_conn_params.o
    0x0001eb08   0x00000054   Code   RO         1803    i.user_id_get       app_timer.o
    0x0001eb5c   0x00000026   Code   RO         1804    i.user_op_alloc     app_timer.o
    0x0001eb82   0x00000030   Code   RO          408    i.uuid_list_encode  ble_advdata.o
    0x0001ebb2   0x000000ae   Code   RO          409    i.uuid_list_sized_encode  ble_advdata.o
    0x0001ec60   0x00000010   Code   RO          495    i.whitelist_has_entries  ble_advertising.o
    0x0001ec70   0x0000000c   Data   RO           16    .constdata          main.o
    0x0001ec7c   0x0000003c   Data   RO          269    .constdata          bsp.o
    0x0001ecb8   0x00000004   Data   RO          578    .constdata          ble_conn_params.o
    0x0001ecbc   0x00000010   Data   RO          645    .constdata          ble_nus.o
    0x0001eccc   0x00000020   Data   RO          733    .constdata          app_uart_fifo.o
    0x0001ecec   0x00000020   Data   RO         1081    .constdata          nrf_drv_uart.o
    0x0001ed0c   0x00000008   Data   RO         1617    .constdata          app_button.o
    0x0001ed14   0x00000020   Data   RO         2518    Region$$Table       anon$$obj.o


    Execution Region RW_IRAM1 (Base: 0x20001f00, Size: 0x00001040, Max: 0x00006100, ABSOLUTE)

    Base Addr    Size         Type   Attr      Idx    E Section Name        Object

    0x20001f00   0x00000008   Data   RW           17    .data               main.o
    0x20001f08   0x00000018   Data   RW          270    .data               bsp.o
    0x20001f20   0x00000008   Data   RW          364    .data               bsp_btn_ble.o
    0x20001f28   0x0000001f   Data   RW          497    .data               ble_advertising.o
    0x20001f47   0x00000001   PAD
    0x20001f48   0x00000014   Data   RW          579    .data               ble_conn_params.o
    0x20001f5c   0x00000008   Data   RW          734    .data               app_uart_fifo.o
    0x20001f64   0x00000024   Data   RW         1261    .data               pstorage.o
    0x20001f88   0x00000014   Data   RW         1618    .data               app_button.o
    0x20001f9c   0x00000020   Data   RW         1805    .data               app_timer.o
    0x20001fbc   0x00000004   Data   RW         2040    .data               retarget.o
    0x20001fc0   0x00000014   Data   RW         2083    .data               softdevice_handler.o
    0x20001fd4   0x00000004   Data   RW         2169    .data               system_nrf51.o
    0x20001fd8   0x00000440   Zero   RW           15    .bss                main.o
    0x20002418   0x00000020   Zero   RW          265    .bss                bsp.o
    0x20002438   0x00000020   Zero   RW          266    .bss                bsp.o
    0x20002458   0x0000000c   Zero   RW          267    .bss                bsp.o
    0x20002464   0x00000020   Zero   RW          268    .bss                bsp.o
    0x20002484   0x00000103   Zero   RW          496    .bss                ble_advertising.o
    0x20002587   0x00000001   PAD
    0x20002588   0x00000020   Zero   RW          576    .bss                ble_conn_params.o
    0x200025a8   0x0000001c   Zero   RW          577    .bss                ble_conn_params.o
    0x200025c4   0x00000020   Zero   RW          732    .bss                app_uart_fifo.o
    0x200025e4   0x00000048   Zero   RW          895    .bss                nrf_drv_gpiote.o
    0x2000262c   0x0000001c   Zero   RW         1080    .bss                nrf_drv_uart.o
    0x20002648   0x000000d8   Zero   RW         1259    .bss                pstorage.o
    0x20002720   0x00000020   Zero   RW         1616    .bss                app_button.o
    0x20002740   0x00000800   Zero   RW         2157    STACK               arm_startup_nrf51.o


==============================================================================

Image component sizes


      Code (inc. data)   RO Data    RW Data    ZI Data      Debug   Object Name

       328         34          8         20         32       8646   app_button.o
        52         16          0          0          0       9087   app_error.o
       122          0          0          0          0       3926   app_fifo.o
      1696        152          0         32          0      28171   app_timer.o
       428         44         32          8         32       9990   app_uart_fifo.o
        56         18        192          0       2048        672   arm_startup_nrf51.o
      1588          6          0          0          0      18924   ble_advdata.o
      1014         36          0         31        259       7640   ble_advertising.o
       460         58          4         20         60      12704   ble_conn_params.o
       576         26         16          0          0       5402   ble_nus.o
      1114        118         60         24        108       9557   bsp.o
       284         10          0          8          0       4421   bsp_btn_ble.o
      1004        124         12          8       1088      98194   main.o
        96         18          0          0          0       8536   nrf_drv_common.o
       960        128          0          0         72      21272   nrf_drv_gpiote.o
      1196        136         32          0         28      24640   nrf_drv_uart.o
        40         10          0         36        216      10149   pstorage.o
        14          0          0          4          0       2706   retarget.o
       304         32          0         20          0       8503   softdevice_handler.o
       156         26          0          4          0       2047   system_nrf51.o

    ----------------------------------------------------------------------
     11506        992        388        216       3944     295187   Object Totals
         0          0         32          0          0          0   (incl. Generated)
        18          0          0          1          1          0   (incl. Padding)

    ----------------------------------------------------------------------

      Code (inc. data)   RO Data    RW Data    ZI Data      Debug   Library Member Name

         0          0          0          0          0          0   entry.o
         0          0          0          0          0          0   entry10a.o
         0          0          0          0          0          0   entry11a.o
         8          4          0          0          0          0   entry2.o
         4          0          0          0          0          0   entry5.o
         0          0          0          0          0          0   entry7b.o
         0          0          0          0          0          0   entry8b.o
         8          4          0          0          0          0   entry9a.o
        30          0          0          0          0          0   handlers.o
        36          8          0          0          0         68   init.o
         0          0          0          0          0          0   iusefp.o
        32          0          0          0          0         68   llshl.o
        38          0          0          0          0         68   llsshr.o
        34          0          0          0          0         68   llushr.o
        36          0          0          0          0         60   memcpya.o
        36          0          0          0          0        100   memseta.o
      2224         98          0          0          0        412   printfa.o
        44          0          0          0          0         72   uidiv.o
        96          0          0          0          0         84   uldiv.o
        40          2          0          0          0         68   cdrcmple.o
       356          4          0          0          0        140   dadd.o
       240          6          0          0          0         84   ddiv.o
       236          0          0          0          0        216   depilogue.o
        64         10          0          0          0         68   dfixul.o
       208          6          0          0          0         88   dmul.o

    ----------------------------------------------------------------------
      3774        142          0          0          0       1664   Library Totals
         4          0          0          0          0          0   (incl. Padding)

    ----------------------------------------------------------------------

      Code (inc. data)   RO Data    RW Data    ZI Data      Debug   Library Name

      2626        114          0          0          0       1000   mc_p.l
      1144         28          0          0          0        664   mf_p.l

    ----------------------------------------------------------------------
      3774        142          0          0          0       1664   Library Totals

    ----------------------------------------------------------------------

==============================================================================


      Code (inc. data)   RO Data    RW Data    ZI Data      Debug   

     15280       1134        388        216       3944     290475   Grand Totals
     15280       1134        388        216       3944     290475   ELF Image Totals
     15280       1134        388        216          0          0   ROM Totals

==============================================================================

    Total RO  Size (Code + RO Data)                15668 (  15.30kB)
    Total RW  Size (RW Data + ZI Data)              4160 (   4.06kB)
    Total ROM Size (Code + RO Data + RW Data)      15884 (  15.51kB)

==============================================================================

