Component: ARM Compiler 5.06 update 1 (build 61) Tool: armlink [4d35a8]

==============================================================================

Section Cross References

    main.o(i.assert_nrf_callback) refers to app_error.o(i.app_error_handler) for app_error_handler
    main.o(i.ble_evt_dispatch) refers to ble_conn_params.o(i.ble_conn_params_on_ble_evt) for ble_conn_params_on_ble_evt
    main.o(i.ble_evt_dispatch) refers to ble_nus.o(i.ble_nus_on_ble_evt) for ble_nus_on_ble_evt
    main.o(i.ble_evt_dispatch) refers to main.o(i.on_ble_evt) for on_ble_evt
    main.o(i.ble_evt_dispatch) refers to ble_advertising.o(i.ble_advertising_on_ble_evt) for ble_advertising_on_ble_evt
    main.o(i.ble_evt_dispatch) refers to bsp_btn_ble.o(i.bsp_btn_ble_on_ble_evt) for bsp_btn_ble_on_ble_evt
    main.o(i.ble_evt_dispatch) refers to main.o(.bss) for .bss
    main.o(i.ble_stack_init) refers to softdevice_handler.o(i.softdevice_handler_init) for softdevice_handler_init
    main.o(i.ble_stack_init) refers to app_error.o(i.app_error_handler_bare) for app_error_handler_bare
    main.o(i.ble_stack_init) refers to softdevice_handler.o(i.softdevice_enable_get_default_config) for softdevice_enable_get_default_config
    main.o(i.ble_stack_init) refers to softdevice_handler.o(i.sd_check_ram_start) for sd_check_ram_start
    main.o(i.ble_stack_init) refers to softdevice_handler.o(i.softdevice_enable) for softdevice_enable
    main.o(i.ble_stack_init) refers to softdevice_handler.o(i.softdevice_ble_evt_handler_set) for softdevice_ble_evt_handler_set
    main.o(i.ble_stack_init) refers to main.o(.bss) for .bss
    main.o(i.ble_stack_init) refers to main.o(i.ble_evt_dispatch) for ble_evt_dispatch
    main.o(i.bsp_event_handler) refers to main.o(i.sleep_mode_enter) for sleep_mode_enter
    main.o(i.bsp_event_handler) refers to app_error.o(i.app_error_handler_bare) for app_error_handler_bare
    main.o(i.bsp_event_handler) refers to ble_advertising.o(i.ble_advertising_restart_without_whitelist) for ble_advertising_restart_without_whitelist
    main.o(i.bsp_event_handler) refers to main.o(.data) for .data
    main.o(i.conn_params_error_handler) refers to app_error.o(i.app_error_handler_bare) for app_error_handler_bare
    main.o(i.main) refers to app_timer.o(i.app_timer_init) for app_timer_init
    main.o(i.main) refers to app_error.o(i.app_error_handler_bare) for app_error_handler_bare
    main.o(i.main) refers to app_uart_fifo.o(i.app_uart_init) for app_uart_init
    main.o(i.main) refers to bsp.o(i.bsp_init) for bsp_init
    main.o(i.main) refers to bsp_btn_ble.o(i.bsp_btn_ble_init) for bsp_btn_ble_init
    main.o(i.main) refers to main.o(i.ble_stack_init) for ble_stack_init
    main.o(i.main) refers to ble_nus.o(i.ble_nus_init) for ble_nus_init
    main.o(i.main) refers to memseta.o(.text) for __aeabi_memclr4
    main.o(i.main) refers to ble_advertising.o(i.ble_advertising_init) for ble_advertising_init
    main.o(i.main) refers to ble_conn_params.o(i.ble_conn_params_init) for ble_conn_params_init
    main.o(i.main) refers to printfa.o(i.__0printf) for __2printf
    main.o(i.main) refers to ble_advertising.o(i.ble_advertising_start) for ble_advertising_start
    main.o(i.main) refers to shiftreg.o(i.shiftRegInit) for shiftRegInit
    main.o(i.main) refers to main.o(i.nrf_gpio_pin_read) for nrf_gpio_pin_read
    main.o(i.main) refers to ble_nus.o(i.ble_nus_string_send) for ble_nus_string_send
    main.o(i.main) refers to shiftreg.o(i.testFunksjon) for testFunksjon
    main.o(i.main) refers to shiftreg.o(i.shiftRegWrite) for shiftRegWrite
    main.o(i.main) refers to main.o(.bss) for .bss
    main.o(i.main) refers to main.o(.constdata) for .constdata
    main.o(i.main) refers to main.o(i.uart_event_handle) for uart_event_handle
    main.o(i.main) refers to main.o(i.bsp_event_handler) for bsp_event_handler
    main.o(i.main) refers to main.o(i.nus_data_handler) for nus_data_handler
    main.o(i.main) refers to main.o(.data) for .data
    main.o(i.main) refers to main.o(i.on_adv_evt) for on_adv_evt
    main.o(i.main) refers to main.o(i.on_conn_params_evt) for on_conn_params_evt
    main.o(i.main) refers to main.o(i.conn_params_error_handler) for conn_params_error_handler
    main.o(i.nus_data_handler) refers to app_uart_fifo.o(i.app_uart_put) for app_uart_put
    main.o(i.nus_data_handler) refers to main.o(.data) for .data
    main.o(i.on_adv_evt) refers to bsp.o(i.bsp_indication_set) for bsp_indication_set
    main.o(i.on_adv_evt) refers to app_error.o(i.app_error_handler_bare) for app_error_handler_bare
    main.o(i.on_adv_evt) refers to main.o(i.sleep_mode_enter) for sleep_mode_enter
    main.o(i.on_ble_evt) refers to app_error.o(i.app_error_handler_bare) for app_error_handler_bare
    main.o(i.on_ble_evt) refers to bsp.o(i.bsp_indication_set) for bsp_indication_set
    main.o(i.on_ble_evt) refers to main.o(.data) for .data
[...]
    ..\\..\\..\\..\\..\\..\\components\\libraries\\util\\nrf_log.c 0x00000000   Number         0  nrf_log.o ABSOLUTE
    ..\\..\\..\\..\\..\\..\\components\\softdevice\\common\\softdevice_handler\\softdevice_handler.c 0x00000000   Number         0  softdevice_handler.o ABSOLUTE
    ..\\..\\..\\..\\..\\bsp\\bsp.c           0x00000000   Number         0  bsp.o ABSOLUTE
    ..\\..\\..\\..\\..\\bsp\\bsp_btn_ble.c   0x00000000   Number         0  bsp_btn_ble.o ABSOLUTE
    ..\\..\\..\\main.c                       0x00000000   Number         0  main.o ABSOLUTE
    ..\\..\\..\\shiftReg.c                   0x00000000   Number         0  shiftreg.o ABSOLUTE
    RTE\Device\nRF52832_xxAA\arm_startup_nrf52.s 0x00000000   Number         0  arm_startup_nrf52.o ABSOLUTE
    RTE\Device\nRF52832_xxAA\system_nrf52.c  0x00000000   Number         0  system_nrf52.o ABSOLUTE
    RTE\\Device\\nRF52832_xxAA\\system_nrf52.c 0x00000000   Number         0  system_nrf52.o ABSOLUTE
    cdrcmple.s                               0x00000000   Number         0  cdrcmple.o ABSOLUTE
    dc.s                                     0x00000000   Number         0  dc.o ABSOLUTE
    handlers.s                               0x00000000   Number         0  handlers.o ABSOLUTE
    init.s                                   0x00000000   Number         0  init.o ABSOLUTE
    RESET                                    0x0001b000   Section     1024  arm_startup_nrf52.o(RESET)
    .ARM.Collect$$$$00000000                 0x0001b400   Section        0  entry.o(.ARM.Collect$$$$00000000)
    .ARM.Collect$$$$00000001                 0x0001b400   Section        4  entry2.o(.ARM.Collect$$$$00000001)
    .ARM.Collect$$$$00000004                 0x0001b404   Section        4  entry5.o(.ARM.Collect$$$$00000004)
    .ARM.Collect$$$$00000008                 0x0001b408   Section        0  entry7b.o(.ARM.Collect$$$$00000008)
    .ARM.Collect$$$$0000000A                 0x0001b408   Section        0  entry8b.o(.ARM.Collect$$$$0000000A)
    .ARM.Collect$$$$0000000B                 0x0001b408   Section        8  entry9a.o(.ARM.Collect$$$$0000000B)
    .ARM.Collect$$$$0000000D                 0x0001b410   Section        0  entry10a.o(.ARM.Collect$$$$0000000D)
    .ARM.Collect$$$$0000000F                 0x0001b410   Section        0  entry11a.o(.ARM.Collect$$$$0000000F)
    .ARM.Collect$$$$00002712                 0x0001b410   Section        4  entry2.o(.ARM.Collect$$$$00002712)
    __lit__00000000                          0x0001b410   Data           4  entry2.o(.ARM.Collect$$$$00002712)
    .emb_text                                0x0001b414   Section      118  nrf_delay.o(.emb_text)
    $v0                                      0x0001b414   Number         0  nrf_delay.o(.emb_text)
    .emb_text                                0x0001b48c   Section      118  app_timer.o(.emb_text)
    $v0                                      0x0001b48c   Number         0  app_timer.o(.emb_text)
    .text                                    0x0001b504   Section       36  arm_startup_nrf52.o(.text)
    $v0                                      0x0001b504   Number         0  arm_startup_nrf52.o(.text)
    .text                                    0x0001b528   Section        0  memcpya.o(.text)
    .text                                    0x0001b54c   Section        0  memseta.o(.text)
    .text                                    0x0001b570   Section        0  uidiv.o(.text)
    .text                                    0x0001b59c   Section        0  uldiv.o(.text)
    .text                                    0x0001b5fe   Section        0  iusefp.o(.text)
    .text                                    0x0001b5fe   Section        0  dadd.o(.text)
    .text                                    0x0001b74c   Section        0  dmul.o(.text)
    .text                                    0x0001b830   Section        0  ddiv.o(.text)
    .text                                    0x0001b90e   Section        0  dfixul.o(.text)
    .text                                    0x0001b940   Section       48  cdrcmple.o(.text)
    .text                                    0x0001b970   Section       36  init.o(.text)
    .text                                    0x0001b994   Section        0  llshl.o(.text)
    .text                                    0x0001b9b2   Section        0  llushr.o(.text)
    .text                                    0x0001b9d2   Section        0  llsshr.o(.text)
    .text                                    0x0001b9f6   Section        0  depilogue.o(.text)
    i.GPIOTE_IRQHandler                      0x0001bab0   Section        0  nrf_drv_gpiote.o(i.GPIOTE_IRQHandler)
    i.NVIC_ClearPendingIRQ                   0x0001bbb4   Section        0  app_timer.o(i.NVIC_ClearPendingIRQ)
    NVIC_ClearPendingIRQ                     0x0001bbb5   Thumb Code    22  app_timer.o(i.NVIC_ClearPendingIRQ)
    i.NVIC_EnableIRQ                         0x0001bbca   Section        0  app_timer.o(i.NVIC_EnableIRQ)
    NVIC_EnableIRQ                           0x0001bbcb   Thumb Code    22  app_timer.o(i.NVIC_EnableIRQ)
    i.NVIC_SetPendingIRQ                     0x0001bbe0   Section        0  app_timer.o(i.NVIC_SetPendingIRQ)
    NVIC_SetPendingIRQ                       0x0001bbe1   Thumb Code    22  app_timer.o(i.NVIC_SetPendingIRQ)
    i.NVIC_SetPriority                       0x0001bbf6   Section        0  app_timer.o(i.NVIC_SetPriority)
    NVIC_SetPriority                         0x0001bbf7   Thumb Code    32  app_timer.o(i.NVIC_SetPriority)
    i.RTC1_IRQHandler                        0x0001bc18   Section        0  app_timer.o(i.RTC1_IRQHandler)
    i.SWI0_EGU0_IRQHandler                   0x0001bc3c   Section        0  app_timer.o(i.SWI0_EGU0_IRQHandler)
    i.SWI2_EGU2_IRQHandler                   0x0001bc40   Section        0  softdevice_handler.o(i.SWI2_EGU2_IRQHandler)
    i.SystemInit                             0x0001bc64   Section        0  system_nrf52.o(i.SystemInit)
    i.UARTE0_UART0_IRQHandler                0x0001bec0   Section        0  nrf_drv_uart.o(i.UARTE0_UART0_IRQHandler)
    i.__0printf                              0x0001bed4   Section        0  printfa.o(i.__0printf)
    i.__scatterload_copy                     0x0001bef4   Section       14  handlers.o(i.__scatterload_copy)
    i.__scatterload_null                     0x0001bf02   Section        2  handlers.o(i.__scatterload_null)
    i.__scatterload_zeroinit                 0x0001bf04   Section       14  handlers.o(i.__scatterload_zeroinit)
    i._fp_digits                             0x0001bf14   Section        0  printfa.o(i._fp_digits)
    _fp_digits                               0x0001bf15   Thumb Code   334  printfa.o(i._fp_digits)
    i._printf_core                           0x0001c078   Section        0  printfa.o(i._printf_core)
    _printf_core                             0x0001c079   Thumb Code  1744  printfa.o(i._printf_core)
    i._printf_post_padding                   0x0001c754   Section        0  printfa.o(i._printf_post_padding)
    _printf_post_padding                     0x0001c755   Thumb Code    36  printfa.o(i._printf_post_padding)
    i._printf_pre_padding                    0x0001c778   Section        0  printfa.o(i._printf_pre_padding)
    _printf_pre_padding                      0x0001c779   Thumb Code    46  printfa.o(i._printf_pre_padding)
    i.adv_data_encode                        0x0001c7a6   Section        0  ble_advdata.o(i.adv_data_encode)
    i.advertising_buttons_configure          0x0001c9a8   Section        0  bsp_btn_ble.o(i.advertising_buttons_configure)
    advertising_buttons_configure            0x0001c9a9   Thumb Code    54  bsp_btn_ble.o(i.advertising_buttons_configure)
    i.alert_timer_handler                    0x0001c9e0   Section        0  bsp.o(i.alert_timer_handler)
    alert_timer_handler                      0x0001c9e1   Thumb Code    26  bsp.o(i.alert_timer_handler)
    i.app_button_enable                      0x0001ca00   Section        0  app_button.o(i.app_button_enable)
    i.app_button_init                        0x0001ca24   Section        0  app_button.o(i.app_button_init)
    i.app_error_fault_handler                0x0001ca94   Section        0  app_error.o(i.app_error_fault_handler)
    i.app_error_handler_bare                 0x0001cab8   Section        0  app_error.o(i.app_error_handler_bare)
    i.app_fifo_get                           0x0001cacc   Section        0  app_fifo.o(i.app_fifo_get)
    i.app_fifo_init                          0x0001cae2   Section        0  app_fifo.o(i.app_fifo_init)
    i.app_fifo_put                           0x0001cb02   Section        0  app_fifo.o(i.app_fifo_put)
    i.app_timer_create                       0x0001cb1c   Section        0  app_timer.o(i.app_timer_create)
    i.app_timer_init                         0x0001cb40   Section        0  app_timer.o(i.app_timer_init)
    i.app_timer_start                        0x0001cbd0   Section        0  app_timer.o(i.app_timer_start)
    i.app_timer_stop                         0x0001cc50   Section        0  app_timer.o(i.app_timer_stop)
    i.app_uart_get                           0x0001cca0   Section        0  app_uart_fifo.o(i.app_uart_get)
    i.app_uart_init                          0x0001ccd4   Section        0  app_uart_fifo.o(i.app_uart_init)
    i.app_uart_put                           0x0001cd78   Section        0  app_uart_fifo.o(i.app_uart_put)
    i.apply_config                           0x0001cda4   Section        0  nrf_drv_uart.o(i.apply_config)
    apply_config                             0x0001cda5   Thumb Code   108  nrf_drv_uart.o(i.apply_config)
    i.ble_advdata_set                        0x0001ce1c   Section        0  ble_advdata.o(i.ble_advdata_set)
    i.ble_advertising_init                   0x0001ce84   Section        0  ble_advertising.o(i.ble_advertising_init)
    i.ble_advertising_on_ble_evt             0x0001cfa0   Section        0  ble_advertising.o(i.ble_advertising_on_ble_evt)
    i.ble_advertising_peer_address_clear     0x0001d020   Section        0  ble_advertising.o(i.ble_advertising_peer_address_clear)
    ble_advertising_peer_address_clear       0x0001d021   Thumb Code    12  ble_advertising.o(i.ble_advertising_peer_address_clear)
    i.ble_advertising_restart_without_whitelist 0x0001d030   Section        0  ble_advertising.o(i.ble_advertising_restart_without_whitelist)
    i.ble_advertising_start                  0x0001d068   Section        0  ble_advertising.o(i.ble_advertising_start)
    i.ble_conn_params_init                   0x0001d240   Section        0  ble_conn_params.o(i.ble_conn_params_init)
    i.ble_conn_params_on_ble_evt             0x0001d298   Section        0  ble_conn_params.o(i.ble_conn_params_on_ble_evt)
    i.ble_device_addr_encode                 0x0001d324   Section        0  ble_advdata.o(i.ble_device_addr_encode)
    ble_device_addr_encode                   0x0001d325   Thumb Code    94  ble_advdata.o(i.ble_device_addr_encode)
    i.ble_evt_dispatch                       0x0001d384   Section        0  main.o(i.ble_evt_dispatch)
    ble_evt_dispatch                         0x0001d385   Thumb Code    38  main.o(i.ble_evt_dispatch)
    i.ble_nus_init                           0x0001d3b0   Section        0  ble_nus.o(i.ble_nus_init)
    i.ble_nus_on_ble_evt                     0x0001d418   Section        0  ble_nus.o(i.ble_nus_on_ble_evt)
    i.ble_nus_string_send                    0x0001d46a   Section        0  ble_nus.o(i.ble_nus_string_send)
    i.ble_stack_init                         0x0001d4b8   Section        0  main.o(i.ble_stack_init)
    ble_stack_init                           0x0001d4b9   Thumb Code    80  main.o(i.ble_stack_init)
    i.bsp_btn_ble_init                       0x0001d514   Section        0  bsp_btn_ble.o(i.bsp_btn_ble_init)
    i.bsp_btn_ble_on_ble_evt                 0x0001d560   Section        0  bsp_btn_ble.o(i.bsp_btn_ble_on_ble_evt)
    i.bsp_btn_ble_sleep_mode_prepare         0x0001d5d0   Section        0  bsp_btn_ble.o(i.bsp_btn_ble_sleep_mode_prepare)
    i.bsp_button_event_handler               0x0001d5e4   Section        0  bsp.o(i.bsp_button_event_handler)
    bsp_button_event_handler                 0x0001d5e5   Thumb Code   154  bsp.o(i.bsp_button_event_handler)
    i.bsp_button_is_pressed                  0x0001d68c   Section        0  bsp.o(i.bsp_button_is_pressed)
    i.bsp_event_handler                      0x0001d6b8   Section        0  main.o(i.bsp_event_handler)
    i.bsp_event_to_button_action_assign      0x0001d6f4   Section        0  bsp.o(i.bsp_event_to_button_action_assign)
    i.bsp_indication_set                     0x0001d738   Section        0  bsp.o(i.bsp_indication_set)
    i.bsp_init                               0x0001d750   Section        0  bsp.o(i.bsp_init)
    i.bsp_led_indication                     0x0001d7f8   Section        0  bsp.o(i.bsp_led_indication)
    bsp_led_indication                       0x0001d7f9   Thumb Code   544  bsp.o(i.bsp_led_indication)
    i.bsp_wakeup_buttons_set                 0x0001da24   Section        0  bsp.o(i.bsp_wakeup_buttons_set)
    i.button_timer_handler                   0x0001da60   Section        0  bsp.o(i.button_timer_handler)
    button_timer_handler                     0x0001da61   Thumb Code     8  bsp.o(i.button_timer_handler)
    i.channel_free                           0x0001da68   Section        0  nrf_drv_gpiote.o(i.channel_free)
    channel_free                             0x0001da69   Thumb Code    22  nrf_drv_gpiote.o(i.channel_free)
    i.channel_port_alloc                     0x0001da84   Section        0  nrf_drv_gpiote.o(i.channel_port_alloc)
    channel_port_alloc                       0x0001da85   Thumb Code    66  nrf_drv_gpiote.o(i.channel_port_alloc)
    i.channel_port_get                       0x0001dacc   Section        0  nrf_drv_gpiote.o(i.channel_port_get)
    channel_port_get                         0x0001dacd   Thumb Code    10  nrf_drv_gpiote.o(i.channel_port_get)
    i.compare_reg_update                     0x0001dadc   Section        0  app_timer.o(i.compare_reg_update)
    compare_reg_update                       0x0001dadd   Thumb Code   160  app_timer.o(i.compare_reg_update)
    i.conn_int_encode                        0x0001db88   Section        0  ble_advdata.o(i.conn_int_encode)
    conn_int_encode                          0x0001db89   Thumb Code   136  ble_advdata.o(i.conn_int_encode)
    i.conn_params_error_handler              0x0001dc10   Section        0  main.o(i.conn_params_error_handler)
    conn_params_error_handler                0x0001dc11   Thumb Code     4  main.o(i.conn_params_error_handler)
    i.conn_params_negotiation                0x0001dc14   Section        0  ble_conn_params.o(i.conn_params_negotiation)
    conn_params_negotiation                  0x0001dc15   Thumb Code    78  ble_conn_params.o(i.conn_params_negotiation)
    i.detection_delay_timeout_handler        0x0001dc70   Section        0  app_button.o(i.detection_delay_timeout_handler)
    detection_delay_timeout_handler          0x0001dc71   Thumb Code    92  app_button.o(i.detection_delay_timeout_handler)
    i.elapsed_ticks_acquire                  0x0001dcd0   Section        0  app_timer.o(i.elapsed_ticks_acquire)
    elapsed_ticks_acquire                    0x0001dcd1   Thumb Code    58  app_timer.o(i.elapsed_ticks_acquire)
    i.fifo_get                               0x0001dd10   Section        0  app_fifo.o(i.fifo_get)
    fifo_get                                 0x0001dd11   Thumb Code    20  app_fifo.o(i.fifo_get)
    i.fifo_put                               0x0001dd24   Section        0  app_fifo.o(i.fifo_put)
    fifo_put                                 0x0001dd25   Thumb Code    18  app_fifo.o(i.fifo_put)
    i.fputc                                  0x0001dd36   Section        0  retarget.o(i.fputc)
    i.gpiote_event_handler                   0x0001dd44   Section        0  app_button.o(i.gpiote_event_handler)
    gpiote_event_handler                     0x0001dd45   Thumb Code    78  app_button.o(i.gpiote_event_handler)
    i.intern_softdevice_events_execute       0x0001dd9c   Section        0  softdevice_handler.o(i.intern_softdevice_events_execute)
    i.is_conn_params_ok                      0x0001de0c   Section        0  ble_conn_params.o(i.is_conn_params_ok)
    is_conn_params_ok                        0x0001de0d   Thumb Code    24  ble_conn_params.o(i.is_conn_params_ok)
    i.le_role_encode                         0x0001de28   Section        0  ble_advdata.o(i.le_role_encode)
    le_role_encode                           0x0001de29   Thumb Code    84  ble_advdata.o(i.le_role_encode)
    i.leds_timer_handler                     0x0001de7c   Section        0  bsp.o(i.leds_timer_handler)
    leds_timer_handler                       0x0001de7d   Thumb Code    16  bsp.o(i.leds_timer_handler)
    i.list_deletions_handler                 0x0001de90   Section        0  app_timer.o(i.list_deletions_handler)
    list_deletions_handler                   0x0001de91   Thumb Code   178  app_timer.o(i.list_deletions_handler)
    i.list_insertions_handler                0x0001df4c   Section        0  app_timer.o(i.list_insertions_handler)
    list_insertions_handler                  0x0001df4d   Thumb Code   196  app_timer.o(i.list_insertions_handler)
    i.main                                   0x0001e018   Section        0  main.o(i.main)
    i.manuf_specific_data_encode             0x0001e2dc   Section        0  ble_advdata.o(i.manuf_specific_data_encode)
    manuf_specific_data_encode               0x0001e2dd   Thumb Code   100  ble_advdata.o(i.manuf_specific_data_encode)
    i.name_encode                            0x0001e340   Section        0  ble_advdata.o(i.name_encode)
    name_encode                              0x0001e341   Thumb Code   156  ble_advdata.o(i.name_encode)
    i.nrf_delay_ms                           0x0001e3dc   Section        0  nrf_delay.o(i.nrf_delay_ms)
    i.nrf_drv_common_irq_enable              0x0001e3f6   Section        0  nrf_drv_common.o(i.nrf_drv_common_irq_enable)
    i.nrf_drv_gpiote_in_event_enable         0x0001e430   Section        0  nrf_drv_gpiote.o(i.nrf_drv_gpiote_in_event_enable)
    i.nrf_drv_gpiote_in_init                 0x0001e4d4   Section        0  nrf_drv_gpiote.o(i.nrf_drv_gpiote_in_init)
    i.nrf_drv_gpiote_in_is_set               0x0001e58c   Section        0  nrf_drv_gpiote.o(i.nrf_drv_gpiote_in_is_set)
    i.nrf_drv_gpiote_init                    0x0001e5a0   Section        0  nrf_drv_gpiote.o(i.nrf_drv_gpiote_init)
    i.nrf_drv_gpiote_is_init                 0x0001e5f4   Section        0  nrf_drv_gpiote.o(i.nrf_drv_gpiote_is_init)
    i.nrf_drv_uart_init                      0x0001e608   Section        0  nrf_drv_uart.o(i.nrf_drv_uart_init)
    i.nrf_drv_uart_rx                        0x0001e69c   Section        0  nrf_drv_uart.o(i.nrf_drv_uart_rx)
    i.nrf_drv_uart_rx_enable                 0x0001e728   Section        0  nrf_drv_uart.o(i.nrf_drv_uart_rx_enable)
    i.nrf_drv_uart_rx_for_uart               0x0001e748   Section        0  nrf_drv_uart.o(i.nrf_drv_uart_rx_for_uart)
    nrf_drv_uart_rx_for_uart                 0x0001e749   Thumb Code   148  nrf_drv_uart.o(i.nrf_drv_uart_rx_for_uart)
    i.nrf_drv_uart_rx_for_uarte              0x0001e7e4   Section        0  nrf_drv_uart.o(i.nrf_drv_uart_rx_for_uarte)
    nrf_drv_uart_rx_for_uarte                0x0001e7e5   Thumb Code   136  nrf_drv_uart.o(i.nrf_drv_uart_rx_for_uarte)
    i.nrf_drv_uart_tx                        0x0001e874   Section        0  nrf_drv_uart.o(i.nrf_drv_uart_tx)
    i.nrf_drv_uart_tx_for_uart               0x0001e8fc   Section        0  nrf_drv_uart.o(i.nrf_drv_uart_tx_for_uart)
    nrf_drv_uart_tx_for_uart                 0x0001e8fd   Thumb Code   118  nrf_drv_uart.o(i.nrf_drv_uart_tx_for_uart)
    i.nrf_gpio_cfg                           0x0001e97c   Section        0  nrf_drv_gpiote.o(i.nrf_gpio_cfg)
    nrf_gpio_cfg                             0x0001e97d   Thumb Code    34  nrf_drv_gpiote.o(i.nrf_gpio_cfg)
    i.nrf_gpio_cfg                           0x0001e99e   Section        0  nrf_drv_uart.o(i.nrf_gpio_cfg)
    nrf_gpio_cfg                             0x0001e99f   Thumb Code    34  nrf_drv_uart.o(i.nrf_gpio_cfg)
    i.nrf_gpio_cfg                           0x0001e9c0   Section        0  shiftreg.o(i.nrf_gpio_cfg)
    nrf_gpio_cfg                             0x0001e9c1   Thumb Code    34  shiftreg.o(i.nrf_gpio_cfg)
    i.nrf_gpio_cfg_input                     0x0001e9e2   Section        0  nrf_drv_uart.o(i.nrf_gpio_cfg_input)
    nrf_gpio_cfg_input                       0x0001e9e3   Thumb Code    18  nrf_drv_uart.o(i.nrf_gpio_cfg_input)
    i.nrf_gpio_cfg_input                     0x0001e9f4   Section        0  shiftreg.o(i.nrf_gpio_cfg_input)
    nrf_gpio_cfg_input                       0x0001e9f5   Thumb Code    18  shiftreg.o(i.nrf_gpio_cfg_input)
    i.nrf_gpio_cfg_output                    0x0001ea06   Section        0  nrf_drv_uart.o(i.nrf_gpio_cfg_output)
    nrf_gpio_cfg_output                      0x0001ea07   Thumb Code    20  nrf_drv_uart.o(i.nrf_gpio_cfg_output)
    i.nrf_gpio_cfg_output                    0x0001ea1a   Section        0  shiftreg.o(i.nrf_gpio_cfg_output)
    nrf_gpio_cfg_output                      0x0001ea1b   Thumb Code    20  shiftreg.o(i.nrf_gpio_cfg_output)
    i.nrf_gpio_cfg_sense_set                 0x0001ea2e   Section        0  nrf_drv_gpiote.o(i.nrf_gpio_cfg_sense_set)
    nrf_gpio_cfg_sense_set                   0x0001ea2f   Thumb Code    28  nrf_drv_gpiote.o(i.nrf_gpio_cfg_sense_set)
    i.nrf_gpio_pin_clear                     0x0001ea4c   Section        0  shiftreg.o(i.nrf_gpio_pin_clear)
    nrf_gpio_pin_clear                       0x0001ea4d   Thumb Code    10  shiftreg.o(i.nrf_gpio_pin_clear)
    i.nrf_gpio_pin_read                      0x0001ea5c   Section        0  main.o(i.nrf_gpio_pin_read)
    nrf_gpio_pin_read                        0x0001ea5d   Thumb Code    12  main.o(i.nrf_gpio_pin_read)
    i.nrf_gpio_pin_set                       0x0001ea6c   Section        0  shiftreg.o(i.nrf_gpio_pin_set)
    nrf_gpio_pin_set                         0x0001ea6d   Thumb Code    10  shiftreg.o(i.nrf_gpio_pin_set)
    i.nrf_gpiote_event_clear                 0x0001ea7c   Section        0  nrf_drv_gpiote.o(i.nrf_gpiote_event_clear)
    nrf_gpiote_event_clear                   0x0001ea7d   Thumb Code    16  nrf_drv_gpiote.o(i.nrf_gpiote_event_clear)
    i.nrf_gpiote_event_is_set                0x0001ea90   Section        0  nrf_drv_gpiote.o(i.nrf_gpiote_event_is_set)
    nrf_gpiote_event_is_set                  0x0001ea91   Thumb Code    12  nrf_drv_gpiote.o(i.nrf_gpiote_event_is_set)
    i.nrf_uart_event_check                   0x0001eaa0   Section        0  nrf_drv_uart.o(i.nrf_uart_event_check)
    nrf_uart_event_check                     0x0001eaa1   Thumb Code    10  nrf_drv_uart.o(i.nrf_uart_event_check)
    i.nrf_uart_int_enable_check              0x0001eaaa   Section        0  nrf_drv_uart.o(i.nrf_uart_int_enable_check)
    nrf_uart_int_enable_check                0x0001eaab   Thumb Code    12  nrf_drv_uart.o(i.nrf_uart_int_enable_check)
    i.nrf_uarte_event_check                  0x0001eab6   Section        0  nrf_drv_uart.o(i.nrf_uarte_event_check)
    nrf_uarte_event_check                    0x0001eab7   Thumb Code    10  nrf_drv_uart.o(i.nrf_uarte_event_check)
    i.nus_data_handler                       0x0001eac0   Section        0  main.o(i.nus_data_handler)
    nus_data_handler                         0x0001eac1   Thumb Code    84  main.o(i.nus_data_handler)
    i.on_adv_evt                             0x0001eb18   Section        0  main.o(i.on_adv_evt)
    on_adv_evt                               0x0001eb19   Thumb Code    36  main.o(i.on_adv_evt)
    i.on_ble_evt                             0x0001eb3c   Section        0  main.o(i.on_ble_evt)
    on_ble_evt                               0x0001eb3d   Thumb Code    94  main.o(i.on_ble_evt)
    i.on_conn_params_evt                     0x0001eba0   Section        0  main.o(i.on_conn_params_evt)
    on_conn_params_evt                       0x0001eba1   Thumb Code    24  main.o(i.on_conn_params_evt)
    i.peer_address_exists                    0x0001ebbc   Section        0  ble_advertising.o(i.peer_address_exists)
    peer_address_exists                      0x0001ebbd   Thumb Code    20  ble_advertising.o(i.peer_address_exists)
    i.pin_in_use_by_port                     0x0001ebd0   Section        0  nrf_drv_gpiote.o(i.pin_in_use_by_port)
    pin_in_use_by_port                       0x0001ebd1   Thumb Code    20  nrf_drv_gpiote.o(i.pin_in_use_by_port)
    i.pin_in_use_by_te                       0x0001ebe8   Section        0  nrf_drv_gpiote.o(i.pin_in_use_by_te)
    pin_in_use_by_te                         0x0001ebe9   Thumb Code    20  nrf_drv_gpiote.o(i.pin_in_use_by_te)
    i.pstorage_access_status_get             0x0001ec00   Section        0  pstorage.o(i.pstorage_access_status_get)
    i.rtc1_stop                              0x0001ec24   Section        0  app_timer.o(i.rtc1_stop)
    rtc1_stop                                0x0001ec25   Thumb Code    52  app_timer.o(i.rtc1_stop)
    i.rx_byte                                0x0001ec60   Section        0  nrf_drv_uart.o(i.rx_byte)
    rx_byte                                  0x0001ec61   Thumb Code    38  nrf_drv_uart.o(i.rx_byte)
    i.rx_char_add                            0x0001ec90   Section        0  ble_nus.o(i.rx_char_add)
    rx_char_add                              0x0001ec91   Thumb Code   222  ble_nus.o(i.rx_char_add)
    i.rx_done_event                          0x0001ed70   Section        0  nrf_drv_uart.o(i.rx_done_event)
    rx_done_event                            0x0001ed71   Thumb Code    26  nrf_drv_uart.o(i.rx_done_event)
    i.rx_enable                              0x0001ed90   Section        0  nrf_drv_uart.o(i.rx_enable)
    rx_enable                                0x0001ed91   Thumb Code    18  nrf_drv_uart.o(i.rx_enable)
    i.sd_check_ram_start                     0x0001eda8   Section        0  softdevice_handler.o(i.sd_check_ram_start)
    i.service_data_encode                    0x0001edb8   Section        0  ble_advdata.o(i.service_data_encode)
    service_data_encode                      0x0001edb9   Thumb Code   136  ble_advdata.o(i.service_data_encode)
    i.shiftRegInit                           0x0001ee40   Section        0  shiftreg.o(i.shiftRegInit)
    i.shiftRegLatch                          0x0001eea6   Section        0  shiftreg.o(i.shiftRegLatch)
    i.shiftRegPulse                          0x0001eec4   Section        0  shiftreg.o(i.shiftRegPulse)
    i.shiftRegWrite                          0x0001eed6   Section        0  shiftreg.o(i.shiftRegWrite)
    i.sleep_mode_enter                       0x0001ef38   Section        0  main.o(i.sleep_mode_enter)
    sleep_mode_enter                         0x0001ef39   Thumb Code    40  main.o(i.sleep_mode_enter)
    i.softdevice_ble_evt_handler_set         0x0001ef60   Section        0  softdevice_handler.o(i.softdevice_ble_evt_handler_set)
    i.softdevice_enable                      0x0001ef74   Section        0  softdevice_handler.o(i.softdevice_enable)
    i.softdevice_enable_get_default_config   0x0001ef88   Section        0  softdevice_handler.o(i.softdevice_enable_get_default_config)
    i.softdevice_fault_handler               0x0001efae   Section        0  softdevice_handler.o(i.softdevice_fault_handler)
    i.softdevice_handler_init                0x0001efb4   Section        0  softdevice_handler.o(i.softdevice_handler_init)
    i.testFunksjon                           0x0001efe4   Section        0  shiftreg.o(i.testFunksjon)
    i.timer_list_handler                     0x0001f000   Section        0  app_timer.o(i.timer_list_handler)
    timer_list_handler                       0x0001f001   Thumb Code   134  app_timer.o(i.timer_list_handler)
    i.timer_list_insert                      0x0001f08c   Section        0  app_timer.o(i.timer_list_insert)
    timer_list_insert                        0x0001f08d   Thumb Code    56  app_timer.o(i.timer_list_insert)
    i.timer_timeouts_check                   0x0001f0c8   Section        0  app_timer.o(i.timer_timeouts_check)
    timer_timeouts_check                     0x0001f0c9   Thumb Code   124  app_timer.o(i.timer_timeouts_check)
    i.tx_byte                                0x0001f14c   Section        0  nrf_drv_uart.o(i.tx_byte)
    tx_byte                                  0x0001f14d   Thumb Code    28  nrf_drv_uart.o(i.tx_byte)
    i.tx_char_add                            0x0001f170   Section        0  ble_nus.o(i.tx_char_add)
    tx_char_add                              0x0001f171   Thumb Code   162  ble_nus.o(i.tx_char_add)
    i.tx_done_event                          0x0001f214   Section        0  nrf_drv_uart.o(i.tx_done_event)
    tx_done_event                            0x0001f215   Thumb Code    30  nrf_drv_uart.o(i.tx_done_event)
    i.uart_event_handle                      0x0001f238   Section        0  main.o(i.uart_event_handle)
    i.uart_event_handler                     0x0001f294   Section        0  app_uart_fifo.o(i.uart_event_handler)
    uart_event_handler                       0x0001f295   Thumb Code   160  app_uart_fifo.o(i.uart_event_handler)
    i.uart_irq_handler                       0x0001f33c   Section        0  nrf_drv_uart.o(i.uart_irq_handler)
    uart_irq_handler                         0x0001f33d   Thumb Code   254  nrf_drv_uart.o(i.uart_irq_handler)
    i.uarte_irq_handler                      0x0001f444   Section        0  nrf_drv_uart.o(i.uarte_irq_handler)
    uarte_irq_handler                        0x0001f445   Thumb Code   206  nrf_drv_uart.o(i.uarte_irq_handler)
    i.uint16_encode                          0x0001f51c   Section        0  ble_advdata.o(i.uint16_encode)
    uint16_encode                            0x0001f51d   Thumb Code    10  ble_advdata.o(i.uint16_encode)
    i.update_timeout_handler                 0x0001f528   Section        0  ble_conn_params.o(i.update_timeout_handler)
    update_timeout_handler                   0x0001f529   Thumb Code    88  ble_conn_params.o(i.update_timeout_handler)
    i.user_id_get                            0x0001f588   Section        0  app_timer.o(i.user_id_get)
    user_id_get                              0x0001f589   Thumb Code    62  app_timer.o(i.user_id_get)
    i.user_op_alloc                          0x0001f5cc   Section        0  app_timer.o(i.user_op_alloc)
    user_op_alloc                            0x0001f5cd   Thumb Code    40  app_timer.o(i.user_op_alloc)
    i.uuid_list_encode                       0x0001f5f4   Section        0  ble_advdata.o(i.uuid_list_encode)
    uuid_list_encode                         0x0001f5f5   Thumb Code    48  ble_advdata.o(i.uuid_list_encode)
    i.uuid_list_sized_encode                 0x0001f624   Section        0  ble_advdata.o(i.uuid_list_sized_encode)
    uuid_list_sized_encode                   0x0001f625   Thumb Code   158  ble_advdata.o(i.uuid_list_sized_encode)
    i.whitelist_has_entries                  0x0001f6c2   Section        0  ble_advertising.o(i.whitelist_has_entries)
    whitelist_has_entries                    0x0001f6c3   Thumb Code    14  ble_advertising.o(i.whitelist_has_entries)
    .constdata                               0x0001f6d0   Section       12  main.o(.constdata)
    .constdata                               0x0001f6dc   Section       60  bsp.o(.constdata)
    m_leds_timer_id                          0x0001f6dc   Data           4  bsp.o(.constdata)
    m_alert_timer_id                         0x0001f6e0   Data           4  bsp.o(.constdata)
    m_button_timer_id                        0x0001f6e4   Data           4  bsp.o(.constdata)
    m_buttons_list                           0x0001f6e8   Data          16  bsp.o(.constdata)
    app_buttons                              0x0001f6f8   Data          32  bsp.o(.constdata)
    .constdata                               0x0001f718   Section        4  ble_conn_params.o(.constdata)
    m_conn_params_timer_id                   0x0001f718   Data           4  ble_conn_params.o(.constdata)
    .constdata                               0x0001f71c   Section       16  ble_nus.o(.constdata)
    .constdata                               0x0001f72c   Section       32  app_uart_fifo.o(.constdata)
    .constdata                               0x0001f74c   Section       32  nrf_drv_uart.o(.constdata)
    m_default_config                         0x0001f74c   Data          32  nrf_drv_uart.o(.constdata)
    .constdata                               0x0001f76c   Section        8  app_button.o(.constdata)
    m_detection_delay_timer_id               0x0001f76c   Data           4  app_button.o(.constdata)
    .data                                    0x20001f00   Section       43  main.o(.data)
    index                                    0x20001f07   Data           1  main.o(.data)
    m_conn_handle                            0x20001f08   Data           2  main.o(.data)
    m_adv_uuids                              0x20001f0a   Data           4  main.o(.data)
    .data                                    0x20001f2c   Section       24  bsp.o(.data)
    m_stable_state                           0x20001f2c   Data           1  bsp.o(.data)
    current_long_push_pin_no                 0x20001f2d   Data           1  bsp.o(.data)
    m_app_ticks_per_100ms                    0x20001f30   Data           4  bsp.o(.data)
    m_indication_type                        0x20001f34   Data           4  bsp.o(.data)
    m_alert_mask                             0x20001f38   Data           4  bsp.o(.data)
    m_registered_callback                    0x20001f3c   Data           4  bsp.o(.data)
    release_event_at_push                    0x20001f40   Data           4  bsp.o(.data)
    .data                                    0x20001f44   Section        8  bsp_btn_ble.o(.data)
    m_error_handler                          0x20001f44   Data           4  bsp_btn_ble.o(.data)
    m_num_connections                        0x20001f48   Data           4  bsp_btn_ble.o(.data)
    .data                                    0x20001f4c   Section       31  ble_advertising.o(.data)
    m_advertising_start_pending              0x20001f4c   Data           1  ble_advertising.o(.data)
    m_whitelist_temporarily_disabled         0x20001f4d   Data           1  ble_advertising.o(.data)
    m_whitelist_reply_expected               0x20001f4e   Data           1  ble_advertising.o(.data)
    m_peer_addr_reply_expected               0x20001f4f   Data           1  ble_advertising.o(.data)
    m_adv_evt                                0x20001f50   Data           1  ble_advertising.o(.data)
    m_adv_mode_current                       0x20001f51   Data           1  ble_advertising.o(.data)
    m_tx_power_level                         0x20001f52   Data           1  ble_advertising.o(.data)
    current_slave_link_conn_handle           0x20001f54   Data           2  ble_advertising.o(.data)
    m_evt_handler                            0x20001f58   Data           4  ble_advertising.o(.data)
    m_error_handler                          0x20001f5c   Data           4  ble_advertising.o(.data)
    m_slave_conn_int                         0x20001f60   Data           4  ble_advertising.o(.data)
    m_peer_address                           0x20001f64   Data           7  ble_advertising.o(.data)
    .data                                    0x20001f6c   Section       20  ble_conn_params.o(.data)
    m_change_param                           0x20001f6c   Data           1  ble_conn_params.o(.data)
    m_update_count                           0x20001f6d   Data           1  ble_conn_params.o(.data)
    m_conn_handle                            0x20001f6e   Data           2  ble_conn_params.o(.data)
    m_preferred_conn_params                  0x20001f70   Data           8  ble_conn_params.o(.data)
    m_current_conn_params                    0x20001f78   Data           8  ble_conn_params.o(.data)
    .data                                    0x20001f80   Section        8  app_uart_fifo.o(.data)
    tx_buffer                                0x20001f80   Data           1  app_uart_fifo.o(.data)
    tx_tmp                                   0x20001f81   Data           1  app_uart_fifo.o(.data)
    rx_buffer                                0x20001f82   Data           1  app_uart_fifo.o(.data)
    m_event_handler                          0x20001f84   Data           4  app_uart_fifo.o(.data)
    .data                                    0x20001f88   Section       36  pstorage.o(.data)
    m_state                                  0x20001f88   Data           1  pstorage.o(.data)
    m_swap_sub_state                         0x20001f89   Data           1  pstorage.o(.data)
    m_next_app_instance                      0x20001f8a   Data           2  pstorage.o(.data)
    m_flags                                  0x20001f8c   Data           4  pstorage.o(.data)
    m_next_page_addr                         0x20001f90   Data           4  pstorage.o(.data)
    m_head_word_size                         0x20001f94   Data           4  pstorage.o(.data)
    m_tail_word_size                         0x20001f98   Data           4  pstorage.o(.data)
    m_current_page_id                        0x20001f9c   Data           4  pstorage.o(.data)
    m_num_of_command_retries                 0x20001fa0   Data           4  pstorage.o(.data)
    m_num_of_bytes_written                   0x20001fa4   Data           4  pstorage.o(.data)
    m_app_data_size                          0x20001fa8   Data           4  pstorage.o(.data)
    .data                                    0x20001fac   Section       20  app_button.o(.data)
    m_button_count                           0x20001fac   Data           1  app_button.o(.data)
    mp_buttons                               0x20001fb0   Data           4  app_button.o(.data)
    m_detection_delay                        0x20001fb4   Data           4  app_button.o(.data)
    m_pin_state                              0x20001fb8   Data           4  app_button.o(.data)
    m_pin_transition                         0x20001fbc   Data           4  app_button.o(.data)
    .data                                    0x20001fc0   Section       32  app_timer.o(.data)
    m_user_array_size                        0x20001fc0   Data           1  app_timer.o(.data)
    m_ticks_elapsed_q_read_ind               0x20001fc1   Data           1  app_timer.o(.data)
    m_ticks_elapsed_q_write_ind              0x20001fc2   Data           1  app_timer.o(.data)
    m_rtc1_running                           0x20001fc3   Data           1  app_timer.o(.data)
    m_rtc1_reset                             0x20001fc4   Data           1  app_timer.o(.data)
    mp_users                                 0x20001fc8   Data           4  app_timer.o(.data)
    mp_timer_id_head                         0x20001fcc   Data           4  app_timer.o(.data)
    m_ticks_latest                           0x20001fd0   Data           4  app_timer.o(.data)
    m_evt_schedule_func                      0x20001fd4   Data           4  app_timer.o(.data)
    m_ticks_elapsed                          0x20001fd8   Data           8  app_timer.o(.data)
    .data                                    0x20001fe0   Section        4  retarget.o(.data)
    .data                                    0x20001fe4   Section       20  softdevice_handler.o(.data)
    m_softdevice_enabled                     0x20001fe4   Data           1  softdevice_handler.o(.data)
    m_ble_evt_buffer_size                    0x20001fe6   Data           2  softdevice_handler.o(.data)
    m_evt_schedule_func                      0x20001fe8   Data           4  softdevice_handler.o(.data)
    mp_ble_evt_buffer                        0x20001fec   Data           4  softdevice_handler.o(.data)
    m_ble_evt_handler                        0x20001ff0   Data           4  softdevice_handler.o(.data)
    m_sys_evt_handler                        0x20001ff4   Data           4  softdevice_handler.o(.data)
    .data                                    0x20001ff8   Section        4  system_nrf52.o(.data)
    __tagsym$$used                           0x20001ff8   Number         0  system_nrf52.o(.data)
    .bss                                     0x20001ffc   Section     1088  main.o(.bss)
    BLE_EVT_BUFFER                           0x20001ffc   Data          72  main.o(.bss)
    data_array                               0x20002044   Data          20  main.o(.bss)
    rx_buf                                   0x20002058   Data         256  main.o(.bss)
    tx_buf                                   0x20002158   Data         256  main.o(.bss)
    APP_TIMER_BUF                            0x20002258   Data         456  main.o(.bss)
    m_nus                                    0x20002420   Data          28  main.o(.bss)
    .bss                                     0x2000243c   Section       32  bsp.o(.bss)
    m_leds_timer_id_data                     0x2000243c   Data          32  bsp.o(.bss)
    .bss                                     0x2000245c   Section       32  bsp.o(.bss)
    m_alert_timer_id_data                    0x2000245c   Data          32  bsp.o(.bss)
    .bss                                     0x2000247c   Section       12  bsp.o(.bss)
    m_events_list                            0x2000247c   Data          12  bsp.o(.bss)
    .bss                                     0x20002488   Section       32  bsp.o(.bss)
    m_button_timer_id_data                   0x20002488   Data          32  bsp.o(.bss)
    .bss                                     0x200024a8   Section      259  ble_advertising.o(.bss)
    m_advdata                                0x200024a8   Data          56  ble_advertising.o(.bss)
    m_adv_modes_config                       0x200024e0   Data          36  ble_advertising.o(.bss)
    m_whitelist                              0x20002504   Data          16  ble_advertising.o(.bss)
    mp_whitelist_addr                        0x20002514   Data          32  ble_advertising.o(.bss)
    mp_whitelist_irk                         0x20002534   Data          32  ble_advertising.o(.bss)
    m_manuf_specific_data                    0x20002554   Data          12  ble_advertising.o(.bss)
    m_manuf_data_array                       0x20002560   Data          31  ble_advertising.o(.bss)
    m_service_data                           0x20002580   Data          12  ble_advertising.o(.bss)
    m_service_data_array                     0x2000258c   Data          31  ble_advertising.o(.bss)
    .bss                                     0x200025ac   Section       32  ble_conn_params.o(.bss)
    m_conn_params_timer_id_data              0x200025ac   Data          32  ble_conn_params.o(.bss)
    .bss                                     0x200025cc   Section       28  ble_conn_params.o(.bss)
    m_conn_params_config                     0x200025cc   Data          28  ble_conn_params.o(.bss)
    .bss                                     0x200025e8   Section       32  app_uart_fifo.o(.bss)
    m_rx_fifo                                0x200025e8   Data          16  app_uart_fifo.o(.bss)
    m_tx_fifo                                0x200025f8   Data          16  app_uart_fifo.o(.bss)
    .bss                                     0x20002608   Section       88  nrf_drv_gpiote.o(.bss)
    m_cb                                     0x20002608   Data          88  nrf_drv_gpiote.o(.bss)
    .bss                                     0x20002660   Section       32  nrf_drv_uart.o(.bss)
    m_cb                                     0x20002660   Data          32  nrf_drv_uart.o(.bss)
    .bss                                     0x20002680   Section      216  pstorage.o(.bss)
    m_cmd_queue                              0x20002680   Data         204  pstorage.o(.bss)
    m_app_table                              0x2000274c   Data          12  pstorage.o(.bss)
    .bss                                     0x20002758   Section       32  app_button.o(.bss)
    m_detection_delay_timer_id_data          0x20002758   Data          32  app_button.o(.bss)
    STACK                                    0x20002778   Section     8192  arm_startup_nrf52.o(STACK)

    Global Symbols

    Symbol Name                              Value     Ov Type        Size  Object(Section)

    BuildAttributes$$THM_ISAv4$E$P$D$K$B$S$7EM$VFPi3$EXTD16$VFPS$VFMA$PE$A:L22UL41UL21$X:L11$S22US41US21$IEEE1$IW$USESV6$~STKCKD$USESV7$~SHL$OSPACE$ROPI$EBA8$MICROLIB$REQ8$PRES8$EABIv2 0x00000000   Number         0  anon$$obj.o ABSOLUTE
    __ARM_use_no_argv                        0x00000000   Number         0  main.o ABSOLUTE
    _printf_a                                0x00000000   Number         0  stubs.o ABSOLUTE
    _printf_c                                0x00000000   Number         0  stubs.o ABSOLUTE
    _printf_charcount                        0x00000000   Number         0  stubs.o ABSOLUTE
    _printf_d                                0x00000000   Number         0  stubs.o ABSOLUTE
    _printf_e                                0x00000000   Number         0  stubs.o ABSOLUTE
    _printf_f                                0x00000000   Number         0  stubs.o ABSOLUTE
    _printf_flags                            0x00000000   Number         0  stubs.o ABSOLUTE
    _printf_fp_dec                           0x00000000   Number         0  stubs.o ABSOLUTE
    _printf_fp_hex                           0x00000000   Number         0  stubs.o ABSOLUTE
    _printf_g                                0x00000000   Number         0  stubs.o ABSOLUTE
    _printf_i                                0x00000000   Number         0  stubs.o ABSOLUTE
    _printf_int_dec                          0x00000000   Number         0  stubs.o ABSOLUTE
    _printf_l                                0x00000000   Number         0  stubs.o ABSOLUTE
    _printf_lc                               0x00000000   Number         0  stubs.o ABSOLUTE
    _printf_ll                               0x00000000   Number         0  stubs.o ABSOLUTE
    _printf_lld                              0x00000000   Number         0  stubs.o ABSOLUTE
    _printf_lli                              0x00000000   Number         0  stubs.o ABSOLUTE
    _printf_llo                              0x00000000   Number         0  stubs.o ABSOLUTE
    _printf_llu                              0x00000000   Number         0  stubs.o ABSOLUTE
    _printf_llx                              0x00000000   Number         0  stubs.o ABSOLUTE
    _printf_longlong_dec                     0x00000000   Number         0  stubs.o ABSOLUTE
    _printf_longlong_hex                     0x00000000   Number         0  stubs.o ABSOLUTE
    _printf_longlong_oct                     0x00000000   Number         0  stubs.o ABSOLUTE
    _printf_ls                               0x00000000   Number         0  stubs.o ABSOLUTE
    _printf_mbtowc                           0x00000000   Number         0  stubs.o ABSOLUTE
    _printf_n                                0x00000000   Number         0  stubs.o ABSOLUTE
    _printf_o                                0x00000000   Number         0  stubs.o ABSOLUTE
    _printf_p                                0x00000000   Number         0  stubs.o ABSOLUTE
    _printf_percent                          0x00000000   Number         0  stubs.o ABSOLUTE
    _printf_pre_padding                      0x00000000   Number         0  stubs.o ABSOLUTE
    _printf_return_value                     0x00000000   Number         0  stubs.o ABSOLUTE
    _printf_s                                0x00000000   Number         0  stubs.o ABSOLUTE
    _printf_sizespec                         0x00000000   Number         0  stubs.o ABSOLUTE
    _printf_str                              0x00000000   Number         0  stubs.o ABSOLUTE
    _printf_truncate_signed                  0x00000000   Number         0  stubs.o ABSOLUTE
    _printf_truncate_unsigned                0x00000000   Number         0  stubs.o ABSOLUTE
    _printf_u                                0x00000000   Number         0  stubs.o ABSOLUTE
    _printf_wc                               0x00000000   Number         0  stubs.o ABSOLUTE
    _printf_wctomb                           0x00000000   Number         0  stubs.o ABSOLUTE
    _printf_widthprec                        0x00000000   Number         0  stubs.o ABSOLUTE
    _printf_x                                0x00000000   Number         0  stubs.o ABSOLUTE
    __cpp_initialize__aeabi_                  - Undefined Weak Reference
    __cxa_finalize                            - Undefined Weak Reference
    __decompress                              - Undefined Weak Reference
    _clock_init                               - Undefined Weak Reference
    _microlib_exit                            - Undefined Weak Reference
    __Vectors_Size                           0x00000400   Number         0  arm_startup_nrf52.o ABSOLUTE
    __Vectors                                0x0001b000   Data           4  arm_startup_nrf52.o(RESET)
    __Vectors_End                            0x0001b400   Data           0  arm_startup_nrf52.o(RESET)
    __main                                   0x0001b401   Thumb Code     0  entry.o(.ARM.Collect$$$$00000000)
    _main_stk                                0x0001b401   Thumb Code     0  entry2.o(.ARM.Collect$$$$00000001)
    _main_scatterload                        0x0001b405   Thumb Code     0  entry5.o(.ARM.Collect$$$$00000004)
    __main_after_scatterload                 0x0001b409   Thumb Code     0  entry5.o(.ARM.Collect$$$$00000004)
    _main_clock                              0x0001b409   Thumb Code     0  entry7b.o(.ARM.Collect$$$$00000008)
    _main_cpp_init                           0x0001b409   Thumb Code     0  entry8b.o(.ARM.Collect$$$$0000000A)
    _main_init                               0x0001b409   Thumb Code     0  entry9a.o(.ARM.Collect$$$$0000000B)
    __rt_final_cpp                           0x0001b411   Thumb Code     0  entry10a.o(.ARM.Collect$$$$0000000D)
    __rt_final_exit                          0x0001b411   Thumb Code     0  entry11a.o(.ARM.Collect$$$$0000000F)
    __asm___11_nrf_delay_c_532987f3__nrf_delay_us 0x0001b415   Thumb Code   118  nrf_delay.o(.emb_text)
    __asm___11_app_timer_c_cd27f9c3__nrf_delay_us 0x0001b48d   Thumb Code   118  app_timer.o(.emb_text)
    Reset_Handler                            0x0001b505   Thumb Code     8  arm_startup_nrf52.o(.text)
    NMI_Handler                              0x0001b50d   Thumb Code     2  arm_startup_nrf52.o(.text)
    HardFault_Handler                        0x0001b50f   Thumb Code     2  arm_startup_nrf52.o(.text)
    MemoryManagement_Handler                 0x0001b511   Thumb Code     2  arm_startup_nrf52.o(.text)
    BusFault_Handler                         0x0001b513   Thumb Code     2  arm_startup_nrf52.o(.text)
    UsageFault_Handler                       0x0001b515   Thumb Code     2  arm_startup_nrf52.o(.text)
    SVC_Handler                              0x0001b517   Thumb Code     2  arm_startup_nrf52.o(.text)
    PendSV_Handler                           0x0001b519   Thumb Code     2  arm_startup_nrf52.o(.text)
    SysTick_Handler                          0x0001b51b   Thumb Code     2  arm_startup_nrf52.o(.text)
    CCM_AAR_IRQHandler                       0x0001b51d   Thumb Code     0  arm_startup_nrf52.o(.text)
    COMP_LPCOMP_IRQHandler                   0x0001b51d   Thumb Code     0  arm_startup_nrf52.o(.text)
    ECB_IRQHandler                           0x0001b51d   Thumb Code     0  arm_startup_nrf52.o(.text)
    I2S_IRQHandler                           0x0001b51d   Thumb Code     0  arm_startup_nrf52.o(.text)
    MWU_IRQHandler                           0x0001b51d   Thumb Code     0  arm_startup_nrf52.o(.text)
    NFCT_IRQHandler                          0x0001b51d   Thumb Code     0  arm_startup_nrf52.o(.text)
    PDM_IRQHandler                           0x0001b51d   Thumb Code     0  arm_startup_nrf52.o(.text)
    POWER_CLOCK_IRQHandler                   0x0001b51d   Thumb Code     0  arm_startup_nrf52.o(.text)
    PWM0_IRQHandler                          0x0001b51d   Thumb Code     0  arm_startup_nrf52.o(.text)
    PWM1_IRQHandler                          0x0001b51d   Thumb Code     0  arm_startup_nrf52.o(.text)
    PWM2_IRQHandler                          0x0001b51d   Thumb Code     0  arm_startup_nrf52.o(.text)
    QDEC_IRQHandler                          0x0001b51d   Thumb Code     0  arm_startup_nrf52.o(.text)
    RADIO_IRQHandler                         0x0001b51d   Thumb Code     0  arm_startup_nrf52.o(.text)
    RNG_IRQHandler                           0x0001b51d   Thumb Code     0  arm_startup_nrf52.o(.text)
    RTC0_IRQHandler                          0x0001b51d   Thumb Code     0  arm_startup_nrf52.o(.text)
    RTC2_IRQHandler                          0x0001b51d   Thumb Code     0  arm_startup_nrf52.o(.text)
    SAADC_IRQHandler                         0x0001b51d   Thumb Code     0  arm_startup_nrf52.o(.text)
    SPIM0_SPIS0_TWIM0_TWIS0_SPI0_TWI0_IRQHandler 0x0001b51d   Thumb Code     0  arm_startup_nrf52.o(.text)
    SPIM1_SPIS1_TWIM1_TWIS1_SPI1_TWI1_IRQHandler 0x0001b51d   Thumb Code     0  arm_startup_nrf52.o(.text)
    SPIM2_SPIS2_SPI2_IRQHandler              0x0001b51d   Thumb Code     0  arm_startup_nrf52.o(.text)
    SWI1_EGU1_IRQHandler                     0x0001b51d   Thumb Code     0  arm_startup_nrf52.o(.text)
    SWI3_EGU3_IRQHandler                     0x0001b51d   Thumb Code     0  arm_startup_nrf52.o(.text)
    SWI4_EGU4_IRQHandler                     0x0001b51d   Thumb Code     0  arm_startup_nrf52.o(.text)
    SWI5_EGU5_IRQHandler                     0x0001b51d   Thumb Code     0  arm_startup_nrf52.o(.text)
    TEMP_IRQHandler                          0x0001b51d   Thumb Code     0  arm_startup_nrf52.o(.text)
    TIMER0_IRQHandler                        0x0001b51d   Thumb Code     0  arm_startup_nrf52.o(.text)
    TIMER1_IRQHandler                        0x0001b51d   Thumb Code     0  arm_startup_nrf52.o(.text)
    TIMER2_IRQHandler                        0x0001b51d   Thumb Code     0  arm_startup_nrf52.o(.text)
    TIMER3_IRQHandler                        0x0001b51d   Thumb Code     0  arm_startup_nrf52.o(.text)
    TIMER4_IRQHandler                        0x0001b51d   Thumb Code     0  arm_startup_nrf52.o(.text)
    WDT_IRQHandler                           0x0001b51d   Thumb Code     0  arm_startup_nrf52.o(.text)
    __aeabi_memcpy                           0x0001b529   Thumb Code    36  memcpya.o(.text)
    __aeabi_memcpy4                          0x0001b529   Thumb Code     0  memcpya.o(.text)
    __aeabi_memcpy8                          0x0001b529   Thumb Code     0  memcpya.o(.text)
    __aeabi_memset                           0x0001b54d   Thumb Code    14  memseta.o(.text)
    __aeabi_memset4                          0x0001b54d   Thumb Code     0  memseta.o(.text)
    __aeabi_memset8                          0x0001b54d   Thumb Code     0  memseta.o(.text)
    __aeabi_memclr                           0x0001b55b   Thumb Code     4  memseta.o(.text)
    __aeabi_memclr4                          0x0001b55b   Thumb Code     0  memseta.o(.text)
    __aeabi_memclr8                          0x0001b55b   Thumb Code     0  memseta.o(.text)
    _memset$wrapper                          0x0001b55f   Thumb Code    18  memseta.o(.text)
    __aeabi_uidiv                            0x0001b571   Thumb Code     0  uidiv.o(.text)
    __aeabi_uidivmod                         0x0001b571   Thumb Code    44  uidiv.o(.text)
    __aeabi_uldivmod                         0x0001b59d   Thumb Code    98  uldiv.o(.text)
    __I$use$fp                               0x0001b5ff   Thumb Code     0  iusefp.o(.text)
    __aeabi_dadd                             0x0001b5ff   Thumb Code   322  dadd.o(.text)
    __aeabi_dsub                             0x0001b741   Thumb Code     6  dadd.o(.text)
    __aeabi_drsub                            0x0001b747   Thumb Code     6  dadd.o(.text)
    __aeabi_dmul                             0x0001b74d   Thumb Code   228  dmul.o(.text)
    __aeabi_ddiv                             0x0001b831   Thumb Code   222  ddiv.o(.text)
    __aeabi_d2ulz                            0x0001b90f   Thumb Code    48  dfixul.o(.text)
    __aeabi_cdrcmple                         0x0001b941   Thumb Code    48  cdrcmple.o(.text)
    __scatterload                            0x0001b971   Thumb Code    28  init.o(.text)
    __scatterload_rt2                        0x0001b971   Thumb Code     0  init.o(.text)
    __aeabi_llsl                             0x0001b995   Thumb Code    30  llshl.o(.text)
    _ll_shift_l                              0x0001b995   Thumb Code     0  llshl.o(.text)
    __aeabi_llsr                             0x0001b9b3   Thumb Code    32  llushr.o(.text)
    _ll_ushift_r                             0x0001b9b3   Thumb Code     0  llushr.o(.text)
    __aeabi_lasr                             0x0001b9d3   Thumb Code    36  llsshr.o(.text)
    _ll_sshift_r                             0x0001b9d3   Thumb Code     0  llsshr.o(.text)
    _double_round                            0x0001b9f7   Thumb Code    30  depilogue.o(.text)
    _double_epilogue                         0x0001ba15   Thumb Code   156  depilogue.o(.text)
    GPIOTE_IRQHandler                        0x0001bab1   Thumb Code   248  nrf_drv_gpiote.o(i.GPIOTE_IRQHandler)
    RTC1_IRQHandler                          0x0001bc19   Thumb Code    32  app_timer.o(i.RTC1_IRQHandler)
    SWI0_EGU0_IRQHandler                     0x0001bc3d   Thumb Code     4  app_timer.o(i.SWI0_EGU0_IRQHandler)
    SWI2_EGU2_IRQHandler                     0x0001bc41   Thumb Code    32  softdevice_handler.o(i.SWI2_EGU2_IRQHandler)
    SystemInit                               0x0001bc65   Thumb Code   562  system_nrf52.o(i.SystemInit)
    UARTE0_UART0_IRQHandler                  0x0001bec1   Thumb Code    14  nrf_drv_uart.o(i.UARTE0_UART0_IRQHandler)
    __0printf                                0x0001bed5   Thumb Code    22  printfa.o(i.__0printf)
    __1printf                                0x0001bed5   Thumb Code     0  printfa.o(i.__0printf)
    __2printf                                0x0001bed5   Thumb Code     0  printfa.o(i.__0printf)
    __c89printf                              0x0001bed5   Thumb Code     0  printfa.o(i.__0printf)
    printf                                   0x0001bed5   Thumb Code     0  printfa.o(i.__0printf)
    __scatterload_copy                       0x0001bef5   Thumb Code    14  handlers.o(i.__scatterload_copy)
    __scatterload_null                       0x0001bf03   Thumb Code     2  handlers.o(i.__scatterload_null)
    __scatterload_zeroinit                   0x0001bf05   Thumb Code    14  handlers.o(i.__scatterload_zeroinit)
    adv_data_encode                          0x0001c7a7   Thumb Code   514  ble_advdata.o(i.adv_data_encode)
    app_button_enable                        0x0001ca01   Thumb Code    32  app_button.o(i.app_button_enable)
    app_button_init                          0x0001ca25   Thumb Code    96  app_button.o(i.app_button_init)
    app_error_fault_handler                  0x0001ca95   Thumb Code    26  app_error.o(i.app_error_fault_handler)
    app_error_handler_bare                   0x0001cab9   Thumb Code    20  app_error.o(i.app_error_handler_bare)
    app_fifo_get                             0x0001cacd   Thumb Code    22  app_fifo.o(i.app_fifo_get)
    app_fifo_init                            0x0001cae3   Thumb Code    32  app_fifo.o(i.app_fifo_init)
    app_fifo_put                             0x0001cb03   Thumb Code    26  app_fifo.o(i.app_fifo_put)
    app_timer_create                         0x0001cb1d   Thumb Code    32  app_timer.o(i.app_timer_create)
    app_timer_init                           0x0001cb41   Thumb Code   134  app_timer.o(i.app_timer_init)
    app_timer_start                          0x0001cbd1   Thumb Code   118  app_timer.o(i.app_timer_start)
    app_timer_stop                           0x0001cc51   Thumb Code    76  app_timer.o(i.app_timer_stop)
    app_uart_get                             0x0001cca1   Thumb Code    44  app_uart_fifo.o(i.app_uart_get)
    app_uart_init                            0x0001ccd5   Thumb Code   146  app_uart_fifo.o(i.app_uart_init)
    app_uart_put                             0x0001cd79   Thumb Code    34  app_uart_fifo.o(i.app_uart_put)
    ble_advdata_set                          0x0001ce1d   Thumb Code   104  ble_advdata.o(i.ble_advdata_set)
    ble_advertising_init                     0x0001ce85   Thumb Code   274  ble_advertising.o(i.ble_advertising_init)
    ble_advertising_on_ble_evt               0x0001cfa1   Thumb Code   122  ble_advertising.o(i.ble_advertising_on_ble_evt)
    ble_advertising_restart_without_whitelist 0x0001d031   Thumb Code    48  ble_advertising.o(i.ble_advertising_restart_without_whitelist)
    ble_advertising_start                    0x0001d069   Thumb Code   462  ble_advertising.o(i.ble_advertising_start)
    ble_conn_params_init                     0x0001d241   Thumb Code    72  ble_conn_params.o(i.ble_conn_params_init)
    ble_conn_params_on_ble_evt               0x0001d299   Thumb Code   126  ble_conn_params.o(i.ble_conn_params_on_ble_evt)
    ble_nus_init                             0x0001d3b1   Thumb Code    98  ble_nus.o(i.ble_nus_init)
    ble_nus_on_ble_evt                       0x0001d419   Thumb Code    82  ble_nus.o(i.ble_nus_on_ble_evt)
    ble_nus_string_send                      0x0001d46b   Thumb Code    78  ble_nus.o(i.ble_nus_string_send)
    bsp_btn_ble_init                         0x0001d515   Thumb Code    72  bsp_btn_ble.o(i.bsp_btn_ble_init)
    bsp_btn_ble_on_ble_evt                   0x0001d561   Thumb Code   106  bsp_btn_ble.o(i.bsp_btn_ble_on_ble_evt)
    bsp_btn_ble_sleep_mode_prepare           0x0001d5d1   Thumb Code    18  bsp_btn_ble.o(i.bsp_btn_ble_sleep_mode_prepare)
    bsp_button_is_pressed                    0x0001d68d   Thumb Code    34  bsp.o(i.bsp_button_is_pressed)
    bsp_event_handler                        0x0001d6b9   Thumb Code    54  main.o(i.bsp_event_handler)
    bsp_event_to_button_action_assign        0x0001d6f5   Thumb Code    64  bsp.o(i.bsp_event_to_button_action_assign)
    bsp_indication_set                       0x0001d739   Thumb Code    20  bsp.o(i.bsp_indication_set)
    bsp_init                                 0x0001d751   Thumb Code   144  bsp.o(i.bsp_init)
    bsp_wakeup_buttons_set                   0x0001da25   Thumb Code    54  bsp.o(i.bsp_wakeup_buttons_set)
    fputc                                    0x0001dd37   Thumb Code    14  retarget.o(i.fputc)
    intern_softdevice_events_execute         0x0001dd9d   Thumb Code   106  softdevice_handler.o(i.intern_softdevice_events_execute)
    main                                     0x0001e019   Thumb Code   632  main.o(i.main)
    nrf_delay_ms                             0x0001e3dd   Thumb Code    26  nrf_delay.o(i.nrf_delay_ms)
    nrf_drv_common_irq_enable                0x0001e3f7   Thumb Code    56  nrf_drv_common.o(i.nrf_drv_common_irq_enable)
    nrf_drv_gpiote_in_event_enable           0x0001e431   Thumb Code   150  nrf_drv_gpiote.o(i.nrf_drv_gpiote_in_event_enable)
    nrf_drv_gpiote_in_init                   0x0001e4d5   Thumb Code   170  nrf_drv_gpiote.o(i.nrf_drv_gpiote_in_init)
    nrf_drv_gpiote_in_is_set                 0x0001e58d   Thumb Code    16  nrf_drv_gpiote.o(i.nrf_drv_gpiote_in_is_set)
    nrf_drv_gpiote_init                      0x0001e5a1   Thumb Code    76  nrf_drv_gpiote.o(i.nrf_drv_gpiote_init)
    nrf_drv_gpiote_is_init                   0x0001e5f5   Thumb Code    14  nrf_drv_gpiote.o(i.nrf_drv_gpiote_is_init)
    nrf_drv_uart_init                        0x0001e609   Thumb Code   126  nrf_drv_uart.o(i.nrf_drv_uart_init)
    nrf_drv_uart_rx                          0x0001e69d   Thumb Code   132  nrf_drv_uart.o(i.nrf_drv_uart_rx)
    nrf_drv_uart_rx_enable                   0x0001e729   Thumb Code    26  nrf_drv_uart.o(i.nrf_drv_uart_rx_enable)
    nrf_drv_uart_tx                          0x0001e875   Thumb Code   128  nrf_drv_uart.o(i.nrf_drv_uart_tx)
    pstorage_access_status_get               0x0001ec01   Thumb Code    28  pstorage.o(i.pstorage_access_status_get)
    sd_check_ram_start                       0x0001eda9   Thumb Code    10  softdevice_handler.o(i.sd_check_ram_start)
    shiftRegInit                             0x0001ee41   Thumb Code   102  shiftreg.o(i.shiftRegInit)
    shiftRegLatch                            0x0001eea7   Thumb Code    30  shiftreg.o(i.shiftRegLatch)
    shiftRegPulse                            0x0001eec5   Thumb Code    18  shiftreg.o(i.shiftRegPulse)
    shiftRegWrite                            0x0001eed7   Thumb Code    98  shiftreg.o(i.shiftRegWrite)
    softdevice_ble_evt_handler_set           0x0001ef61   Thumb Code    14  softdevice_handler.o(i.softdevice_ble_evt_handler_set)
    softdevice_enable                        0x0001ef75   Thumb Code    14  softdevice_handler.o(i.softdevice_enable)
    softdevice_enable_get_default_config     0x0001ef89   Thumb Code    38  softdevice_handler.o(i.softdevice_enable_get_default_config)
    softdevice_fault_handler                 0x0001efaf   Thumb Code     4  softdevice_handler.o(i.softdevice_fault_handler)
    softdevice_handler_init                  0x0001efb5   Thumb Code    38  softdevice_handler.o(i.softdevice_handler_init)
    testFunksjon                             0x0001efe5   Thumb Code    24  shiftreg.o(i.testFunksjon)
    uart_event_handle                        0x0001f239   Thumb Code    84  main.o(i.uart_event_handle)
    Region$$Table$$Base                      0x0001f774   Number         0  anon$$obj.o(Region$$Table)
    Region$$Table$$Limit                     0x0001f794   Number         0  anon$$obj.o(Region$$Table)
    Image$$RW_IRAM1$$Base                    0x20001f00   Number         0  anon$$obj.o ABSOLUTE
    btn1_counter                             0x20001f00   Data           1  main.o(.data)
    btn2_counter                             0x20001f01   Data           1  main.o(.data)
    btn3_counter                             0x20001f02   Data           1  main.o(.data)
    btn4_counter                             0x20001f03   Data           1  main.o(.data)
    btn5_counter                             0x20001f04   Data           1  main.o(.data)
    btn6_counter                             0x20001f05   Data           1  main.o(.data)
    knappSjekk                               0x20001f06   Data           1  main.o(.data)
    solution                                 0x20001f0e   Data           7  main.o(.data)
    ledMatriseA                              0x20001f15   Data           7  main.o(.data)
    ledMatriseB                              0x20001f1c   Data           7  main.o(.data)
    test                                     0x20001f23   Data           8  main.o(.data)
    __stdout                                 0x20001fe0   Data           4  retarget.o(.data)
    SystemCoreClock                          0x20001ff8   Data           4  system_nrf52.o(.data)
    __initial_sp                             0x20004778   Data           0  arm_startup_nrf52.o(STACK)



==============================================================================

Memory Map of the image

  Image Entry point : 0x0001b401

  Load Region LR_IROM1 (Base: 0x0001b000, Size: 0x00004890, Max: 0x00065000, ABSOLUTE)

    Execution Region ER_IROM1 (Base: 0x0001b000, Size: 0x00004794, Max: 0x00065000, ABSOLUTE)

    Base Addr    Size         Type   Attr      Idx    E Section Name        Object

    0x0001b000   0x00000400   Data   RO         2467    RESET               arm_startup_nrf52.o
    0x0001b400   0x00000000   Code   RO         2508  * .ARM.Collect$$$$00000000  mc_w.l(entry.o)
    0x0001b400   0x00000004   Code   RO         2782    .ARM.Collect$$$$00000001  mc_w.l(entry2.o)
    0x0001b404   0x00000004   Code   RO         2785    .ARM.Collect$$$$00000004  mc_w.l(entry5.o)
    0x0001b408   0x00000000   Code   RO         2787    .ARM.Collect$$$$00000008  mc_w.l(entry7b.o)
    0x0001b408   0x00000000   Code   RO         2789    .ARM.Collect$$$$0000000A  mc_w.l(entry8b.o)
    0x0001b408   0x00000008   Code   RO         2790    .ARM.Collect$$$$0000000B  mc_w.l(entry9a.o)
    0x0001b410   0x00000000   Code   RO         2792    .ARM.Collect$$$$0000000D  mc_w.l(entry10a.o)
    0x0001b410   0x00000000   Code   RO         2794    .ARM.Collect$$$$0000000F  mc_w.l(entry11a.o)
    0x0001b410   0x00000004   Code   RO         2783    .ARM.Collect$$$$00002712  mc_w.l(entry2.o)
    0x0001b414   0x00000076   Code   RO          931    .emb_text           nrf_delay.o
    0x0001b48a   0x00000002   PAD
    0x0001b48c   0x00000076   Code   RO         1973    .emb_text           app_timer.o
    0x0001b502   0x00000002   PAD
    0x0001b504   0x00000024   Code   RO         2468    .text               arm_startup_nrf52.o
    0x0001b528   0x00000024   Code   RO         2511    .text               mc_w.l(memcpya.o)
    0x0001b54c   0x00000024   Code   RO         2513    .text               mc_w.l(memseta.o)
    0x0001b570   0x0000002c   Code   RO         2796    .text               mc_w.l(uidiv.o)
    0x0001b59c   0x00000062   Code   RO         2798    .text               mc_w.l(uldiv.o)
    0x0001b5fe   0x00000000   Code   RO         2800    .text               mc_w.l(iusefp.o)
    0x0001b5fe   0x0000014e   Code   RO         2801    .text               mf_w.l(dadd.o)
    0x0001b74c   0x000000e4   Code   RO         2803    .text               mf_w.l(dmul.o)
    0x0001b830   0x000000de   Code   RO         2805    .text               mf_w.l(ddiv.o)
    0x0001b90e   0x00000030   Code   RO         2807    .text               mf_w.l(dfixul.o)
    0x0001b93e   0x00000002   PAD
    0x0001b940   0x00000030   Code   RO         2809    .text               mf_w.l(cdrcmple.o)
    0x0001b970   0x00000024   Code   RO         2811    .text               mc_w.l(init.o)
    0x0001b994   0x0000001e   Code   RO         2813    .text               mc_w.l(llshl.o)
    0x0001b9b2   0x00000020   Code   RO         2815    .text               mc_w.l(llushr.o)
    0x0001b9d2   0x00000024   Code   RO         2817    .text               mc_w.l(llsshr.o)
    0x0001b9f6   0x000000ba   Code   RO         2819    .text               mf_w.l(depilogue.o)
    0x0001bab0   0x00000104   Code   RO          997    i.GPIOTE_IRQHandler  nrf_drv_gpiote.o
    0x0001bbb4   0x00000016   Code   RO         1974    i.NVIC_ClearPendingIRQ  app_timer.o
    0x0001bbca   0x00000016   Code   RO         1975    i.NVIC_EnableIRQ    app_timer.o
    0x0001bbe0   0x00000016   Code   RO         1976    i.NVIC_SetPendingIRQ  app_timer.o
    0x0001bbf6   0x00000020   Code   RO         1977    i.NVIC_SetPriority  app_timer.o
    0x0001bc16   0x00000002   PAD
    0x0001bc18   0x00000024   Code   RO         1978    i.RTC1_IRQHandler   app_timer.o
    0x0001bc3c   0x00000004   Code   RO         1979    i.SWI0_EGU0_IRQHandler  app_timer.o
    0x0001bc40   0x00000024   Code   RO         2289    i.SWI2_EGU2_IRQHandler  softdevice_handler.o
    0x0001bc64   0x0000025c   Code   RO         2476    i.SystemInit        system_nrf52.o
    0x0001bec0   0x00000014   Code   RO         1196    i.UARTE0_UART0_IRQHandler  nrf_drv_uart.o
    0x0001bed4   0x00000020   Code   RO         2754    i.__0printf         mc_w.l(printfa.o)
    0x0001bef4   0x0000000e   Code   RO         2823    i.__scatterload_copy  mc_w.l(handlers.o)
    0x0001bf02   0x00000002   Code   RO         2824    i.__scatterload_null  mc_w.l(handlers.o)
    0x0001bf04   0x0000000e   Code   RO         2825    i.__scatterload_zeroinit  mc_w.l(handlers.o)
    0x0001bf12   0x00000002   PAD
    0x0001bf14   0x00000164   Code   RO         2761    i._fp_digits        mc_w.l(printfa.o)
    0x0001c078   0x000006dc   Code   RO         2762    i._printf_core      mc_w.l(printfa.o)
    0x0001c754   0x00000024   Code   RO         2763    i._printf_post_padding  mc_w.l(printfa.o)
    0x0001c778   0x0000002e   Code   RO         2764    i._printf_pre_padding  mc_w.l(printfa.o)
    0x0001c7a6   0x00000202   Code   RO          476    i.adv_data_encode   ble_advdata.o
    0x0001c9a8   0x00000036   Code   RO          409    i.advertising_buttons_configure  bsp_btn_ble.o
    0x0001c9de   0x00000002   PAD
    0x0001c9e0   0x00000020   Code   RO          276    i.alert_timer_handler  bsp.o
    0x0001ca00   0x00000024   Code   RO         1788    i.app_button_enable  app_button.o
    0x0001ca24   0x00000070   Code   RO         1789    i.app_button_init   app_button.o
    0x0001ca94   0x00000024   Code   RO         1849    i.app_error_fault_handler  app_error.o
    0x0001cab8   0x00000014   Code   RO         1851    i.app_error_handler_bare  app_error.o
    0x0001cacc   0x00000016   Code   RO         1910    i.app_fifo_get      app_fifo.o
    0x0001cae2   0x00000020   Code   RO         1911    i.app_fifo_init     app_fifo.o
    0x0001cb02   0x0000001a   Code   RO         1912    i.app_fifo_put      app_fifo.o
    0x0001cb1c   0x00000024   Code   RO         1982    i.app_timer_create  app_timer.o
    0x0001cb40   0x00000090   Code   RO         1983    i.app_timer_init    app_timer.o
    0x0001cbd0   0x00000080   Code   RO         1984    i.app_timer_start   app_timer.o
    0x0001cc50   0x00000050   Code   RO         1985    i.app_timer_stop    app_timer.o
    0x0001cca0   0x00000034   Code   RO          840    i.app_uart_get      app_uart_fifo.o
    0x0001ccd4   0x000000a4   Code   RO          841    i.app_uart_init     app_uart_fifo.o
    0x0001cd78   0x0000002c   Code   RO          842    i.app_uart_put      app_uart_fifo.o
    0x0001cda4   0x00000078   Code   RO         1197    i.apply_config      nrf_drv_uart.o
    0x0001ce1c   0x00000068   Code   RO          477    i.ble_advdata_set   ble_advdata.o
    0x0001ce84   0x0000011c   Code   RO          570    i.ble_advertising_init  ble_advertising.o
    0x0001cfa0   0x00000080   Code   RO          571    i.ble_advertising_on_ble_evt  ble_advertising.o
    0x0001d020   0x00000010   Code   RO          574    i.ble_advertising_peer_address_clear  ble_advertising.o
    0x0001d030   0x00000038   Code   RO          575    i.ble_advertising_restart_without_whitelist  ble_advertising.o
    0x0001d068   0x000001d8   Code   RO          576    i.ble_advertising_start  ble_advertising.o
    0x0001d240   0x00000058   Code   RO          667    i.ble_conn_params_init  ble_conn_params.o
    0x0001d298   0x0000008c   Code   RO          668    i.ble_conn_params_on_ble_evt  ble_conn_params.o
    0x0001d324   0x0000005e   Code   RO          478    i.ble_device_addr_encode  ble_advdata.o
    0x0001d382   0x00000002   PAD
    0x0001d384   0x0000002c   Code   RO            6    i.ble_evt_dispatch  main.o
    0x0001d3b0   0x00000068   Code   RO          741    i.ble_nus_init      ble_nus.o
    0x0001d418   0x00000052   Code   RO          742    i.ble_nus_on_ble_evt  ble_nus.o
    0x0001d46a   0x0000004e   Code   RO          743    i.ble_nus_string_send  ble_nus.o
    0x0001d4b8   0x0000005c   Code   RO            7    i.ble_stack_init    main.o
    0x0001d514   0x0000004c   Code   RO          410    i.bsp_btn_ble_init  bsp_btn_ble.o
    0x0001d560   0x00000070   Code   RO          411    i.bsp_btn_ble_on_ble_evt  bsp_btn_ble.o
    0x0001d5d0   0x00000012   Code   RO          412    i.bsp_btn_ble_sleep_mode_prepare  bsp_btn_ble.o
    0x0001d5e2   0x00000002   PAD
    0x0001d5e4   0x000000a8   Code   RO          277    i.bsp_button_event_handler  bsp.o
    0x0001d68c   0x0000002c   Code   RO          278    i.bsp_button_is_pressed  bsp.o
    0x0001d6b8   0x0000003c   Code   RO            8    i.bsp_event_handler  main.o
    0x0001d6f4   0x00000044   Code   RO          282    i.bsp_event_to_button_action_assign  bsp.o
    0x0001d738   0x00000018   Code   RO          283    i.bsp_indication_set  bsp.o
    0x0001d750   0x000000a8   Code   RO          285    i.bsp_init          bsp.o
    0x0001d7f8   0x0000022c   Code   RO          286    i.bsp_led_indication  bsp.o
    0x0001da24   0x0000003c   Code   RO          287    i.bsp_wakeup_buttons_set  bsp.o
    0x0001da60   0x00000008   Code   RO          288    i.button_timer_handler  bsp.o
    0x0001da68   0x0000001c   Code   RO          998    i.channel_free      nrf_drv_gpiote.o
    0x0001da84   0x00000048   Code   RO          999    i.channel_port_alloc  nrf_drv_gpiote.o
    0x0001dacc   0x00000010   Code   RO         1000    i.channel_port_get  nrf_drv_gpiote.o
    0x0001dadc   0x000000ac   Code   RO         1987    i.compare_reg_update  app_timer.o
    0x0001db88   0x00000088   Code   RO          479    i.conn_int_encode   ble_advdata.o
    0x0001dc10   0x00000004   Code   RO            9    i.conn_params_error_handler  main.o
    0x0001dc14   0x0000005c   Code   RO          670    i.conn_params_negotiation  ble_conn_params.o
    0x0001dc70   0x00000060   Code   RO         1791    i.detection_delay_timeout_handler  app_button.o
    0x0001dcd0   0x00000040   Code   RO         1988    i.elapsed_ticks_acquire  app_timer.o
    0x0001dd10   0x00000014   Code   RO         1915    i.fifo_get          app_fifo.o
    0x0001dd24   0x00000012   Code   RO         1916    i.fifo_put          app_fifo.o
    0x0001dd36   0x0000000e   Code   RO         2252    i.fputc             retarget.o
    0x0001dd44   0x00000058   Code   RO         1792    i.gpiote_event_handler  app_button.o
    0x0001dd9c   0x00000070   Code   RO         2290    i.intern_softdevice_events_execute  softdevice_handler.o
    0x0001de0c   0x0000001c   Code   RO          671    i.is_conn_params_ok  ble_conn_params.o
    0x0001de28   0x00000054   Code   RO          480    i.le_role_encode    ble_advdata.o
    0x0001de7c   0x00000014   Code   RO          289    i.leds_timer_handler  bsp.o
    0x0001de90   0x000000bc   Code   RO         1989    i.list_deletions_handler  app_timer.o
    0x0001df4c   0x000000cc   Code   RO         1990    i.list_insertions_handler  app_timer.o
    0x0001e018   0x000002c4   Code   RO           10    i.main              main.o
    0x0001e2dc   0x00000064   Code   RO          481    i.manuf_specific_data_encode  ble_advdata.o
    0x0001e340   0x0000009c   Code   RO          482    i.name_encode       ble_advdata.o
    0x0001e3dc   0x0000001a   Code   RO          932    i.nrf_delay_ms      nrf_delay.o
    0x0001e3f6   0x00000038   Code   RO          959    i.nrf_drv_common_irq_enable  nrf_drv_common.o
    0x0001e42e   0x00000002   PAD
    0x0001e430   0x000000a4   Code   RO         1003    i.nrf_drv_gpiote_in_event_enable  nrf_drv_gpiote.o
    0x0001e4d4   0x000000b8   Code   RO         1004    i.nrf_drv_gpiote_in_init  nrf_drv_gpiote.o
    0x0001e58c   0x00000014   Code   RO         1005    i.nrf_drv_gpiote_in_is_set  nrf_drv_gpiote.o
    0x0001e5a0   0x00000054   Code   RO         1007    i.nrf_drv_gpiote_init  nrf_drv_gpiote.o
    0x0001e5f4   0x00000014   Code   RO         1008    i.nrf_drv_gpiote_is_init  nrf_drv_gpiote.o
    0x0001e608   0x00000094   Code   RO         1199    i.nrf_drv_uart_init  nrf_drv_uart.o
    0x0001e69c   0x0000008c   Code   RO         1200    i.nrf_drv_uart_rx   nrf_drv_uart.o
    0x0001e728   0x00000020   Code   RO         1203    i.nrf_drv_uart_rx_enable  nrf_drv_uart.o
    0x0001e748   0x0000009c   Code   RO         1204    i.nrf_drv_uart_rx_for_uart  nrf_drv_uart.o
    0x0001e7e4   0x00000090   Code   RO         1205    i.nrf_drv_uart_rx_for_uarte  nrf_drv_uart.o
    0x0001e874   0x00000088   Code   RO         1206    i.nrf_drv_uart_tx   nrf_drv_uart.o
    0x0001e8fc   0x00000080   Code   RO         1208    i.nrf_drv_uart_tx_for_uart  nrf_drv_uart.o
    0x0001e97c   0x00000022   Code   RO         1020    i.nrf_gpio_cfg      nrf_drv_gpiote.o
    0x0001e99e   0x00000022   Code   RO         1210    i.nrf_gpio_cfg      nrf_drv_uart.o
    0x0001e9c0   0x00000022   Code   RO         2390    i.nrf_gpio_cfg      shiftreg.o
    0x0001e9e2   0x00000012   Code   RO         1212    i.nrf_gpio_cfg_input  nrf_drv_uart.o
    0x0001e9f4   0x00000012   Code   RO         2391    i.nrf_gpio_cfg_input  shiftreg.o
    0x0001ea06   0x00000014   Code   RO         1213    i.nrf_gpio_cfg_output  nrf_drv_uart.o
    0x0001ea1a   0x00000014   Code   RO         2392    i.nrf_gpio_cfg_output  shiftreg.o
    0x0001ea2e   0x0000001c   Code   RO         1022    i.nrf_gpio_cfg_sense_set  nrf_drv_gpiote.o
    0x0001ea4a   0x00000002   PAD
    0x0001ea4c   0x00000010   Code   RO         2393    i.nrf_gpio_pin_clear  shiftreg.o
    0x0001ea5c   0x00000010   Code   RO           11    i.nrf_gpio_pin_read  main.o
    0x0001ea6c   0x00000010   Code   RO         2394    i.nrf_gpio_pin_set  shiftreg.o
    0x0001ea7c   0x00000014   Code   RO         1023    i.nrf_gpiote_event_clear  nrf_drv_gpiote.o
    0x0001ea90   0x00000010   Code   RO         1024    i.nrf_gpiote_event_is_set  nrf_drv_gpiote.o
    0x0001eaa0   0x0000000a   Code   RO         1214    i.nrf_uart_event_check  nrf_drv_uart.o
    0x0001eaaa   0x0000000c   Code   RO         1215    i.nrf_uart_int_enable_check  nrf_drv_uart.o
    0x0001eab6   0x0000000a   Code   RO         1216    i.nrf_uarte_event_check  nrf_drv_uart.o
    0x0001eac0   0x00000058   Code   RO           12    i.nus_data_handler  main.o
    0x0001eb18   0x00000024   Code   RO           13    i.on_adv_evt        main.o
    0x0001eb3c   0x00000064   Code   RO           14    i.on_ble_evt        main.o
    0x0001eba0   0x0000001c   Code   RO           15    i.on_conn_params_evt  main.o
    0x0001ebbc   0x00000014   Code   RO          578    i.peer_address_exists  ble_advertising.o
    0x0001ebd0   0x00000018   Code   RO         1025    i.pin_in_use_by_port  nrf_drv_gpiote.o
    0x0001ebe8   0x00000018   Code   RO         1026    i.pin_in_use_by_te  nrf_drv_gpiote.o
    0x0001ec00   0x00000024   Code   RO         1409    i.pstorage_access_status_get  pstorage.o
    0x0001ec24   0x0000003c   Code   RO         1991    i.rtc1_stop         app_timer.o
    0x0001ec60   0x00000030   Code   RO         1218    i.rx_byte           nrf_drv_uart.o
    0x0001ec90   0x000000de   Code   RO          744    i.rx_char_add       ble_nus.o
    0x0001ed6e   0x00000002   PAD
    0x0001ed70   0x00000020   Code   RO         1219    i.rx_done_event     nrf_drv_uart.o
    0x0001ed90   0x00000018   Code   RO         1220    i.rx_enable         nrf_drv_uart.o
    0x0001eda8   0x00000010   Code   RO         2291    i.sd_check_ram_start  softdevice_handler.o
    0x0001edb8   0x00000088   Code   RO          483    i.service_data_encode  ble_advdata.o
    0x0001ee40   0x00000066   Code   RO         2395    i.shiftRegInit      shiftreg.o
    0x0001eea6   0x0000001e   Code   RO         2396    i.shiftRegLatch     shiftreg.o
    0x0001eec4   0x00000012   Code   RO         2397    i.shiftRegPulse     shiftreg.o
    0x0001eed6   0x00000062   Code   RO         2398    i.shiftRegWrite     shiftreg.o
    0x0001ef38   0x00000028   Code   RO           16    i.sleep_mode_enter  main.o
    0x0001ef60   0x00000014   Code   RO         2292    i.softdevice_ble_evt_handler_set  softdevice_handler.o
    0x0001ef74   0x00000014   Code   RO         2293    i.softdevice_enable  softdevice_handler.o
    0x0001ef88   0x00000026   Code   RO         2294    i.softdevice_enable_get_default_config  softdevice_handler.o
    0x0001efae   0x00000004   Code   RO         2295    i.softdevice_fault_handler  softdevice_handler.o
    0x0001efb2   0x00000002   PAD
    0x0001efb4   0x00000030   Code   RO         2296    i.softdevice_handler_init  softdevice_handler.o
    0x0001efe4   0x0000001c   Code   RO         2399    i.testFunksjon      shiftreg.o
    0x0001f000   0x0000008c   Code   RO         1992    i.timer_list_handler  app_timer.o
    0x0001f08c   0x0000003c   Code   RO         1993    i.timer_list_insert  app_timer.o
    0x0001f0c8   0x00000084   Code   RO         1994    i.timer_timeouts_check  app_timer.o
    0x0001f14c   0x00000024   Code   RO         1221    i.tx_byte           nrf_drv_uart.o
    0x0001f170   0x000000a2   Code   RO          745    i.tx_char_add       ble_nus.o
    0x0001f212   0x00000002   PAD
    0x0001f214   0x00000024   Code   RO         1222    i.tx_done_event     nrf_drv_uart.o
    0x0001f238   0x0000005c   Code   RO           17    i.uart_event_handle  main.o
    0x0001f294   0x000000a8   Code   RO          843    i.uart_event_handler  app_uart_fifo.o
    0x0001f33c   0x00000108   Code   RO         1223    i.uart_irq_handler  nrf_drv_uart.o
    0x0001f444   0x000000d8   Code   RO         1224    i.uarte_irq_handler  nrf_drv_uart.o
    0x0001f51c   0x0000000a   Code   RO          484    i.uint16_encode     ble_advdata.o
    0x0001f526   0x00000002   PAD
    0x0001f528   0x00000060   Code   RO          672    i.update_timeout_handler  ble_conn_params.o
    0x0001f588   0x00000044   Code   RO         1995    i.user_id_get       app_timer.o
    0x0001f5cc   0x00000028   Code   RO         1996    i.user_op_alloc     app_timer.o
    0x0001f5f4   0x00000030   Code   RO          485    i.uuid_list_encode  ble_advdata.o
    0x0001f624   0x0000009e   Code   RO          486    i.uuid_list_sized_encode  ble_advdata.o
    0x0001f6c2   0x0000000e   Code   RO          579    i.whitelist_has_entries  ble_advertising.o
    0x0001f6d0   0x0000000c   Data   RO           19    .constdata          main.o
    0x0001f6dc   0x0000003c   Data   RO          294    .constdata          bsp.o
    0x0001f718   0x00000004   Data   RO          675    .constdata          ble_conn_params.o
    0x0001f71c   0x00000010   Data   RO          746    .constdata          ble_nus.o
    0x0001f72c   0x00000020   Data   RO          845    .constdata          app_uart_fifo.o
    0x0001f74c   0x00000020   Data   RO         1226    .constdata          nrf_drv_uart.o
    0x0001f76c   0x00000008   Data   RO         1794    .constdata          app_button.o
    0x0001f774   0x00000020   Data   RO         2821    Region$$Table       anon$$obj.o


    Execution Region RW_IRAM1 (Base: 0x20001f00, Size: 0x00002878, Max: 0x00006100, ABSOLUTE)

    Base Addr    Size         Type   Attr      Idx    E Section Name        Object

    0x20001f00   0x0000002b   Data   RW           20    .data               main.o
    0x20001f2b   0x00000001   PAD
    0x20001f2c   0x00000018   Data   RW          295    .data               bsp.o
    0x20001f44   0x00000008   Data   RW          413    .data               bsp_btn_ble.o
    0x20001f4c   0x0000001f   Data   RW          581    .data               ble_advertising.o
    0x20001f6b   0x00000001   PAD
    0x20001f6c   0x00000014   Data   RW          676    .data               ble_conn_params.o
    0x20001f80   0x00000008   Data   RW          846    .data               app_uart_fifo.o
    0x20001f88   0x00000024   Data   RW         1434    .data               pstorage.o
    0x20001fac   0x00000014   Data   RW         1795    .data               app_button.o
    0x20001fc0   0x00000020   Data   RW         1997    .data               app_timer.o
    0x20001fe0   0x00000004   Data   RW         2253    .data               retarget.o
    0x20001fe4   0x00000014   Data   RW         2300    .data               softdevice_handler.o
    0x20001ff8   0x00000004   Data   RW         2477    .data               system_nrf52.o
    0x20001ffc   0x00000440   Zero   RW           18    .bss                main.o
    0x2000243c   0x00000020   Zero   RW          290    .bss                bsp.o
    0x2000245c   0x00000020   Zero   RW          291    .bss                bsp.o
    0x2000247c   0x0000000c   Zero   RW          292    .bss                bsp.o
    0x20002488   0x00000020   Zero   RW          293    .bss                bsp.o
    0x200024a8   0x00000103   Zero   RW          580    .bss                ble_advertising.o
    0x200025ab   0x00000001   PAD
    0x200025ac   0x00000020   Zero   RW          673    .bss                ble_conn_params.o
    0x200025cc   0x0000001c   Zero   RW          674    .bss                ble_conn_params.o
    0x200025e8   0x00000020   Zero   RW          844    .bss                app_uart_fifo.o
    0x20002608   0x00000058   Zero   RW         1027    .bss                nrf_drv_gpiote.o
    0x20002660   0x00000020   Zero   RW         1225    .bss                nrf_drv_uart.o
    0x20002680   0x000000d8   Zero   RW         1432    .bss                pstorage.o
    0x20002758   0x00000020   Zero   RW         1793    .bss                app_button.o
    0x20002778   0x00002000   Zero   RW         2465    STACK               arm_startup_nrf52.o


==============================================================================

Image component sizes


      Code (inc. data)   RO Data    RW Data    ZI Data      Debug   Object Name

       332         34          8         20         32       9710   app_button.o
        56         10          0          0          0      29398   app_error.o
       118          0          0          0          0       4166   app_fifo.o
      1772        100          0         32          0      50307   app_timer.o
       428         44         32          8         32      13774   app_uart_fifo.o
        36         10       1024          0       8192        852   arm_startup_nrf52.o
      1540          0          0          0          0      19188   ble_advdata.o
       990         38          0         31        259      13344   ble_advertising.o
       444         56          4         20         60      13064   ble_conn_params.o
       648          6         16          0          0       6634   ble_nus.o
      1148        108         60         24        108      22821   bsp.o
       260         10          0          8          0      36121   bsp_btn_ble.o
      1308        126         12         43       1088     102554   main.o
       144          0          0          0          0       1811   nrf_delay.o
        56          0          0          0          0      28787   nrf_drv_common.o
       994         92          0          0         88      23308   nrf_drv_gpiote.o
      1784        144         32          0         32      34783   nrf_drv_uart.o
        36          8          0         36        216      10209   pstorage.o
        14          0          0          4          0       2762   retarget.o
       380         16          0          0          0       9284   shiftreg.o
       294         38          0         20          0      13784   softdevice_handler.o
       604         42          0          4          0       2399   system_nrf52.o

    ----------------------------------------------------------------------
     13410        882       1220        252      10108     449060   Object Totals
         0          0         32          0          0          0   (incl. Generated)
        24          0          0          2          1          0   (incl. Padding)

    ----------------------------------------------------------------------

      Code (inc. data)   RO Data    RW Data    ZI Data      Debug   Library Member Name

         0          0          0          0          0          0   entry.o
         0          0          0          0          0          0   entry10a.o
         0          0          0          0          0          0   entry11a.o
         8          4          0          0          0          0   entry2.o
         4          0          0          0          0          0   entry5.o
         0          0          0          0          0          0   entry7b.o
         0          0          0          0          0          0   entry8b.o
         8          4          0          0          0          0   entry9a.o
        30          0          0          0          0          0   handlers.o
        36          8          0          0          0         68   init.o
         0          0          0          0          0          0   iusefp.o
        30          0          0          0          0         68   llshl.o
        36          0          0          0          0         68   llsshr.o
        32          0          0          0          0         68   llushr.o
        36          0          0          0          0         68   memcpya.o
        36          0          0          0          0        108   memseta.o
      2226         90          0          0          0        444   printfa.o
        44          0          0          0          0         80   uidiv.o
        98          0          0          0          0         92   uldiv.o
        48          0          0          0          0         68   cdrcmple.o
       334          0          0          0          0        148   dadd.o
       222          0          0          0          0        100   ddiv.o
       186          0          0          0          0        176   depilogue.o
        48          0          0          0          0         68   dfixul.o
       228          0          0          0          0         96   dmul.o

    ----------------------------------------------------------------------
      3694        106          0          0          0       1720   Library Totals
         4          0          0          0          0          0   (incl. Padding)

    ----------------------------------------------------------------------

      Code (inc. data)   RO Data    RW Data    ZI Data      Debug   Library Name

      2624        106          0          0          0       1064   mc_w.l
      1066          0          0          0          0        656   mf_w.l

    ----------------------------------------------------------------------
      3694        106          0          0          0       1720   Library Totals

    ----------------------------------------------------------------------

==============================================================================


      Code (inc. data)   RO Data    RW Data    ZI Data      Debug   

     17104        988       1220        252      10108     435600   Grand Totals
     17104        988       1220        252      10108     435600   ELF Image Totals
     17104        988       1220        252          0          0   ROM Totals

==============================================================================

    Total RO  Size (Code + RO Data)                18324 (  17.89kB)
    Total RW  Size (RW Data + ZI Data)             10360 (  10.12kB)
    Total ROM Size (Code + RO Data + RW Data)      18576 (  18.14kB)

==============================================================================

